******************************************************************************
                  TI ARM Linker PC v20.2.6                     
******************************************************************************
>> Linked Wed Feb 22 14:29:53 2023

OUTPUT FILE NAME:   <Lab3.out>
ENTRY POINT SYMBOL: "_c_int00_noargs"  address: 000031cd


MEMORY CONFIGURATION

         name            origin    length      used     unused   attr    fill
----------------------  --------  ---------  --------  --------  ----  --------
  FLASH                 00000000   00040000  000034f1  0003cb0f  R  X
  SRAM                  20000000   00008000  0000231e  00005ce2  RW X


SEGMENT ALLOCATION MAP

run origin  load origin   length   init length attrs members
----------  ----------- ---------- ----------- ----- -------
00000000    00000000    000034f8   000034f8    r-x
  00000000    00000000    0000026c   0000026c    r-- .intvecs
  0000026c    0000026c    0000313c   0000313c    r-x .text
  000033a8    000033a8    00000109   00000109    r-- .const
  000034b8    000034b8    00000040   00000040    r-- .cinit
20000000    20000000    00002325   00000000    rw-
  20000000    20000000    0000026c   00000000    rw- .vtable
  20000270    20000270    00001000   00000000    rw- .stack
  20001270    20001270    00001000   00000000    rw- .sysmem
  20002270    20002270    000000a5   00000000    rw- .bss
  20002318    20002318    0000000d   00000000    rw- .data


SECTION ALLOCATION MAP

 output                                  attributes/
section   page    origin      length       input sections
--------  ----  ----------  ----------   ----------------
.intvecs   0    00000000    0000026c     
                  00000000    0000026c     tm4c123gh6pm_startup_ccs.obj (.intvecs)

.text      0    0000026c    0000313c     
                  0000026c    00000a4e     rtsv7M4_T_le_v4SPD16_eabi.lib : _printfi.c.obj (.text:__TI_printfi)
                  00000cba    00000002                                   : div0.asm.obj (.text)
                  00000cbc    00000448     main.obj (.text)
                  00001104    00000328     lcd.obj (.text)
                  0000142c    00000270     rtsv7M4_T_le_v4SPD16_eabi.lib : _printfi.c.obj (.text:_pconv_a)
                  0000169c    00000260     libcybotScan.lib : cyBot_Scan.obj (.text)
                  000018fc    00000248     Timer.obj (.text)
                  00001b44    000001ec     libcybotScan.lib : ping.obj (.text)
                  00001d30    000001d0     rtsv7M4_T_le_v4SPD16_eabi.lib : _printfi.c.obj (.text:_pconv_g)
                  00001f00    000001b6                                   : fd_add_t2.asm.obj (.text)
                  000020b6    00000002     --HOLE-- [fill = 0]
                  000020b8    0000015c     libcybotUART.lib : uart.obj (.text)
                  00002214    00000158     libcybotScan.lib : servo.obj (.text)
                  0000236c    0000013c     rtsv7M4_T_le_v4SPD16_eabi.lib : _printfi.c.obj (.text:_pconv_e)
                  000024a8    00000136                                   : fd_div_t2.asm.obj (.text)
                  000025de    00000002     --HOLE-- [fill = 0]
                  000025e0    00000124                                   : _printfi.c.obj (.text:fcvt)
                  00002704    00000118     libcybotScan.lib : ir.obj (.text)
                  0000281c    00000110     rtsv7M4_T_le_v4SPD16_eabi.lib : s_scalbn.c.obj (.text:scalbn)
                  0000292c    000000fc                                   : fd_mul_t2.asm.obj (.text)
                  00002a28    000000b1                                   : _printfi.c.obj (.text:_ltostr)
                  00002ad9    00000001     --HOLE-- [fill = 0]
                  00002ada    0000009c                                   : memcpy_t2.asm.obj (.text)
                  00002b76    00000096                                   : ull_div_t2.asm.obj (.text)
                  00002c0c    00000086                                   : fd_cmp_t2.asm.obj (.text:__aeabi_cdcmple)
                  00002c92    00000086                                   : fd_cmp_t2.asm.obj (.text:__aeabi_cdrcmple)
                  00002d18    0000007a                                   : memset_t2.asm.obj (.text)
                  00002d92    0000006e                                   : _printfi.c.obj (.text:_mcpy)
                  00002e00    00000068                                   : copy_decompress_lzss.c.obj (.text:decompress:lzss:__TI_decompress_lzss)
                  00002e68    00000064                                   : s_frexp.c.obj (.text:frexp)
                  00002ecc    00000056                                   : _printfi.c.obj (.text:_pconv_f)
                  00002f22    00000054                                   : _ltoa.c.obj (.text:__TI_ltoa)
                  00002f76    00000052                                   : _printfi.c.obj (.text:_ecpy)
                  00002fc8    0000004c                                   : atoi.c.obj (.text:atoi)
                  00003014    00000048                                   : fd_toi_t2.asm.obj (.text)
                  0000305c    00000044                                   : autoinit.c.obj (.text:__TI_auto_init_nobinit_nopinit:__TI_auto_init_nobinit_nopinit)
                  000030a0    00000040                                   : sprintf.c.obj (.text:sprintf)
                  000030e0    00000040                                   : vsnprintf.c.obj (.text:vsnprintf)
                  00003120    0000003e                                   : _printfi.c.obj (.text:_fcpy)
                  0000315e    00000038                                   : fs_tod_t2.asm.obj (.text)
                  00003196    00000002     --HOLE-- [fill = 0]
                  00003198    00000034     driverlib.lib : interrupt.obj (.text:IntRegister)
                  000031cc    00000034     rtsv7M4_T_le_v4SPD16_eabi.lib : boot_cortex_m.c.obj (.text:_c_int00_noargs:_c_int00_noargs)
                  00003200    00000030                                   : vsnprintf.c.obj (.text:_outs)
                  00003230    0000002e                                   : i_tofd_t2.asm.obj (.text)
                  0000325e    0000001c                                   : copy_zero_init.c.obj (.text:decompress:ZI:__TI_zero_init_nomemset:__TI_zero_init_nomemset)
                  0000327a    0000001c                                   : memccpy.c.obj (.text:memccpy)
                  00003296    0000001a                                   : s_copysign.c.obj (.text:copysign)
                  000032b0    00000018                                   : vsnprintf.c.obj (.text:_outc)
                  000032c8    00000018                                   : sprintf.c.obj (.text:_outs)
                  000032e0    00000018                                   : strcmp.c.obj (.text:strcmp)
                  000032f8    00000016                                   : strchr.c.obj (.text:strchr)
                  0000330e    00000014                                   : strcpy.c.obj (.text:strcpy)
                  00003322    00000014                                   : strlen.c.obj (.text:strlen)
                  00003336    00000012                                   : wcslen.c.obj (.text:wcslen)
                  00003348    00000010     driverlib.lib : interrupt.obj (.text:IntMasterEnable)
                  00003358    00000010     lcd.obj (.text:lcd_clear)
                  00003368    0000000e     rtsv7M4_T_le_v4SPD16_eabi.lib : copy_decompress_none.c.obj (.text:decompress:none:__TI_decompress_none)
                  00003376    0000000c     driverlib.lib : cpu.obj (.text:CPUcpsie)
                  00003382    0000000c     tm4c123gh6pm_startup_ccs.obj (.text)
                  0000338e    0000000a     rtsv7M4_T_le_v4SPD16_eabi.lib : sprintf.c.obj (.text:_outc)
                  00003398    00000008                                   : errno.c.obj (.text:__aeabi_errno_addr)
                  000033a0    00000004                                   : pre_init.c.obj (.text:_system_pre_init)
                  000033a4    00000004                                   : exit.c.obj (.text:abort:abort)

.const     0    000033a8    00000109     
                  000033a8    00000101     rtsv7M4_T_le_v4SPD16_eabi.lib : ctype.c.obj (.const:.string:_ctypes_)
                  000034a9    00000004     lcd.obj (.const:.string:lineAddress$1)
                  000034ad    00000004     lcd.obj (.const:.string:lineAddresses$2)

.cinit     0    000034b8    00000040     
                  000034b8    0000000c     (__TI_handler_table)
                  000034c4    00000004     --HOLE-- [fill = 0]
                  000034c8    00000008     (.cinit..bss.load) [load image, compression = zero_init]
                  000034d0    00000008     (.cinit..vtable.load) [load image, compression = zero_init]
                  000034d8    00000007     (.cinit..data.load) [load image, compression = lzss]
                  000034df    00000001     --HOLE-- [fill = 0]
                  000034e0    00000018     (__TI_cinit_table)

.init_array 
*          0    00000000    00000000     UNINITIALIZED

.vtable    0    20000000    0000026c     UNINITIALIZED
                  20000000    0000026c     driverlib.lib : interrupt.obj (.vtable)

.stack     0    20000270    00001000     UNINITIALIZED
                  20000270    00000004     rtsv7M4_T_le_v4SPD16_eabi.lib : boot_cortex_m.c.obj (.stack)
                  20000274    00000ffc     --HOLE--

.sysmem    0    20001270    00001000     UNINITIALIZED
                  20001270    00000010     rtsv7M4_T_le_v4SPD16_eabi.lib : memory.c.obj (.sysmem)
                  20001280    00000ff0     --HOLE--

.bss       0    20002270    000000a5     UNINITIALIZED
                  20002270    00000054     lcd.obj (.bss:lastbuffer$3)
                  200022c4    00000034     (.common:isr_char_buffer)
                  200022f8    00000004     (.common:_timeout_ticks)
                  200022fc    00000004     (.common:fallingEdge)
                  20002300    00000004     (.common:isr_int_value)
                  20002304    00000004     (.common:left_calibration_value)
                  20002308    00000004     (.common:pulseLength)
                  2000230c    00000004     (.common:right_calibration_value)
                  20002310    00000004     (.common:risingEdge)
                  20002314    00000001     (.common:isRisingEdge)

.data      0    20002318    0000000d     UNINITIALIZED
                  20002318    00000004     libcybotScan.lib : cyBot_Scan.obj (.data)
                  2000231c    00000004     libcybotUART.lib : uart.obj (.data)
                  20002320    00000004     rtsv7M4_T_le_v4SPD16_eabi.lib : errno.c.obj (.data)
                  20002324    00000001     Timer.obj (.data)

__llvm_prf_cnts 
*          0    20000000    00000000     UNINITIALIZED

MODULE SUMMARY

       Module                         code    ro data   rw data
       ------                         ----    -------   -------
    .\
       main.obj                       1096    0         8      
       lcd.obj                        824     8         84     
       tm4c123gh6pm_startup_ccs.obj   12      620       0      
       Timer.obj                      584     0         5      
    +--+------------------------------+-------+---------+---------+
       Total:                         2516    628       97     
                                                               
    ../libcybotScan.lib
       cyBot_Scan.obj                 608     0         4      
       ping.obj                       492     0         13     
       servo.obj                      344     0         0      
       ir.obj                         280     0         4      
    +--+------------------------------+-------+---------+---------+
       Total:                         1724    0         21     
                                                               
    ../libcybotUART.lib
       uart.obj                       348     0         56     
    +--+------------------------------+-------+---------+---------+
       Total:                         348     0         56     
                                                               
    C:/ti/TivaWare_C_Series-2.2.0.295/driverlib/ccs/Debug/driverlib.lib
       interrupt.obj                  68      0         620    
       cpu.obj                        12      0         0      
    +--+------------------------------+-------+---------+---------+
       Total:                         80      0         620    
                                                               
    C:\ti\ccs1200\ccs\tools\compiler\ti-cgt-arm_20.2.6.LTS\lib\rtsv7M4_T_le_v4SPD16_eabi.lib
       _printfi.c.obj                 4851    0         0      
       fd_add_t2.asm.obj              438     0         0      
       fd_div_t2.asm.obj              310     0         0      
       s_scalbn.c.obj                 272     0         0      
       fd_cmp_t2.asm.obj              268     0         0      
       ctype.c.obj                    0       257       0      
       fd_mul_t2.asm.obj              252     0         0      
       memcpy_t2.asm.obj              156     0         0      
       ull_div_t2.asm.obj             150     0         0      
       vsnprintf.c.obj                136     0         0      
       memset_t2.asm.obj              122     0         0      
       copy_decompress_lzss.c.obj     104     0         0      
       s_frexp.c.obj                  100     0         0      
       sprintf.c.obj                  98      0         0      
       _ltoa.c.obj                    84      0         0      
       atoi.c.obj                     76      0         0      
       fd_toi_t2.asm.obj              72      0         0      
       autoinit.c.obj                 68      0         0      
       fs_tod_t2.asm.obj              56      0         0      
       boot_cortex_m.c.obj            52      0         0      
       i_tofd_t2.asm.obj              46      0         0      
       copy_zero_init.c.obj           28      0         0      
       memccpy.c.obj                  28      0         0      
       s_copysign.c.obj               26      0         0      
       strcmp.c.obj                   24      0         0      
       strchr.c.obj                   22      0         0      
       strcpy.c.obj                   20      0         0      
       strlen.c.obj                   20      0         0      
       wcslen.c.obj                   18      0         0      
       copy_decompress_none.c.obj     14      0         0      
       errno.c.obj                    8       0         4      
       exit.c.obj                     4       0         0      
       pre_init.c.obj                 4       0         0      
       div0.asm.obj                   2       0         0      
    +--+------------------------------+-------+---------+---------+
       Total:                         7929    257       4      
                                                               
       Heap:                          0       0         4096   
       Stack:                         0       0         4096   
       Linker Generated:              0       59        0      
    +--+------------------------------+-------+---------+---------+
       Grand Total:                   12597   944       8990   


LINKER GENERATED COPY TABLES

__TI_cinit_table @ 000034e0 records: 3, size/record: 8, table size: 24
	.bss: load addr=000034c8, load size=00000008 bytes, run addr=20002270, run size=000000a5 bytes, compression=zero_init
	.vtable: load addr=000034d0, load size=00000008 bytes, run addr=20000000, run size=0000026c bytes, compression=zero_init
	.data: load addr=000034d8, load size=00000007 bytes, run addr=20002318, run size=0000000d bytes, compression=lzss


LINKER GENERATED HANDLER TABLE

__TI_handler_table @ 000034b8 records: 3, size/record: 4, table size: 12
	index: 0, handler: __TI_zero_init
	index: 1, handler: __TI_decompress_lzss
	index: 2, handler: __TI_decompress_none


GLOBAL SYMBOLS: SORTED ALPHABETICALLY BY Name 

address   name                          
-------   ----                          
0000279d  ADC0SS0_Handler               
000033a5  C$$EXIT                       
00003377  CPUcpsie                      
00003349  IntMasterEnable               
00003199  IntRegister                   
00003383  ResetISR                      
00001c35  TIMER3B_Handler               
20001270  __STACK_END                   
00001000  __STACK_SIZE                  
20000470  __STACK_TOP                   
00001000  __SYSMEM_SIZE                 
000034e0  __TI_CINIT_Base               
000034f8  __TI_CINIT_Limit              
000034b8  __TI_Handler_Table_Base       
000034c4  __TI_Handler_Table_Limit      
0000305d  __TI_auto_init_nobinit_nopinit
00002e01  __TI_decompress_lzss          
00003369  __TI_decompress_none          
00002f23  __TI_ltoa                     
ffffffff  __TI_pprof_out_hndl           
0000026d  __TI_printfi                  
ffffffff  __TI_prof_data_size           
ffffffff  __TI_prof_data_start          
00000000  __TI_static_base__            
0000325f  __TI_zero_init_nomemset       
00002c0d  __aeabi_cdcmpeq               
00002c0d  __aeabi_cdcmple               
00002c93  __aeabi_cdrcmple              
00003015  __aeabi_d2iz                  
00001f0b  __aeabi_dadd                  
000024a9  __aeabi_ddiv                  
0000292d  __aeabi_dmul                  
00001f01  __aeabi_dsub                  
00003399  __aeabi_errno_addr            
0000315f  __aeabi_f2d                   
00003231  __aeabi_i2d                   
00000cbb  __aeabi_idiv0                 
00000cbb  __aeabi_ldiv0                 
00002d19  __aeabi_memclr                
00002d19  __aeabi_memclr4               
00002d19  __aeabi_memclr8               
00002adb  __aeabi_memcpy                
00002adb  __aeabi_memcpy4               
00002adb  __aeabi_memcpy8               
00002d1b  __aeabi_memset                
00002d1b  __aeabi_memset4               
00002d1b  __aeabi_memset8               
00002b77  __aeabi_uldivmod              
ffffffff  __binit__                     
ffffffff  __c_args__                    
UNDEFED   __mpu_init                    
20000270  __stack                       
20000000  __start___llvm_prf_cnts       
20000000  __stop___llvm_prf_cnts        
000031cd  _c_int00_noargs               
000033a8  _ctypes_                      
20002324  _running                      
20001270  _sys_memory                   
UNDEFED   _system_post_cinit            
000033a1  _system_pre_init              
200022f8  _timeout_ticks                
000033a5  abort                         
00002fc9  atoi                          
ffffffff  binit                         
00003297  copysign                      
00003297  copysignl                     
00001775  cyBOT_SERVO_cal               
00001703  cyBOT_Scan                    
000016ab  cyBOT_init_Scan               
20002318  cyBOT_scan_features           
0000169d  cyBOT_scan_version            
000021c1  cyBot_UART1_Handler           
000021a7  cyBot_getByte                 
000020b9  cyBot_sendByte                
00002189  cyBot_uart_flush              
000020f7  cyBot_uart_init               
000020df  cyBot_uart_sendBuffer         
000020c5  cyBot_uart_sendStr            
20002320  errno                         
200022fc  fallingEdge                   
00002e69  frexp                         
00002e69  frexpl                        
20000000  g_pfnRAMVectors               
00000000  g_pfnVectors                  
000027b3  ir_enableInterrupt            
00002795  ir_getDistance                
0000276d  ir_getValue                   
00002705  ir_init                       
20002314  isRisingEdge                  
200022c4  isr_char_buffer               
2000231c  isr_counter                   
20002300  isr_int_value                 
00003359  lcd_clear                     
000012d9  lcd_gotoLine                  
00001141  lcd_init                      
0000133f  lcd_printf                    
00001201  lcd_putc                      
00001239  lcd_puts                      
00001105  lcd_reverseNibble             
00001257  lcd_sendCommand               
00001295  lcd_sendNibble                
00001301  lcd_setCursorPos              
0000281d  ldexp                         
0000281d  ldexpl                        
20002304  left_calibration_value        
00000cbd  main                          
0000327b  memccpy                       
00002adb  memcpy                        
00002d21  memset                        
00001c87  ping_getDistance              
00001b45  ping_init                     
00001bcb  ping_trigger                  
20002308  pulseLength                   
2000230c  right_calibration_value       
20002310  risingEdge                    
0000281d  scalbn                        
0000281d  scalbnl                       
00002215  servo_init                    
000022a5  servo_move                    
00002305  servo_setPWM                  
00002299  servo_stop                    
000030a1  sprintf                       
000032f9  strchr                        
000032e1  strcmp                        
0000330f  strcpy                        
00003323  strlen                        
00001a1b  timer_getMicros               
000019c3  timer_getMillis               
000018fd  timer_init                    
0000199f  timer_pause                   
000019b1  timer_resume                  
00001975  timer_stop                    
00001a75  timer_waitMicros              
00001aa7  timer_waitMillis              
000030e1  vsnprintf                     
00003337  wcslen                        


GLOBAL SYMBOLS: SORTED BY Symbol Address 

address   name                          
-------   ----                          
00000000  __TI_static_base__            
00000000  g_pfnVectors                  
0000026d  __TI_printfi                  
00000cbb  __aeabi_idiv0                 
00000cbb  __aeabi_ldiv0                 
00000cbd  main                          
00001000  __STACK_SIZE                  
00001000  __SYSMEM_SIZE                 
00001105  lcd_reverseNibble             
00001141  lcd_init                      
00001201  lcd_putc                      
00001239  lcd_puts                      
00001257  lcd_sendCommand               
00001295  lcd_sendNibble                
000012d9  lcd_gotoLine                  
00001301  lcd_setCursorPos              
0000133f  lcd_printf                    
0000169d  cyBOT_scan_version            
000016ab  cyBOT_init_Scan               
00001703  cyBOT_Scan                    
00001775  cyBOT_SERVO_cal               
000018fd  timer_init                    
00001975  timer_stop                    
0000199f  timer_pause                   
000019b1  timer_resume                  
000019c3  timer_getMillis               
00001a1b  timer_getMicros               
00001a75  timer_waitMicros              
00001aa7  timer_waitMillis              
00001b45  ping_init                     
00001bcb  ping_trigger                  
00001c35  TIMER3B_Handler               
00001c87  ping_getDistance              
00001f01  __aeabi_dsub                  
00001f0b  __aeabi_dadd                  
000020b9  cyBot_sendByte                
000020c5  cyBot_uart_sendStr            
000020df  cyBot_uart_sendBuffer         
000020f7  cyBot_uart_init               
00002189  cyBot_uart_flush              
000021a7  cyBot_getByte                 
000021c1  cyBot_UART1_Handler           
00002215  servo_init                    
00002299  servo_stop                    
000022a5  servo_move                    
00002305  servo_setPWM                  
000024a9  __aeabi_ddiv                  
00002705  ir_init                       
0000276d  ir_getValue                   
00002795  ir_getDistance                
0000279d  ADC0SS0_Handler               
000027b3  ir_enableInterrupt            
0000281d  ldexp                         
0000281d  ldexpl                        
0000281d  scalbn                        
0000281d  scalbnl                       
0000292d  __aeabi_dmul                  
00002adb  __aeabi_memcpy                
00002adb  __aeabi_memcpy4               
00002adb  __aeabi_memcpy8               
00002adb  memcpy                        
00002b77  __aeabi_uldivmod              
00002c0d  __aeabi_cdcmpeq               
00002c0d  __aeabi_cdcmple               
00002c93  __aeabi_cdrcmple              
00002d19  __aeabi_memclr                
00002d19  __aeabi_memclr4               
00002d19  __aeabi_memclr8               
00002d1b  __aeabi_memset                
00002d1b  __aeabi_memset4               
00002d1b  __aeabi_memset8               
00002d21  memset                        
00002e01  __TI_decompress_lzss          
00002e69  frexp                         
00002e69  frexpl                        
00002f23  __TI_ltoa                     
00002fc9  atoi                          
00003015  __aeabi_d2iz                  
0000305d  __TI_auto_init_nobinit_nopinit
000030a1  sprintf                       
000030e1  vsnprintf                     
0000315f  __aeabi_f2d                   
00003199  IntRegister                   
000031cd  _c_int00_noargs               
00003231  __aeabi_i2d                   
0000325f  __TI_zero_init_nomemset       
0000327b  memccpy                       
00003297  copysign                      
00003297  copysignl                     
000032e1  strcmp                        
000032f9  strchr                        
0000330f  strcpy                        
00003323  strlen                        
00003337  wcslen                        
00003349  IntMasterEnable               
00003359  lcd_clear                     
00003369  __TI_decompress_none          
00003377  CPUcpsie                      
00003383  ResetISR                      
00003399  __aeabi_errno_addr            
000033a1  _system_pre_init              
000033a5  C$$EXIT                       
000033a5  abort                         
000033a8  _ctypes_                      
000034b8  __TI_Handler_Table_Base       
000034c4  __TI_Handler_Table_Limit      
000034e0  __TI_CINIT_Base               
000034f8  __TI_CINIT_Limit              
20000000  __start___llvm_prf_cnts       
20000000  __stop___llvm_prf_cnts        
20000000  g_pfnRAMVectors               
20000270  __stack                       
20000470  __STACK_TOP                   
20001270  __STACK_END                   
20001270  _sys_memory                   
200022c4  isr_char_buffer               
200022f8  _timeout_ticks                
200022fc  fallingEdge                   
20002300  isr_int_value                 
20002304  left_calibration_value        
20002308  pulseLength                   
2000230c  right_calibration_value       
20002310  risingEdge                    
20002314  isRisingEdge                  
20002318  cyBOT_scan_features           
2000231c  isr_counter                   
20002320  errno                         
20002324  _running                      
ffffffff  __TI_pprof_out_hndl           
ffffffff  __TI_prof_data_size           
ffffffff  __TI_prof_data_start          
ffffffff  __binit__                     
ffffffff  __c_args__                    
ffffffff  binit                         
UNDEFED   __mpu_init                    
UNDEFED   _system_post_cinit            

[136 symbols]
