******************************************************************************
                  TI ARM Linker PC v20.2.6                     
******************************************************************************
>> Linked Wed Feb 15 15:44:27 2023

OUTPUT FILE NAME:   <Lab4.out>
ENTRY POINT SYMBOL: "_c_int00_noargs"  address: 00004221


MEMORY CONFIGURATION

         name            origin    length      used     unused   attr    fill
----------------------  --------  ---------  --------  --------  ----  --------
  FLASH                 00000000   00040000  000045a8  0003ba58  R  X
  SRAM                  20000000   00008000  0000236a  00005c96  RW X


SEGMENT ALLOCATION MAP

run origin  load origin   length   init length attrs members
----------  ----------- ---------- ----------- ----- -------
00000000    00000000    000045a8   000045a8    r-x
  00000000    00000000    0000026c   0000026c    r-- .intvecs
  0000026c    0000026c    000041d4   000041d4    r-x .text
  00004440    00004440    00000118   00000118    r-- .const
  00004558    00004558    00000050   00000050    r-- .cinit
20000000    20000000    00002371   00000000    rw-
  20000000    20000000    0000026c   00000000    rw- .vtable
  20000270    20000270    00001000   00000000    rw- .stack
  20001270    20001270    00001000   00000000    rw- .sysmem
  20002270    20002270    000000bd   00000000    rw- .bss
  20002330    20002330    00000041   00000000    rw- .data


SECTION ALLOCATION MAP

 output                                  attributes/
section   page    origin      length       input sections
--------  ----  ----------  ----------   ----------------
.intvecs   0    00000000    0000026c     
                  00000000    0000026c     tm4c123gh6pm_startup_ccs.obj (.intvecs)

.text      0    0000026c    000041d4     
                  0000026c    00000c1c     open_interface.obj (.text)
                  00000e88    00000a4e     rtsv7M4_T_le_v4SPD16_eabi.lib : _printfi.c.obj (.text:__TI_printfi)
                  000018d6    00000002                                   : _lock.c.obj (.text:_nop)
                  000018d8    00000330     main.obj (.text)
                  00001c08    00000328     lcd.obj (.text)
                  00001f30    00000270     rtsv7M4_T_le_v4SPD16_eabi.lib : _printfi.c.obj (.text:_pconv_a)
                  000021a0    00000260     libcybotScan.lib : cyBot_Scan.obj (.text)
                  00002400    00000248     Timer.obj (.text)
                  00002648    000001ec     libcybotScan.lib : ping.obj (.text)
                  00002834    000001e8     movement.obj (.text)
                  00002a1c    000001d0     rtsv7M4_T_le_v4SPD16_eabi.lib : _printfi.c.obj (.text:_pconv_g)
                  00002bec    000001b6                                   : fd_add_t2.asm.obj (.text)
                  00002da2    00000002                                   : div0.asm.obj (.text)
                  00002da4    0000015c     libcybotUART.lib : uart.obj (.text)
                  00002f00    00000158     libcybotScan.lib : servo.obj (.text)
                  00003058    0000013c     rtsv7M4_T_le_v4SPD16_eabi.lib : _printfi.c.obj (.text:_pconv_e)
                  00003194    00000136                                   : fd_div_t2.asm.obj (.text)
                  000032ca    00000002     --HOLE-- [fill = 0]
                  000032cc    00000124                                   : _printfi.c.obj (.text:fcvt)
                  000033f0    00000118     libcybotScan.lib : ir.obj (.text)
                  00003508    00000110     rtsv7M4_T_le_v4SPD16_eabi.lib : s_scalbn.c.obj (.text:scalbn)
                  00003618    00000100                                   : memory.c.obj (.text:aligned_alloc)
                  00003718    000000fc                                   : fd_mul_t2.asm.obj (.text)
                  00003814    000000e4                                   : memory.c.obj (.text:free)
                  000038f8    000000b1                                   : _printfi.c.obj (.text:_ltostr)
                  000039a9    00000003     --HOLE-- [fill = 0]
                  000039ac    000000ac     buttons.obj (.text)
                  00003a58    0000009c     rtsv7M4_T_le_v4SPD16_eabi.lib : memcpy_t2.asm.obj (.text)
                  00003af4    00000096                                   : ull_div_t2.asm.obj (.text)
                  00003b8a    00000086                                   : fd_cmp_t2.asm.obj (.text:__aeabi_cdcmple)
                  00003c10    00000086                                   : fd_cmp_t2.asm.obj (.text:__aeabi_cdrcmple)
                  00003c96    0000007a                                   : memset_t2.asm.obj (.text)
                  00003d10    00000070                                   : memory.c.obj (.text:split)
                  00003d80    0000006e                                   : _printfi.c.obj (.text:_mcpy)
                  00003dee    0000006e                                   : fd_tos_t2.asm.obj (.text)
                  00003e5c    00000068                                   : copy_decompress_lzss.c.obj (.text:decompress:lzss:__TI_decompress_lzss)
                  00003ec4    00000064                                   : s_frexp.c.obj (.text:frexp)
                  00003f28    00000056                                   : _printfi.c.obj (.text:_pconv_f)
                  00003f7e    00000054                                   : _ltoa.c.obj (.text:__TI_ltoa)
                  00003fd2    00000052                                   : _printfi.c.obj (.text:_ecpy)
                  00004024    0000004c                                   : atoi.c.obj (.text:atoi)
                  00004070    00000048                                   : fd_toi_t2.asm.obj (.text)
                  000040b8    00000044                                   : autoinit.c.obj (.text:__TI_auto_init_nobinit_nopinit:__TI_auto_init_nobinit_nopinit)
                  000040fc    00000040                                   : vsnprintf.c.obj (.text:vsnprintf)
                  0000413c    0000003e                                   : _printfi.c.obj (.text:_fcpy)
                  0000417a    00000002     --HOLE-- [fill = 0]
                  0000417c    00000038                                   : memory.c.obj (.text:calloc)
                  000041b4    00000038                                   : fs_tod_t2.asm.obj (.text)
                  000041ec    00000034     driverlib.lib : interrupt.obj (.text:IntRegister)
                  00004220    00000034     rtsv7M4_T_le_v4SPD16_eabi.lib : boot_cortex_m.c.obj (.text:_c_int00_noargs:_c_int00_noargs)
                  00004254    00000030                                   : vsnprintf.c.obj (.text:_outs)
                  00004284    0000002e                                   : i_tofd_t2.asm.obj (.text)
                  000042b2    00000002     --HOLE-- [fill = 0]
                  000042b4    00000028                                   : memory.c.obj (.text:free_list_insert)
                  000042dc    0000001c                                   : copy_zero_init.c.obj (.text:decompress:ZI:__TI_zero_init_nomemset:__TI_zero_init_nomemset)
                  000042f8    0000001c                                   : memory.c.obj (.text:free_list_remove)
                  00004314    0000001c                                   : memccpy.c.obj (.text:memccpy)
                  00004330    0000001a                                   : s_copysign.c.obj (.text:copysign)
                  0000434a    00000018                                   : vsnprintf.c.obj (.text:_outc)
                  00004362    00000018     open_interface.obj (.text:oi_parseInt)
                  0000437a    00000018     rtsv7M4_T_le_v4SPD16_eabi.lib : strcmp.c.obj (.text:strcmp)
                  00004392    00000016                                   : strchr.c.obj (.text:strchr)
                  000043a8    00000014                                   : strcpy.c.obj (.text:strcpy)
                  000043bc    00000014                                   : strlen.c.obj (.text:strlen)
                  000043d0    00000012                                   : wcslen.c.obj (.text:wcslen)
                  000043e2    00000010     driverlib.lib : interrupt.obj (.text:IntMasterEnable)
                  000043f2    00000010     lcd.obj (.text:lcd_clear)
                  00004402    0000000e     rtsv7M4_T_le_v4SPD16_eabi.lib : copy_decompress_none.c.obj (.text:decompress:none:__TI_decompress_none)
                  00004410    0000000c     driverlib.lib : cpu.obj (.text:CPUcpsie)
                  0000441c    0000000c     tm4c123gh6pm_startup_ccs.obj (.text)
                  00004428    00000008     rtsv7M4_T_le_v4SPD16_eabi.lib : errno.c.obj (.text:__aeabi_errno_addr)
                  00004430    00000008                                   : memory.c.obj (.text:malloc)
                  00004438    00000004                                   : pre_init.c.obj (.text:_system_pre_init)
                  0000443c    00000004                                   : exit.c.obj (.text:abort:abort)

.const     0    00004440    00000118     
                  00004440    00000101     rtsv7M4_T_le_v4SPD16_eabi.lib : ctype.c.obj (.const:.string:_ctypes_)
                  00004541    0000000f     open_interface.obj (.const:.string:$P$T0$3)
                  00004550    00000004     lcd.obj (.const:.string:lineAddress$1)
                  00004554    00000004     lcd.obj (.const:.string:lineAddresses$2)

.cinit     0    00004558    00000050     
                  00004558    00000019     (.cinit..data.load) [load image, compression = lzss]
                  00004571    00000003     --HOLE-- [fill = 0]
                  00004574    0000000c     (__TI_handler_table)
                  00004580    00000008     (.cinit..bss.load) [load image, compression = zero_init]
                  00004588    00000008     (.cinit..vtable.load) [load image, compression = zero_init]
                  00004590    00000018     (__TI_cinit_table)

.init_array 
*          0    00000000    00000000     UNINITIALIZED

.vtable    0    20000000    0000026c     UNINITIALIZED
                  20000000    0000026c     driverlib.lib : interrupt.obj (.vtable)

.stack     0    20000270    00001000     UNINITIALIZED
                  20000270    00000004     rtsv7M4_T_le_v4SPD16_eabi.lib : boot_cortex_m.c.obj (.stack)
                  20000274    00000ffc     --HOLE--

.sysmem    0    20001270    00001000     UNINITIALIZED
                  20001270    00000010     rtsv7M4_T_le_v4SPD16_eabi.lib : memory.c.obj (.sysmem)
                  20001280    00000ff0     --HOLE--

.bss       0    20002270    000000bd     UNINITIALIZED
                  20002270    00000054     lcd.obj (.bss:lastbuffer$3)
                  200022c4    00000034     (.common:isr_char_buffer)
                  200022f8    00000018     open_interface.obj (.bss:firmware$2)
                  20002310    00000004     (.common:_timeout_ticks)
                  20002314    00000004     (.common:fallingEdge)
                  20002318    00000004     (.common:isr_int_value)
                  2000231c    00000004     (.common:left_calibration_value)
                  20002320    00000004     (.common:pulseLength)
                  20002324    00000004     (.common:right_calibration_value)
                  20002328    00000004     (.common:risingEdge)
                  2000232c    00000001     (.common:isRisingEdge)

.data      0    20002330    00000041     UNINITIALIZED
                  20002330    00000020     open_interface.obj (.data)
                  20002350    00000008     rtsv7M4_T_le_v4SPD16_eabi.lib : _lock.c.obj (.data:$O1$$)
                  20002358    00000008                                   : memory.c.obj (.data:$O1$$)
                  20002360    00000004     buttons.obj (.data)
                  20002364    00000004     libcybotScan.lib : cyBot_Scan.obj (.data)
                  20002368    00000004     libcybotUART.lib : uart.obj (.data)
                  2000236c    00000004     rtsv7M4_T_le_v4SPD16_eabi.lib : errno.c.obj (.data)
                  20002370    00000001     Timer.obj (.data)

__llvm_prf_cnts 
*          0    20000000    00000000     UNINITIALIZED

MODULE SUMMARY

       Module                         code    ro data   rw data
       ------                         ----    -------   -------
    .\
       open_interface.obj             3124    15        56     
       lcd.obj                        824     8         84     
       main.obj                       816     0         8      
       tm4c123gh6pm_startup_ccs.obj   12      620       0      
       Timer.obj                      584     0         5      
       movement.obj                   488     0         0      
       buttons.obj                    172     0         4      
    +--+------------------------------+-------+---------+---------+
       Total:                         6020    643       157    
                                                               
    ../libcybotScan.lib
       cyBot_Scan.obj                 608     0         4      
       ping.obj                       492     0         13     
       servo.obj                      344     0         0      
       ir.obj                         280     0         4      
    +--+------------------------------+-------+---------+---------+
       Total:                         1724    0         21     
                                                               
    ../libcybotUART.lib
       uart.obj                       348     0         56     
    +--+------------------------------+-------+---------+---------+
       Total:                         348     0         56     
                                                               
    C:/ti/TivaWare_C_Series-2.2.0.295/driverlib/ccs/Debug/driverlib.lib
       interrupt.obj                  68      0         620    
       cpu.obj                        12      0         0      
    +--+------------------------------+-------+---------+---------+
       Total:                         80      0         620    
                                                               
    C:\ti\ccs1200\ccs\tools\compiler\ti-cgt-arm_20.2.6.LTS\lib\rtsv7M4_T_le_v4SPD16_eabi.lib
       _printfi.c.obj                 4851    0         0      
       memory.c.obj                   728     0         8      
       fd_add_t2.asm.obj              438     0         0      
       fd_div_t2.asm.obj              310     0         0      
       s_scalbn.c.obj                 272     0         0      
       fd_cmp_t2.asm.obj              268     0         0      
       ctype.c.obj                    0       257       0      
       fd_mul_t2.asm.obj              252     0         0      
       memcpy_t2.asm.obj              156     0         0      
       ull_div_t2.asm.obj             150     0         0      
       vsnprintf.c.obj                136     0         0      
       memset_t2.asm.obj              122     0         0      
       fd_tos_t2.asm.obj              110     0         0      
       copy_decompress_lzss.c.obj     104     0         0      
       s_frexp.c.obj                  100     0         0      
       _ltoa.c.obj                    84      0         0      
       atoi.c.obj                     76      0         0      
       fd_toi_t2.asm.obj              72      0         0      
       autoinit.c.obj                 68      0         0      
       fs_tod_t2.asm.obj              56      0         0      
       boot_cortex_m.c.obj            52      0         0      
       i_tofd_t2.asm.obj              46      0         0      
       copy_zero_init.c.obj           28      0         0      
       memccpy.c.obj                  28      0         0      
       s_copysign.c.obj               26      0         0      
       strcmp.c.obj                   24      0         0      
       strchr.c.obj                   22      0         0      
       strcpy.c.obj                   20      0         0      
       strlen.c.obj                   20      0         0      
       wcslen.c.obj                   18      0         0      
       copy_decompress_none.c.obj     14      0         0      
       errno.c.obj                    8       0         4      
       _lock.c.obj                    2       0         8      
       exit.c.obj                     4       0         0      
       pre_init.c.obj                 4       0         0      
       div0.asm.obj                   2       0         0      
    +--+------------------------------+-------+---------+---------+
       Total:                         8671    257       20     
                                                               
       Heap:                          0       0         4096   
       Stack:                         0       0         4096   
       Linker Generated:              0       77        0      
    +--+------------------------------+-------+---------+---------+
       Grand Total:                   16843   977       9066   


LINKER GENERATED COPY TABLES

__TI_cinit_table @ 00004590 records: 3, size/record: 8, table size: 24
	.data: load addr=00004558, load size=00000019 bytes, run addr=20002330, run size=00000041 bytes, compression=lzss
	.bss: load addr=00004580, load size=00000008 bytes, run addr=20002270, run size=000000bd bytes, compression=zero_init
	.vtable: load addr=00004588, load size=00000008 bytes, run addr=20000000, run size=0000026c bytes, compression=zero_init


LINKER GENERATED HANDLER TABLE

__TI_handler_table @ 00004574 records: 3, size/record: 4, table size: 12
	index: 0, handler: __TI_zero_init
	index: 1, handler: __TI_decompress_lzss
	index: 2, handler: __TI_decompress_none


GLOBAL SYMBOLS: SORTED ALPHABETICALLY BY Name 

address   name                          
-------   ----                          
00003489  ADC0SS0_Handler               
0000443d  C$$EXIT                       
00004411  CPUcpsie                      
00000bbf  GPIOF_Handler                 
000019cf  IR_dist_cm                    
000043e3  IntMasterEnable               
000041ed  IntRegister                   
0000441d  ResetISR                      
00002739  TIMER3B_Handler               
20001270  __STACK_END                   
00001000  __STACK_SIZE                  
20000470  __STACK_TOP                   
00001000  __SYSMEM_SIZE                 
00004590  __TI_CINIT_Base               
000045a8  __TI_CINIT_Limit              
00004574  __TI_Handler_Table_Base       
00004580  __TI_Handler_Table_Limit      
000040b9  __TI_auto_init_nobinit_nopinit
00003e5d  __TI_decompress_lzss          
00004403  __TI_decompress_none          
00003f7f  __TI_ltoa                     
ffffffff  __TI_pprof_out_hndl           
00000e89  __TI_printfi                  
ffffffff  __TI_prof_data_size           
ffffffff  __TI_prof_data_start          
00000000  __TI_static_base__            
000042dd  __TI_zero_init_nomemset       
00003b8b  __aeabi_cdcmpeq               
00003b8b  __aeabi_cdcmple               
00003c11  __aeabi_cdrcmple              
00003def  __aeabi_d2f                   
00004071  __aeabi_d2iz                  
00002bf7  __aeabi_dadd                  
00003195  __aeabi_ddiv                  
00003719  __aeabi_dmul                  
00002bed  __aeabi_dsub                  
00004429  __aeabi_errno_addr            
000041b5  __aeabi_f2d                   
00004285  __aeabi_i2d                   
00002da3  __aeabi_idiv0                 
00002da3  __aeabi_ldiv0                 
00003c97  __aeabi_memclr                
00003c97  __aeabi_memclr4               
00003c97  __aeabi_memclr8               
00003a59  __aeabi_memcpy                
00003a59  __aeabi_memcpy4               
00003a59  __aeabi_memcpy8               
00003c99  __aeabi_memset                
00003c99  __aeabi_memset4               
00003c99  __aeabi_memset8               
00003af5  __aeabi_uldivmod              
ffffffff  __binit__                     
ffffffff  __c_args__                    
UNDEFED   __mpu_init                    
00002835  __signof                      
20000270  __stack                       
20000000  __start___llvm_prf_cnts       
20000000  __stop___llvm_prf_cnts        
00004221  _c_int00_noargs               
00004440  _ctypes_                      
20002350  _lock                         
000018d7  _nop                          
20002370  _running                      
20001270  _sys_memory                   
UNDEFED   _system_post_cinit            
00004439  _system_pre_init              
20002310  _timeout_ticks                
20002354  _unlock                       
0000443d  abort                         
00003619  aligned_alloc                 
00004025  atoi                          
000018d9  avoid_collision               
ffffffff  binit                         
000039e1  btn_get_buttons               
000039ad  btn_init                      
0000417d  calloc                        
00004331  copysign                      
00004331  copysignl                     
00002279  cyBOT_SERVO_cal               
00002207  cyBOT_Scan                    
000021af  cyBOT_init_Scan               
20002364  cyBOT_scan_features           
000021a1  cyBOT_scan_version            
00002ead  cyBot_UART1_Handler           
00002e93  cyBot_getByte                 
00002da5  cyBot_sendByte                
00002e75  cyBot_uart_flush              
00002de3  cyBot_uart_init               
00002dcb  cyBot_uart_sendBuffer         
00002db1  cyBot_uart_sendStr            
2000236c  errno                         
20002314  fallingEdge                   
00003815  free                          
00003ec5  frexp                         
00003ec5  frexpl                        
20000000  g_pfnRAMVectors               
00000000  g_pfnVectors                  
0000097b  go_charge                     
0000349f  ir_enableInterrupt            
00003481  ir_getDistance                
00003459  ir_getValue                   
000033f1  ir_init                       
2000232c  isRisingEdge                  
200022c4  isr_char_buffer               
20002368  isr_counter                   
20002318  isr_int_value                 
000043f3  lcd_clear                     
00001ddd  lcd_gotoLine                  
00001c45  lcd_init                      
00001e43  lcd_printf                    
00001d05  lcd_putc                      
00001d3d  lcd_puts                      
00001c09  lcd_reverseNibble             
00001d5b  lcd_sendCommand               
00001d99  lcd_sendNibble                
00001e05  lcd_setCursorPos              
00003509  ldexp                         
00003509  ldexpl                        
2000231c  left_calibration_value        
00001b03  main                          
00004431  malloc                        
00003619  memalign                      
00004315  memccpy                       
00003a59  memcpy                        
00003c9f  memset                        
20002330  motor_cal_factor_L            
20002334  motor_cal_factor_R            
0000296f  mvmt_drive                    
00002877  mvmt_turn                     
0000026d  oi_alloc                      
00000aa5  oi_checkFirmware              
000002c3  oi_close                      
00000279  oi_free                       
00000de9  oi_getMotorCalibrationLeft    
00000dfd  oi_getMotorCalibrationRight   
000002ad  oi_init                       
00000289  oi_init_noupdate              
00000911  oi_loadSong                   
00004363  oi_parseInt                   
00000327  oi_parsePacket                
00000967  oi_play_song                  
00000847  oi_setLeds                    
00000dad  oi_setMotorCalibration        
0000088b  oi_setWheels                  
00000b4d  oi_shutoff_init               
00000989  oi_uartInit                   
00000a2d  oi_uartReceive                
00000a73  oi_uartSendBuff               
00000a11  oi_uartSendChar               
00000a55  oi_uartSendStr                
000002d5  oi_update                     
0000278b  ping_getDistance              
00002649  ping_init                     
000026cf  ping_trigger                  
20002320  pulseLength                   
20002324  right_calibration_value       
20002328  risingEdge                    
00003509  scalbn                        
00003509  scalbnl                       
00001963  scan_around                   
000019ed  scan_until                    
00002f01  servo_init                    
00002f91  servo_move                    
00002ff1  servo_setPWM                  
00002f85  servo_stop                    
00004393  strchr                        
0000437b  strcmp                        
000043a9  strcpy                        
000043bd  strlen                        
0000251f  timer_getMicros               
000024c7  timer_getMillis               
00002401  timer_init                    
000024a3  timer_pause                   
000024b5  timer_resume                  
00002479  timer_stop                    
00002579  timer_waitMicros              
000025ab  timer_waitMillis              
00001add  uart_sendString               
000040fd  vsnprintf                     
000043d1  wcslen                        


GLOBAL SYMBOLS: SORTED BY Symbol Address 

address   name                          
-------   ----                          
00000000  __TI_static_base__            
00000000  g_pfnVectors                  
0000026d  oi_alloc                      
00000279  oi_free                       
00000289  oi_init_noupdate              
000002ad  oi_init                       
000002c3  oi_close                      
000002d5  oi_update                     
00000327  oi_parsePacket                
00000847  oi_setLeds                    
0000088b  oi_setWheels                  
00000911  oi_loadSong                   
00000967  oi_play_song                  
0000097b  go_charge                     
00000989  oi_uartInit                   
00000a11  oi_uartSendChar               
00000a2d  oi_uartReceive                
00000a55  oi_uartSendStr                
00000a73  oi_uartSendBuff               
00000aa5  oi_checkFirmware              
00000b4d  oi_shutoff_init               
00000bbf  GPIOF_Handler                 
00000dad  oi_setMotorCalibration        
00000de9  oi_getMotorCalibrationLeft    
00000dfd  oi_getMotorCalibrationRight   
00000e89  __TI_printfi                  
00001000  __STACK_SIZE                  
00001000  __SYSMEM_SIZE                 
000018d7  _nop                          
000018d9  avoid_collision               
00001963  scan_around                   
000019cf  IR_dist_cm                    
000019ed  scan_until                    
00001add  uart_sendString               
00001b03  main                          
00001c09  lcd_reverseNibble             
00001c45  lcd_init                      
00001d05  lcd_putc                      
00001d3d  lcd_puts                      
00001d5b  lcd_sendCommand               
00001d99  lcd_sendNibble                
00001ddd  lcd_gotoLine                  
00001e05  lcd_setCursorPos              
00001e43  lcd_printf                    
000021a1  cyBOT_scan_version            
000021af  cyBOT_init_Scan               
00002207  cyBOT_Scan                    
00002279  cyBOT_SERVO_cal               
00002401  timer_init                    
00002479  timer_stop                    
000024a3  timer_pause                   
000024b5  timer_resume                  
000024c7  timer_getMillis               
0000251f  timer_getMicros               
00002579  timer_waitMicros              
000025ab  timer_waitMillis              
00002649  ping_init                     
000026cf  ping_trigger                  
00002739  TIMER3B_Handler               
0000278b  ping_getDistance              
00002835  __signof                      
00002877  mvmt_turn                     
0000296f  mvmt_drive                    
00002bed  __aeabi_dsub                  
00002bf7  __aeabi_dadd                  
00002da3  __aeabi_idiv0                 
00002da3  __aeabi_ldiv0                 
00002da5  cyBot_sendByte                
00002db1  cyBot_uart_sendStr            
00002dcb  cyBot_uart_sendBuffer         
00002de3  cyBot_uart_init               
00002e75  cyBot_uart_flush              
00002e93  cyBot_getByte                 
00002ead  cyBot_UART1_Handler           
00002f01  servo_init                    
00002f85  servo_stop                    
00002f91  servo_move                    
00002ff1  servo_setPWM                  
00003195  __aeabi_ddiv                  
000033f1  ir_init                       
00003459  ir_getValue                   
00003481  ir_getDistance                
00003489  ADC0SS0_Handler               
0000349f  ir_enableInterrupt            
00003509  ldexp                         
00003509  ldexpl                        
00003509  scalbn                        
00003509  scalbnl                       
00003619  aligned_alloc                 
00003619  memalign                      
00003719  __aeabi_dmul                  
00003815  free                          
000039ad  btn_init                      
000039e1  btn_get_buttons               
00003a59  __aeabi_memcpy                
00003a59  __aeabi_memcpy4               
00003a59  __aeabi_memcpy8               
00003a59  memcpy                        
00003af5  __aeabi_uldivmod              
00003b8b  __aeabi_cdcmpeq               
00003b8b  __aeabi_cdcmple               
00003c11  __aeabi_cdrcmple              
00003c97  __aeabi_memclr                
00003c97  __aeabi_memclr4               
00003c97  __aeabi_memclr8               
00003c99  __aeabi_memset                
00003c99  __aeabi_memset4               
00003c99  __aeabi_memset8               
00003c9f  memset                        
00003def  __aeabi_d2f                   
00003e5d  __TI_decompress_lzss          
00003ec5  frexp                         
00003ec5  frexpl                        
00003f7f  __TI_ltoa                     
00004025  atoi                          
00004071  __aeabi_d2iz                  
000040b9  __TI_auto_init_nobinit_nopinit
000040fd  vsnprintf                     
0000417d  calloc                        
000041b5  __aeabi_f2d                   
000041ed  IntRegister                   
00004221  _c_int00_noargs               
00004285  __aeabi_i2d                   
000042dd  __TI_zero_init_nomemset       
00004315  memccpy                       
00004331  copysign                      
00004331  copysignl                     
00004363  oi_parseInt                   
0000437b  strcmp                        
00004393  strchr                        
000043a9  strcpy                        
000043bd  strlen                        
000043d1  wcslen                        
000043e3  IntMasterEnable               
000043f3  lcd_clear                     
00004403  __TI_decompress_none          
00004411  CPUcpsie                      
0000441d  ResetISR                      
00004429  __aeabi_errno_addr            
00004431  malloc                        
00004439  _system_pre_init              
0000443d  C$$EXIT                       
0000443d  abort                         
00004440  _ctypes_                      
00004574  __TI_Handler_Table_Base       
00004580  __TI_Handler_Table_Limit      
00004590  __TI_CINIT_Base               
000045a8  __TI_CINIT_Limit              
20000000  __start___llvm_prf_cnts       
20000000  __stop___llvm_prf_cnts        
20000000  g_pfnRAMVectors               
20000270  __stack                       
20000470  __STACK_TOP                   
20001270  __STACK_END                   
20001270  _sys_memory                   
200022c4  isr_char_buffer               
20002310  _timeout_ticks                
20002314  fallingEdge                   
20002318  isr_int_value                 
2000231c  left_calibration_value        
20002320  pulseLength                   
20002324  right_calibration_value       
20002328  risingEdge                    
2000232c  isRisingEdge                  
20002330  motor_cal_factor_L            
20002334  motor_cal_factor_R            
20002350  _lock                         
20002354  _unlock                       
20002364  cyBOT_scan_features           
20002368  isr_counter                   
2000236c  errno                         
20002370  _running                      
ffffffff  __TI_pprof_out_hndl           
ffffffff  __TI_prof_data_size           
ffffffff  __TI_prof_data_start          
ffffffff  __binit__                     
ffffffff  __c_args__                    
ffffffff  binit                         
UNDEFED   __mpu_init                    
UNDEFED   _system_post_cinit            

[180 symbols]
