******************************************************************************
                  TI ARM Linker PC v20.2.6                     
******************************************************************************
>> Linked Wed Apr  5 14:06:30 2023

OUTPUT FILE NAME:   <Lab7.out>
ENTRY POINT SYMBOL: "_c_int00_noargs"  address: 000045d1


MEMORY CONFIGURATION

         name            origin    length      used     unused   attr    fill
----------------------  --------  ---------  --------  --------  ----  --------
  FLASH                 00000000   00040000  0000499c  0003b664  R  X
  SRAM                  20000000   00008000  00002336  00005cca  RW X


SEGMENT ALLOCATION MAP

run origin  load origin   length   init length attrs members
----------  ----------- ---------- ----------- ----- -------
00000000    00000000    000049a0   000049a0    r-x
  00000000    00000000    0000026c   0000026c    r-- .intvecs
  0000026c    0000026c    000045a8   000045a8    r-x .text
  00004814    00004814    00000138   00000138    r-- .const
  00004950    00004950    00000050   00000050    r-- .cinit
20000000    20000000    0000233d   00000000    rw-
  20000000    20000000    0000026c   00000000    rw- .vtable
  20000270    20000270    00001000   00000000    rw- .stack
  20001270    20001270    00001000   00000000    rw- .sysmem
  20002270    20002270    00000089   00000000    rw- .bss
  200022fc    200022fc    00000041   00000000    rw- .data


SECTION ALLOCATION MAP

 output                                  attributes/
section   page    origin      length       input sections
--------  ----  ----------  ----------   ----------------
.intvecs   0    00000000    0000026c     
                  00000000    0000026c     tm4c123gh6pm_startup_ccs.obj (.intvecs)

.text      0    0000026c    000045a8     
                  0000026c    00000c1c     open_interface.obj (.text)
                  00000e88    00000a4e     rtsv7M4_T_le_v4SPD16_eabi.lib : _printfi.c.obj (.text:__TI_printfi)
                  000018d6    00000002                                   : _lock.c.obj (.text:_nop)
                  000018d8    00000780     main.obj (.text)
                  00002058    00000328     lcd.obj (.text)
                  00002380    00000270     rtsv7M4_T_le_v4SPD16_eabi.lib : _printfi.c.obj (.text:_pconv_a)
                  000025f0    00000260     libcybotScan.lib : cyBot_Scan.obj (.text)
                  00002850    00000248     Timer.obj (.text)
                  00002a98    000001ec     libcybotScan.lib : ping.obj (.text)
                  00002c84    000001e8     movement.obj (.text)
                  00002e6c    000001d0     rtsv7M4_T_le_v4SPD16_eabi.lib : _printfi.c.obj (.text:_pconv_g)
                  0000303c    000001b6                                   : fd_add_t2.asm.obj (.text)
                  000031f2    00000002                                   : div0.asm.obj (.text)
                  000031f4    00000158     libcybotScan.lib : servo.obj (.text)
                  0000334c    0000013c     rtsv7M4_T_le_v4SPD16_eabi.lib : _printfi.c.obj (.text:_pconv_e)
                  00003488    00000136                                   : fd_div_t2.asm.obj (.text)
                  000035be    00000002     --HOLE-- [fill = 0]
                  000035c0    00000128     uart_com.obj (.text)
                  000036e8    00000124     rtsv7M4_T_le_v4SPD16_eabi.lib : _printfi.c.obj (.text:fcvt)
                  0000380c    00000118     libcybotScan.lib : ir.obj (.text)
                  00003924    00000110     rtsv7M4_T_le_v4SPD16_eabi.lib : s_scalbn.c.obj (.text:scalbn)
                  00003a34    00000100                                   : memory.c.obj (.text:aligned_alloc)
                  00003b34    000000fc                                   : fd_mul_t2.asm.obj (.text)
                  00003c30    000000e4                                   : memory.c.obj (.text:free)
                  00003d14    000000b1                                   : _printfi.c.obj (.text:_ltostr)
                  00003dc5    00000001     --HOLE-- [fill = 0]
                  00003dc6    0000009c                                   : memcpy_t2.asm.obj (.text)
                  00003e62    00000096                                   : ull_div_t2.asm.obj (.text)
                  00003ef8    00000086                                   : fd_cmp_t2.asm.obj (.text:__aeabi_cdcmple)
                  00003f7e    00000086                                   : fd_cmp_t2.asm.obj (.text:__aeabi_cdrcmple)
                  00004004    0000007a                                   : memset_t2.asm.obj (.text)
                  0000407e    00000002     --HOLE-- [fill = 0]
                  00004080    00000070                                   : memory.c.obj (.text:split)
                  000040f0    0000006e                                   : _printfi.c.obj (.text:_mcpy)
                  0000415e    0000006e                                   : fd_tos_t2.asm.obj (.text)
                  000041cc    00000068                                   : copy_decompress_lzss.c.obj (.text:decompress:lzss:__TI_decompress_lzss)
                  00004234    00000064                                   : s_frexp.c.obj (.text:frexp)
                  00004298    00000056                                   : _printfi.c.obj (.text:_pconv_f)
                  000042ee    00000054                                   : _ltoa.c.obj (.text:__TI_ltoa)
                  00004342    00000052                                   : _printfi.c.obj (.text:_ecpy)
                  00004394    0000004c                                   : atoi.c.obj (.text:atoi)
                  000043e0    00000048                                   : fd_toi_t2.asm.obj (.text)
                  00004428    00000044                                   : autoinit.c.obj (.text:__TI_auto_init_nobinit_nopinit:__TI_auto_init_nobinit_nopinit)
                  0000446c    00000040                                   : sprintf.c.obj (.text:sprintf)
                  000044ac    00000040                                   : vsnprintf.c.obj (.text:vsnprintf)
                  000044ec    0000003e                                   : _printfi.c.obj (.text:_fcpy)
                  0000452a    00000002     --HOLE-- [fill = 0]
                  0000452c    00000038                                   : memory.c.obj (.text:calloc)
                  00004564    00000038                                   : fs_tod_t2.asm.obj (.text)
                  0000459c    00000034     driverlib.lib : interrupt.obj (.text:IntRegister)
                  000045d0    00000034     rtsv7M4_T_le_v4SPD16_eabi.lib : boot_cortex_m.c.obj (.text:_c_int00_noargs:_c_int00_noargs)
                  00004604    00000030                                   : vsnprintf.c.obj (.text:_outs)
                  00004634    0000002e                                   : i_tofd_t2.asm.obj (.text)
                  00004662    00000002     --HOLE-- [fill = 0]
                  00004664    00000028                                   : memory.c.obj (.text:free_list_insert)
                  0000468c    0000001c                                   : copy_zero_init.c.obj (.text:decompress:ZI:__TI_zero_init_nomemset:__TI_zero_init_nomemset)
                  000046a8    0000001c                                   : memory.c.obj (.text:free_list_remove)
                  000046c4    0000001c                                   : memccpy.c.obj (.text:memccpy)
                  000046e0    0000001a                                   : s_copysign.c.obj (.text:copysign)
                  000046fa    00000018                                   : vsnprintf.c.obj (.text:_outc)
                  00004712    00000018                                   : sprintf.c.obj (.text:_outs)
                  0000472a    00000018     open_interface.obj (.text:oi_parseInt)
                  00004742    00000018     rtsv7M4_T_le_v4SPD16_eabi.lib : strcmp.c.obj (.text:strcmp)
                  0000475a    00000016                                   : strchr.c.obj (.text:strchr)
                  00004770    00000014                                   : strcpy.c.obj (.text:strcpy)
                  00004784    00000014                                   : strlen.c.obj (.text:strlen)
                  00004798    00000012                                   : wcslen.c.obj (.text:wcslen)
                  000047aa    00000010     driverlib.lib : interrupt.obj (.text:IntMasterEnable)
                  000047ba    00000010     lcd.obj (.text:lcd_clear)
                  000047ca    0000000e     rtsv7M4_T_le_v4SPD16_eabi.lib : copy_decompress_none.c.obj (.text:decompress:none:__TI_decompress_none)
                  000047d8    0000000c     driverlib.lib : cpu.obj (.text:CPUcpsie)
                  000047e4    0000000c     tm4c123gh6pm_startup_ccs.obj (.text)
                  000047f0    0000000a     rtsv7M4_T_le_v4SPD16_eabi.lib : sprintf.c.obj (.text:_outc)
                  000047fa    00000002     --HOLE-- [fill = 0]
                  000047fc    00000008                                   : errno.c.obj (.text:__aeabi_errno_addr)
                  00004804    00000008                                   : memory.c.obj (.text:malloc)
                  0000480c    00000004                                   : pre_init.c.obj (.text:_system_pre_init)
                  00004810    00000004                                   : exit.c.obj (.text:abort:abort)

.const     0    00004814    00000138     
                  00004814    00000101     rtsv7M4_T_le_v4SPD16_eabi.lib : ctype.c.obj (.const:.string:_ctypes_)
                  00004915    00000003     --HOLE-- [fill = 0]
                  00004918    00000010     main.obj (.const:$P$T4$2)
                  00004928    0000000f     open_interface.obj (.const:.string:$P$T0$3)
                  00004937    00000001     --HOLE-- [fill = 0]
                  00004938    0000000c     main.obj (.const:$P$T2$1)
                  00004944    00000004     lcd.obj (.const:.string:lineAddress$1)
                  00004948    00000004     lcd.obj (.const:.string:lineAddresses$2)

.cinit     0    00004950    00000050     
                  00004950    00000019     (.cinit..data.load) [load image, compression = lzss]
                  00004969    00000003     --HOLE-- [fill = 0]
                  0000496c    0000000c     (__TI_handler_table)
                  00004978    00000008     (.cinit..bss.load) [load image, compression = zero_init]
                  00004980    00000008     (.cinit..vtable.load) [load image, compression = zero_init]
                  00004988    00000018     (__TI_cinit_table)

.init_array 
*          0    00000000    00000000     UNINITIALIZED

.vtable    0    20000000    0000026c     UNINITIALIZED
                  20000000    0000026c     driverlib.lib : interrupt.obj (.vtable)

.stack     0    20000270    00001000     UNINITIALIZED
                  20000270    00000004     rtsv7M4_T_le_v4SPD16_eabi.lib : boot_cortex_m.c.obj (.stack)
                  20000274    00000ffc     --HOLE--

.sysmem    0    20001270    00001000     UNINITIALIZED
                  20001270    00000010     rtsv7M4_T_le_v4SPD16_eabi.lib : memory.c.obj (.sysmem)
                  20001280    00000ff0     --HOLE--

.bss       0    20002270    00000089     UNINITIALIZED
                  20002270    00000054     lcd.obj (.bss:lastbuffer$3)
                  200022c4    00000018     open_interface.obj (.bss:firmware$2)
                  200022dc    00000004     (.common:_timeout_ticks)
                  200022e0    00000004     (.common:fallingEdge)
                  200022e4    00000004     (.common:isr_int_value)
                  200022e8    00000004     (.common:left_calibration_value)
                  200022ec    00000004     (.common:pulseLength)
                  200022f0    00000004     (.common:right_calibration_value)
                  200022f4    00000004     (.common:risingEdge)
                  200022f8    00000001     (.common:isRisingEdge)

.data      0    200022fc    00000041     UNINITIALIZED
                  200022fc    00000020     open_interface.obj (.data)
                  2000231c    00000008     rtsv7M4_T_le_v4SPD16_eabi.lib : _lock.c.obj (.data:$O1$$)
                  20002324    00000008                                   : memory.c.obj (.data:$O1$$)
                  2000232c    00000004     libcybotScan.lib : cyBot_Scan.obj (.data)
                  20002330    00000004     main.obj (.data)
                  20002334    00000004     rtsv7M4_T_le_v4SPD16_eabi.lib : errno.c.obj (.data)
                  20002338    00000004     uart_com.obj (.data)
                  2000233c    00000001     Timer.obj (.data)

__llvm_prf_cnts 
*          0    20000000    00000000     UNINITIALIZED

MODULE SUMMARY

       Module                         code    ro data   rw data
       ------                         ----    -------   -------
    .\
       open_interface.obj             3124    15        56     
       main.obj                       1920    28        12     
       lcd.obj                        824     8         84     
       tm4c123gh6pm_startup_ccs.obj   12      620       0      
       Timer.obj                      584     0         5      
       movement.obj                   488     0         0      
       uart_com.obj                   296     0         4      
    +--+------------------------------+-------+---------+---------+
       Total:                         7248    671       161    
                                                               
    ../libcybotScan.lib
       cyBot_Scan.obj                 608     0         4      
       ping.obj                       492     0         13     
       servo.obj                      344     0         0      
       ir.obj                         280     0         4      
    +--+------------------------------+-------+---------+---------+
       Total:                         1724    0         21     
                                                               
    C:/ti/TivaWare_C_Series-2.2.0.295/driverlib/ccs/Debug/driverlib.lib
       interrupt.obj                  68      0         620    
       cpu.obj                        12      0         0      
    +--+------------------------------+-------+---------+---------+
       Total:                         80      0         620    
                                                               
    C:\ti\ccs1200\ccs\tools\compiler\ti-cgt-arm_20.2.6.LTS\lib\rtsv7M4_T_le_v4SPD16_eabi.lib
       _printfi.c.obj                 4851    0         0      
       memory.c.obj                   728     0         8      
       fd_add_t2.asm.obj              438     0         0      
       fd_div_t2.asm.obj              310     0         0      
       s_scalbn.c.obj                 272     0         0      
       fd_cmp_t2.asm.obj              268     0         0      
       ctype.c.obj                    0       257       0      
       fd_mul_t2.asm.obj              252     0         0      
       memcpy_t2.asm.obj              156     0         0      
       ull_div_t2.asm.obj             150     0         0      
       vsnprintf.c.obj                136     0         0      
       memset_t2.asm.obj              122     0         0      
       fd_tos_t2.asm.obj              110     0         0      
       copy_decompress_lzss.c.obj     104     0         0      
       s_frexp.c.obj                  100     0         0      
       sprintf.c.obj                  98      0         0      
       _ltoa.c.obj                    84      0         0      
       atoi.c.obj                     76      0         0      
       fd_toi_t2.asm.obj              72      0         0      
       autoinit.c.obj                 68      0         0      
       fs_tod_t2.asm.obj              56      0         0      
       boot_cortex_m.c.obj            52      0         0      
       i_tofd_t2.asm.obj              46      0         0      
       copy_zero_init.c.obj           28      0         0      
       memccpy.c.obj                  28      0         0      
       s_copysign.c.obj               26      0         0      
       strcmp.c.obj                   24      0         0      
       strchr.c.obj                   22      0         0      
       strcpy.c.obj                   20      0         0      
       strlen.c.obj                   20      0         0      
       wcslen.c.obj                   18      0         0      
       copy_decompress_none.c.obj     14      0         0      
       errno.c.obj                    8       0         4      
       _lock.c.obj                    2       0         8      
       exit.c.obj                     4       0         0      
       pre_init.c.obj                 4       0         0      
       div0.asm.obj                   2       0         0      
    +--+------------------------------+-------+---------+---------+
       Total:                         8769    257       20     
                                                               
       Heap:                          0       0         4096   
       Stack:                         0       0         4096   
       Linker Generated:              0       77        0      
    +--+------------------------------+-------+---------+---------+
       Grand Total:                   17821   1005      9014   


LINKER GENERATED COPY TABLES

__TI_cinit_table @ 00004988 records: 3, size/record: 8, table size: 24
	.data: load addr=00004950, load size=00000019 bytes, run addr=200022fc, run size=00000041 bytes, compression=lzss
	.bss: load addr=00004978, load size=00000008 bytes, run addr=20002270, run size=00000089 bytes, compression=zero_init
	.vtable: load addr=00004980, load size=00000008 bytes, run addr=20000000, run size=0000026c bytes, compression=zero_init


LINKER GENERATED HANDLER TABLE

__TI_handler_table @ 0000496c records: 3, size/record: 4, table size: 12
	index: 0, handler: __TI_zero_init
	index: 1, handler: __TI_decompress_lzss
	index: 2, handler: __TI_decompress_none


GLOBAL SYMBOLS: SORTED ALPHABETICALLY BY Name 

address   name                          
-------   ----                          
000038a5  ADC0SS0_Handler               
00004811  C$$EXIT                       
000047d9  CPUcpsie                      
00000bbf  GPIOF_Handler                 
000019cf  IR_validated                  
000047ab  IntMasterEnable               
0000459d  IntRegister                   
000047e5  ResetISR                      
00002b89  TIMER3B_Handler               
20001270  __STACK_END                   
00001000  __STACK_SIZE                  
20000470  __STACK_TOP                   
00001000  __SYSMEM_SIZE                 
00004988  __TI_CINIT_Base               
000049a0  __TI_CINIT_Limit              
0000496c  __TI_Handler_Table_Base       
00004978  __TI_Handler_Table_Limit      
00004429  __TI_auto_init_nobinit_nopinit
000041cd  __TI_decompress_lzss          
000047cb  __TI_decompress_none          
000042ef  __TI_ltoa                     
ffffffff  __TI_pprof_out_hndl           
00000e89  __TI_printfi                  
ffffffff  __TI_prof_data_size           
ffffffff  __TI_prof_data_start          
00000000  __TI_static_base__            
0000468d  __TI_zero_init_nomemset       
00003ef9  __aeabi_cdcmpeq               
00003ef9  __aeabi_cdcmple               
00003f7f  __aeabi_cdrcmple              
0000415f  __aeabi_d2f                   
000043e1  __aeabi_d2iz                  
00003047  __aeabi_dadd                  
00003489  __aeabi_ddiv                  
00003b35  __aeabi_dmul                  
0000303d  __aeabi_dsub                  
000047fd  __aeabi_errno_addr            
00004565  __aeabi_f2d                   
00004635  __aeabi_i2d                   
000031f3  __aeabi_idiv0                 
000031f3  __aeabi_ldiv0                 
00004005  __aeabi_memclr                
00004005  __aeabi_memclr4               
00004005  __aeabi_memclr8               
00003dc7  __aeabi_memcpy                
00003dc7  __aeabi_memcpy4               
00003dc7  __aeabi_memcpy8               
00004007  __aeabi_memset                
00004007  __aeabi_memset4               
00004007  __aeabi_memset8               
00003e63  __aeabi_uldivmod              
ffffffff  __binit__                     
ffffffff  __c_args__                    
UNDEFED   __mpu_init                    
00002c85  __signof                      
20000270  __stack                       
20000000  __start___llvm_prf_cnts       
20000000  __stop___llvm_prf_cnts        
000045d1  _c_int00_noargs               
00004814  _ctypes_                      
2000231c  _lock                         
000018d7  _nop                          
2000233c  _running                      
20001270  _sys_memory                   
UNDEFED   _system_post_cinit            
0000480d  _system_pre_init              
200022dc  _timeout_ticks                
20002320  _unlock                       
00004811  abort                         
00003a35  aligned_alloc                 
00004395  atoi                          
000018d9  avoid_collision               
ffffffff  binit                         
0000452d  calloc                        
000046e1  copysign                      
000046e1  copysignl                     
000026c9  cyBOT_SERVO_cal               
00002657  cyBOT_Scan                    
000025ff  cyBOT_init_Scan               
2000232c  cyBOT_scan_features           
000025f1  cyBOT_scan_version            
20002334  errno                         
200022e0  fallingEdge                   
00003c31  free                          
00004235  frexp                         
00004235  frexpl                        
20000000  g_pfnRAMVectors               
00000000  g_pfnVectors                  
0000097b  go_charge                     
000038bb  ir_enableInterrupt            
0000389d  ir_getDistance                
00003875  ir_getValue                   
0000380d  ir_init                       
200022f8  isRisingEdge                  
200022e4  isr_int_value                 
000047bb  lcd_clear                     
0000222d  lcd_gotoLine                  
00002095  lcd_init                      
00002293  lcd_printf                    
00002155  lcd_putc                      
0000218d  lcd_puts                      
00002059  lcd_reverseNibble             
000021ab  lcd_sendCommand               
000021e9  lcd_sendNibble                
00002255  lcd_setCursorPos              
00003925  ldexp                         
00003925  ldexpl                        
200022e8  left_calibration_value        
00001e75  main                          
00004805  malloc                        
00003a35  memalign                      
000046c5  memccpy                       
00003dc7  memcpy                        
0000400d  memset                        
200022fc  motor_cal_factor_L            
20002300  motor_cal_factor_R            
00002dbf  mvmt_drive                    
00002cc7  mvmt_turn                     
0000026d  oi_alloc                      
00000aa5  oi_checkFirmware              
000002c3  oi_close                      
00000279  oi_free                       
00000de9  oi_getMotorCalibrationLeft    
00000dfd  oi_getMotorCalibrationRight   
000002ad  oi_init                       
00000289  oi_init_noupdate              
00000911  oi_loadSong                   
0000472b  oi_parseInt                   
00000327  oi_parsePacket                
00000967  oi_play_song                  
00000847  oi_setLeds                    
00000dad  oi_setMotorCalibration        
0000088b  oi_setWheels                  
00000b4d  oi_shutoff_init               
00000989  oi_uartInit                   
00000a2d  oi_uartReceive                
00000a73  oi_uartSendBuff               
00000a11  oi_uartSendChar               
00000a55  oi_uartSendStr                
000002d5  oi_update                     
00002bdb  ping_getDistance              
00002a99  ping_init                     
00002b1f  ping_trigger                  
200022ec  pulseLength                   
200022f0  right_calibration_value       
200022f4  risingEdge                    
00003925  scalbn                        
00003925  scalbnl                       
00001963  scan_around                   
00001b41  scan_smallest                 
000019f3  scan_until                    
000031f5  servo_init                    
00003285  servo_move                    
000032e5  servo_setPWM                  
00003279  servo_stop                    
0000446d  sprintf                       
0000475b  strchr                        
00004743  strcmp                        
00004771  strcpy                        
00004785  strlen                        
0000296f  timer_getMicros               
00002917  timer_getMillis               
00002851  timer_init                    
000028f3  timer_pause                   
00002905  timer_resume                  
000028c9  timer_stop                    
000029c9  timer_waitMicros              
000029fb  timer_waitMillis              
000035c1  uart_init                     
00003665  uart_recieve                  
00003645  uart_send                     
00003685  uart_sendString               
000044ad  vsnprintf                     
00004799  wcslen                        


GLOBAL SYMBOLS: SORTED BY Symbol Address 

address   name                          
-------   ----                          
00000000  __TI_static_base__            
00000000  g_pfnVectors                  
0000026d  oi_alloc                      
00000279  oi_free                       
00000289  oi_init_noupdate              
000002ad  oi_init                       
000002c3  oi_close                      
000002d5  oi_update                     
00000327  oi_parsePacket                
00000847  oi_setLeds                    
0000088b  oi_setWheels                  
00000911  oi_loadSong                   
00000967  oi_play_song                  
0000097b  go_charge                     
00000989  oi_uartInit                   
00000a11  oi_uartSendChar               
00000a2d  oi_uartReceive                
00000a55  oi_uartSendStr                
00000a73  oi_uartSendBuff               
00000aa5  oi_checkFirmware              
00000b4d  oi_shutoff_init               
00000bbf  GPIOF_Handler                 
00000dad  oi_setMotorCalibration        
00000de9  oi_getMotorCalibrationLeft    
00000dfd  oi_getMotorCalibrationRight   
00000e89  __TI_printfi                  
00001000  __STACK_SIZE                  
00001000  __SYSMEM_SIZE                 
000018d7  _nop                          
000018d9  avoid_collision               
00001963  scan_around                   
000019cf  IR_validated                  
000019f3  scan_until                    
00001b41  scan_smallest                 
00001e75  main                          
00002059  lcd_reverseNibble             
00002095  lcd_init                      
00002155  lcd_putc                      
0000218d  lcd_puts                      
000021ab  lcd_sendCommand               
000021e9  lcd_sendNibble                
0000222d  lcd_gotoLine                  
00002255  lcd_setCursorPos              
00002293  lcd_printf                    
000025f1  cyBOT_scan_version            
000025ff  cyBOT_init_Scan               
00002657  cyBOT_Scan                    
000026c9  cyBOT_SERVO_cal               
00002851  timer_init                    
000028c9  timer_stop                    
000028f3  timer_pause                   
00002905  timer_resume                  
00002917  timer_getMillis               
0000296f  timer_getMicros               
000029c9  timer_waitMicros              
000029fb  timer_waitMillis              
00002a99  ping_init                     
00002b1f  ping_trigger                  
00002b89  TIMER3B_Handler               
00002bdb  ping_getDistance              
00002c85  __signof                      
00002cc7  mvmt_turn                     
00002dbf  mvmt_drive                    
0000303d  __aeabi_dsub                  
00003047  __aeabi_dadd                  
000031f3  __aeabi_idiv0                 
000031f3  __aeabi_ldiv0                 
000031f5  servo_init                    
00003279  servo_stop                    
00003285  servo_move                    
000032e5  servo_setPWM                  
00003489  __aeabi_ddiv                  
000035c1  uart_init                     
00003645  uart_send                     
00003665  uart_recieve                  
00003685  uart_sendString               
0000380d  ir_init                       
00003875  ir_getValue                   
0000389d  ir_getDistance                
000038a5  ADC0SS0_Handler               
000038bb  ir_enableInterrupt            
00003925  ldexp                         
00003925  ldexpl                        
00003925  scalbn                        
00003925  scalbnl                       
00003a35  aligned_alloc                 
00003a35  memalign                      
00003b35  __aeabi_dmul                  
00003c31  free                          
00003dc7  __aeabi_memcpy                
00003dc7  __aeabi_memcpy4               
00003dc7  __aeabi_memcpy8               
00003dc7  memcpy                        
00003e63  __aeabi_uldivmod              
00003ef9  __aeabi_cdcmpeq               
00003ef9  __aeabi_cdcmple               
00003f7f  __aeabi_cdrcmple              
00004005  __aeabi_memclr                
00004005  __aeabi_memclr4               
00004005  __aeabi_memclr8               
00004007  __aeabi_memset                
00004007  __aeabi_memset4               
00004007  __aeabi_memset8               
0000400d  memset                        
0000415f  __aeabi_d2f                   
000041cd  __TI_decompress_lzss          
00004235  frexp                         
00004235  frexpl                        
000042ef  __TI_ltoa                     
00004395  atoi                          
000043e1  __aeabi_d2iz                  
00004429  __TI_auto_init_nobinit_nopinit
0000446d  sprintf                       
000044ad  vsnprintf                     
0000452d  calloc                        
00004565  __aeabi_f2d                   
0000459d  IntRegister                   
000045d1  _c_int00_noargs               
00004635  __aeabi_i2d                   
0000468d  __TI_zero_init_nomemset       
000046c5  memccpy                       
000046e1  copysign                      
000046e1  copysignl                     
0000472b  oi_parseInt                   
00004743  strcmp                        
0000475b  strchr                        
00004771  strcpy                        
00004785  strlen                        
00004799  wcslen                        
000047ab  IntMasterEnable               
000047bb  lcd_clear                     
000047cb  __TI_decompress_none          
000047d9  CPUcpsie                      
000047e5  ResetISR                      
000047fd  __aeabi_errno_addr            
00004805  malloc                        
0000480d  _system_pre_init              
00004811  C$$EXIT                       
00004811  abort                         
00004814  _ctypes_                      
0000496c  __TI_Handler_Table_Base       
00004978  __TI_Handler_Table_Limit      
00004988  __TI_CINIT_Base               
000049a0  __TI_CINIT_Limit              
20000000  __start___llvm_prf_cnts       
20000000  __stop___llvm_prf_cnts        
20000000  g_pfnRAMVectors               
20000270  __stack                       
20000470  __STACK_TOP                   
20001270  __STACK_END                   
20001270  _sys_memory                   
200022dc  _timeout_ticks                
200022e0  fallingEdge                   
200022e4  isr_int_value                 
200022e8  left_calibration_value        
200022ec  pulseLength                   
200022f0  right_calibration_value       
200022f4  risingEdge                    
200022f8  isRisingEdge                  
200022fc  motor_cal_factor_L            
20002300  motor_cal_factor_R            
2000231c  _lock                         
20002320  _unlock                       
2000232c  cyBOT_scan_features           
20002334  errno                         
2000233c  _running                      
ffffffff  __TI_pprof_out_hndl           
ffffffff  __TI_prof_data_size           
ffffffff  __TI_prof_data_start          
ffffffff  __binit__                     
ffffffff  __c_args__                    
ffffffff  binit                         
UNDEFED   __mpu_init                    
UNDEFED   _system_post_cinit            

[174 symbols]
