******************************************************************************
                  TI ARM Linker PC v20.2.6                     
******************************************************************************
>> Linked Thu Mar 23 14:08:28 2023

OUTPUT FILE NAME:   <Lab7.out>
ENTRY POINT SYMBOL: "_c_int00_noargs"  address: 0000468d


MEMORY CONFIGURATION

         name            origin    length      used     unused   attr    fill
----------------------  --------  ---------  --------  --------  ----  --------
  FLASH                 00000000   00040000  00004a44  0003b5bc  R  X
  SRAM                  20000000   00008000  00002336  00005cca  RW X


SEGMENT ALLOCATION MAP

run origin  load origin   length   init length attrs members
----------  ----------- ---------- ----------- ----- -------
00000000    00000000    00004a48   00004a48    r-x
  00000000    00000000    0000026c   0000026c    r-- .intvecs
  0000026c    0000026c    00004664   00004664    r-x .text
  000048d0    000048d0    00000124   00000124    r-- .const
  000049f8    000049f8    00000050   00000050    r-- .cinit
20000000    20000000    0000233d   00000000    rw-
  20000000    20000000    0000026c   00000000    rw- .vtable
  20000270    20000270    00001000   00000000    rw- .stack
  20001270    20001270    00001000   00000000    rw- .sysmem
  20002270    20002270    00000089   00000000    rw- .bss
  200022fc    200022fc    00000041   00000000    rw- .data


SECTION ALLOCATION MAP

 output                                  attributes/
section   page    origin      length       input sections
--------  ----  ----------  ----------   ----------------
.intvecs   0    00000000    0000026c     
                  00000000    0000026c     tm4c123gh6pm_startup_ccs.obj (.intvecs)

.text      0    0000026c    00004664     
                  0000026c    00000c1c     open_interface.obj (.text)
                  00000e88    00000a4e     rtsv7M4_T_le_v4SPD16_eabi.lib : _printfi.c.obj (.text:__TI_printfi)
                  000018d6    00000002                                   : _lock.c.obj (.text:_nop)
                  000018d8    0000083c     main.obj (.text)
                  00002114    00000328     lcd.obj (.text)
                  0000243c    00000270     rtsv7M4_T_le_v4SPD16_eabi.lib : _printfi.c.obj (.text:_pconv_a)
                  000026ac    00000260     libcybotScan.lib : cyBot_Scan.obj (.text)
                  0000290c    00000248     Timer.obj (.text)
                  00002b54    000001ec     libcybotScan.lib : ping.obj (.text)
                  00002d40    000001e8     movement.obj (.text)
                  00002f28    000001d0     rtsv7M4_T_le_v4SPD16_eabi.lib : _printfi.c.obj (.text:_pconv_g)
                  000030f8    000001b6                                   : fd_add_t2.asm.obj (.text)
                  000032ae    00000002                                   : div0.asm.obj (.text)
                  000032b0    00000158     libcybotScan.lib : servo.obj (.text)
                  00003408    0000013c     rtsv7M4_T_le_v4SPD16_eabi.lib : _printfi.c.obj (.text:_pconv_e)
                  00003544    00000136                                   : fd_div_t2.asm.obj (.text)
                  0000367a    00000002     --HOLE-- [fill = 0]
                  0000367c    00000128     uart_com.obj (.text)
                  000037a4    00000124     rtsv7M4_T_le_v4SPD16_eabi.lib : _printfi.c.obj (.text:fcvt)
                  000038c8    00000118     libcybotScan.lib : ir.obj (.text)
                  000039e0    00000110     rtsv7M4_T_le_v4SPD16_eabi.lib : s_scalbn.c.obj (.text:scalbn)
                  00003af0    00000100                                   : memory.c.obj (.text:aligned_alloc)
                  00003bf0    000000fc                                   : fd_mul_t2.asm.obj (.text)
                  00003cec    000000e4                                   : memory.c.obj (.text:free)
                  00003dd0    000000b1                                   : _printfi.c.obj (.text:_ltostr)
                  00003e81    00000001     --HOLE-- [fill = 0]
                  00003e82    0000009c                                   : memcpy_t2.asm.obj (.text)
                  00003f1e    00000096                                   : ull_div_t2.asm.obj (.text)
                  00003fb4    00000086                                   : fd_cmp_t2.asm.obj (.text:__aeabi_cdcmple)
                  0000403a    00000086                                   : fd_cmp_t2.asm.obj (.text:__aeabi_cdrcmple)
                  000040c0    0000007a                                   : memset_t2.asm.obj (.text)
                  0000413a    00000002     --HOLE-- [fill = 0]
                  0000413c    00000070                                   : memory.c.obj (.text:split)
                  000041ac    0000006e                                   : _printfi.c.obj (.text:_mcpy)
                  0000421a    0000006e                                   : fd_tos_t2.asm.obj (.text)
                  00004288    00000068                                   : copy_decompress_lzss.c.obj (.text:decompress:lzss:__TI_decompress_lzss)
                  000042f0    00000064                                   : s_frexp.c.obj (.text:frexp)
                  00004354    00000056                                   : _printfi.c.obj (.text:_pconv_f)
                  000043aa    00000054                                   : _ltoa.c.obj (.text:__TI_ltoa)
                  000043fe    00000052                                   : _printfi.c.obj (.text:_ecpy)
                  00004450    0000004c                                   : atoi.c.obj (.text:atoi)
                  0000449c    00000048                                   : fd_toi_t2.asm.obj (.text)
                  000044e4    00000044                                   : autoinit.c.obj (.text:__TI_auto_init_nobinit_nopinit:__TI_auto_init_nobinit_nopinit)
                  00004528    00000040                                   : sprintf.c.obj (.text:sprintf)
                  00004568    00000040                                   : vsnprintf.c.obj (.text:vsnprintf)
                  000045a8    0000003e                                   : _printfi.c.obj (.text:_fcpy)
                  000045e6    00000002     --HOLE-- [fill = 0]
                  000045e8    00000038                                   : memory.c.obj (.text:calloc)
                  00004620    00000038                                   : fs_tod_t2.asm.obj (.text)
                  00004658    00000034     driverlib.lib : interrupt.obj (.text:IntRegister)
                  0000468c    00000034     rtsv7M4_T_le_v4SPD16_eabi.lib : boot_cortex_m.c.obj (.text:_c_int00_noargs:_c_int00_noargs)
                  000046c0    00000030                                   : vsnprintf.c.obj (.text:_outs)
                  000046f0    0000002e                                   : i_tofd_t2.asm.obj (.text)
                  0000471e    00000002     --HOLE-- [fill = 0]
                  00004720    00000028                                   : memory.c.obj (.text:free_list_insert)
                  00004748    0000001c                                   : copy_zero_init.c.obj (.text:decompress:ZI:__TI_zero_init_nomemset:__TI_zero_init_nomemset)
                  00004764    0000001c                                   : memory.c.obj (.text:free_list_remove)
                  00004780    0000001c                                   : memccpy.c.obj (.text:memccpy)
                  0000479c    0000001a                                   : s_copysign.c.obj (.text:copysign)
                  000047b6    00000018                                   : vsnprintf.c.obj (.text:_outc)
                  000047ce    00000018                                   : sprintf.c.obj (.text:_outs)
                  000047e6    00000018     open_interface.obj (.text:oi_parseInt)
                  000047fe    00000018     rtsv7M4_T_le_v4SPD16_eabi.lib : strcmp.c.obj (.text:strcmp)
                  00004816    00000016                                   : strchr.c.obj (.text:strchr)
                  0000482c    00000014                                   : strcpy.c.obj (.text:strcpy)
                  00004840    00000014                                   : strlen.c.obj (.text:strlen)
                  00004854    00000012                                   : wcslen.c.obj (.text:wcslen)
                  00004866    00000010     driverlib.lib : interrupt.obj (.text:IntMasterEnable)
                  00004876    00000010     lcd.obj (.text:lcd_clear)
                  00004886    0000000e     rtsv7M4_T_le_v4SPD16_eabi.lib : copy_decompress_none.c.obj (.text:decompress:none:__TI_decompress_none)
                  00004894    0000000c     driverlib.lib : cpu.obj (.text:CPUcpsie)
                  000048a0    0000000c     tm4c123gh6pm_startup_ccs.obj (.text)
                  000048ac    0000000a     rtsv7M4_T_le_v4SPD16_eabi.lib : sprintf.c.obj (.text:_outc)
                  000048b6    00000002     --HOLE-- [fill = 0]
                  000048b8    00000008                                   : errno.c.obj (.text:__aeabi_errno_addr)
                  000048c0    00000008                                   : memory.c.obj (.text:malloc)
                  000048c8    00000004                                   : pre_init.c.obj (.text:_system_pre_init)
                  000048cc    00000004                                   : exit.c.obj (.text:abort:abort)

.const     0    000048d0    00000124     
                  000048d0    00000101     rtsv7M4_T_le_v4SPD16_eabi.lib : ctype.c.obj (.const:.string:_ctypes_)
                  000049d1    0000000f     open_interface.obj (.const:.string:$P$T0$3)
                  000049e0    0000000c     main.obj (.const:$P$T2$1)
                  000049ec    00000004     lcd.obj (.const:.string:lineAddress$1)
                  000049f0    00000004     lcd.obj (.const:.string:lineAddresses$2)

.cinit     0    000049f8    00000050     
                  000049f8    00000019     (.cinit..data.load) [load image, compression = lzss]
                  00004a11    00000003     --HOLE-- [fill = 0]
                  00004a14    0000000c     (__TI_handler_table)
                  00004a20    00000008     (.cinit..bss.load) [load image, compression = zero_init]
                  00004a28    00000008     (.cinit..vtable.load) [load image, compression = zero_init]
                  00004a30    00000018     (__TI_cinit_table)

.init_array 
*          0    00000000    00000000     UNINITIALIZED

.vtable    0    20000000    0000026c     UNINITIALIZED
                  20000000    0000026c     driverlib.lib : interrupt.obj (.vtable)

.stack     0    20000270    00001000     UNINITIALIZED
                  20000270    00000004     rtsv7M4_T_le_v4SPD16_eabi.lib : boot_cortex_m.c.obj (.stack)
                  20000274    00000ffc     --HOLE--

.sysmem    0    20001270    00001000     UNINITIALIZED
                  20001270    00000010     rtsv7M4_T_le_v4SPD16_eabi.lib : memory.c.obj (.sysmem)
                  20001280    00000ff0     --HOLE--

.bss       0    20002270    00000089     UNINITIALIZED
                  20002270    00000054     lcd.obj (.bss:lastbuffer$3)
                  200022c4    00000018     open_interface.obj (.bss:firmware$2)
                  200022dc    00000004     (.common:_timeout_ticks)
                  200022e0    00000004     (.common:fallingEdge)
                  200022e4    00000004     (.common:isr_int_value)
                  200022e8    00000004     (.common:left_calibration_value)
                  200022ec    00000004     (.common:pulseLength)
                  200022f0    00000004     (.common:right_calibration_value)
                  200022f4    00000004     (.common:risingEdge)
                  200022f8    00000001     (.common:isRisingEdge)

.data      0    200022fc    00000041     UNINITIALIZED
                  200022fc    00000020     open_interface.obj (.data)
                  2000231c    00000008     rtsv7M4_T_le_v4SPD16_eabi.lib : _lock.c.obj (.data:$O1$$)
                  20002324    00000008                                   : memory.c.obj (.data:$O1$$)
                  2000232c    00000004     libcybotScan.lib : cyBot_Scan.obj (.data)
                  20002330    00000004     main.obj (.data)
                  20002334    00000004     rtsv7M4_T_le_v4SPD16_eabi.lib : errno.c.obj (.data)
                  20002338    00000004     uart_com.obj (.data)
                  2000233c    00000001     Timer.obj (.data)

__llvm_prf_cnts 
*          0    20000000    00000000     UNINITIALIZED

MODULE SUMMARY

       Module                         code    ro data   rw data
       ------                         ----    -------   -------
    .\
       open_interface.obj             3124    15        56     
       main.obj                       2108    12        12     
       lcd.obj                        824     8         84     
       tm4c123gh6pm_startup_ccs.obj   12      620       0      
       Timer.obj                      584     0         5      
       movement.obj                   488     0         0      
       uart_com.obj                   296     0         4      
    +--+------------------------------+-------+---------+---------+
       Total:                         7436    655       161    
                                                               
    ../libcybotScan.lib
       cyBot_Scan.obj                 608     0         4      
       ping.obj                       492     0         13     
       servo.obj                      344     0         0      
       ir.obj                         280     0         4      
    +--+------------------------------+-------+---------+---------+
       Total:                         1724    0         21     
                                                               
    C:/ti/TivaWare_C_Series-2.2.0.295/driverlib/ccs/Debug/driverlib.lib
       interrupt.obj                  68      0         620    
       cpu.obj                        12      0         0      
    +--+------------------------------+-------+---------+---------+
       Total:                         80      0         620    
                                                               
    C:\ti\ccs1200\ccs\tools\compiler\ti-cgt-arm_20.2.6.LTS\lib\rtsv7M4_T_le_v4SPD16_eabi.lib
       _printfi.c.obj                 4851    0         0      
       memory.c.obj                   728     0         8      
       fd_add_t2.asm.obj              438     0         0      
       fd_div_t2.asm.obj              310     0         0      
       s_scalbn.c.obj                 272     0         0      
       fd_cmp_t2.asm.obj              268     0         0      
       ctype.c.obj                    0       257       0      
       fd_mul_t2.asm.obj              252     0         0      
       memcpy_t2.asm.obj              156     0         0      
       ull_div_t2.asm.obj             150     0         0      
       vsnprintf.c.obj                136     0         0      
       memset_t2.asm.obj              122     0         0      
       fd_tos_t2.asm.obj              110     0         0      
       copy_decompress_lzss.c.obj     104     0         0      
       s_frexp.c.obj                  100     0         0      
       sprintf.c.obj                  98      0         0      
       _ltoa.c.obj                    84      0         0      
       atoi.c.obj                     76      0         0      
       fd_toi_t2.asm.obj              72      0         0      
       autoinit.c.obj                 68      0         0      
       fs_tod_t2.asm.obj              56      0         0      
       boot_cortex_m.c.obj            52      0         0      
       i_tofd_t2.asm.obj              46      0         0      
       copy_zero_init.c.obj           28      0         0      
       memccpy.c.obj                  28      0         0      
       s_copysign.c.obj               26      0         0      
       strcmp.c.obj                   24      0         0      
       strchr.c.obj                   22      0         0      
       strcpy.c.obj                   20      0         0      
       strlen.c.obj                   20      0         0      
       wcslen.c.obj                   18      0         0      
       copy_decompress_none.c.obj     14      0         0      
       errno.c.obj                    8       0         4      
       _lock.c.obj                    2       0         8      
       exit.c.obj                     4       0         0      
       pre_init.c.obj                 4       0         0      
       div0.asm.obj                   2       0         0      
    +--+------------------------------+-------+---------+---------+
       Total:                         8769    257       20     
                                                               
       Heap:                          0       0         4096   
       Stack:                         0       0         4096   
       Linker Generated:              0       77        0      
    +--+------------------------------+-------+---------+---------+
       Grand Total:                   18009   989       9014   


LINKER GENERATED COPY TABLES

__TI_cinit_table @ 00004a30 records: 3, size/record: 8, table size: 24
	.data: load addr=000049f8, load size=00000019 bytes, run addr=200022fc, run size=00000041 bytes, compression=lzss
	.bss: load addr=00004a20, load size=00000008 bytes, run addr=20002270, run size=00000089 bytes, compression=zero_init
	.vtable: load addr=00004a28, load size=00000008 bytes, run addr=20000000, run size=0000026c bytes, compression=zero_init


LINKER GENERATED HANDLER TABLE

__TI_handler_table @ 00004a14 records: 3, size/record: 4, table size: 12
	index: 0, handler: __TI_zero_init
	index: 1, handler: __TI_decompress_lzss
	index: 2, handler: __TI_decompress_none


GLOBAL SYMBOLS: SORTED ALPHABETICALLY BY Name 

address   name                          
-------   ----                          
00003961  ADC0SS0_Handler               
000048cd  C$$EXIT                       
00004895  CPUcpsie                      
00000bbf  GPIOF_Handler                 
000019cf  IR_dist_cm                    
00004867  IntMasterEnable               
00004659  IntRegister                   
000048a1  ResetISR                      
00002c45  TIMER3B_Handler               
20001270  __STACK_END                   
00001000  __STACK_SIZE                  
20000470  __STACK_TOP                   
00001000  __SYSMEM_SIZE                 
00004a30  __TI_CINIT_Base               
00004a48  __TI_CINIT_Limit              
00004a14  __TI_Handler_Table_Base       
00004a20  __TI_Handler_Table_Limit      
000044e5  __TI_auto_init_nobinit_nopinit
00004289  __TI_decompress_lzss          
00004887  __TI_decompress_none          
000043ab  __TI_ltoa                     
ffffffff  __TI_pprof_out_hndl           
00000e89  __TI_printfi                  
ffffffff  __TI_prof_data_size           
ffffffff  __TI_prof_data_start          
00000000  __TI_static_base__            
00004749  __TI_zero_init_nomemset       
00003fb5  __aeabi_cdcmpeq               
00003fb5  __aeabi_cdcmple               
0000403b  __aeabi_cdrcmple              
0000421b  __aeabi_d2f                   
0000449d  __aeabi_d2iz                  
00003103  __aeabi_dadd                  
00003545  __aeabi_ddiv                  
00003bf1  __aeabi_dmul                  
000030f9  __aeabi_dsub                  
000048b9  __aeabi_errno_addr            
00004621  __aeabi_f2d                   
000046f1  __aeabi_i2d                   
000032af  __aeabi_idiv0                 
000032af  __aeabi_ldiv0                 
000040c1  __aeabi_memclr                
000040c1  __aeabi_memclr4               
000040c1  __aeabi_memclr8               
00003e83  __aeabi_memcpy                
00003e83  __aeabi_memcpy4               
00003e83  __aeabi_memcpy8               
000040c3  __aeabi_memset                
000040c3  __aeabi_memset4               
000040c3  __aeabi_memset8               
00003f1f  __aeabi_uldivmod              
ffffffff  __binit__                     
ffffffff  __c_args__                    
UNDEFED   __mpu_init                    
00002d41  __signof                      
20000270  __stack                       
20000000  __start___llvm_prf_cnts       
20000000  __stop___llvm_prf_cnts        
0000468d  _c_int00_noargs               
000048d0  _ctypes_                      
2000231c  _lock                         
000018d7  _nop                          
2000233c  _running                      
20001270  _sys_memory                   
UNDEFED   _system_post_cinit            
000048c9  _system_pre_init              
200022dc  _timeout_ticks                
20002320  _unlock                       
000048cd  abort                         
00003af1  aligned_alloc                 
00004451  atoi                          
000018d9  avoid_collision               
ffffffff  binit                         
000045e9  calloc                        
00001add  convert_raw_ir_val            
0000479d  copysign                      
0000479d  copysignl                     
00002785  cyBOT_SERVO_cal               
00002713  cyBOT_Scan                    
000026bb  cyBOT_init_Scan               
2000232c  cyBOT_scan_features           
000026ad  cyBOT_scan_version            
20002334  errno                         
200022e0  fallingEdge                   
00003ced  free                          
000042f1  frexp                         
000042f1  frexpl                        
20000000  g_pfnRAMVectors               
00000000  g_pfnVectors                  
0000097b  go_charge                     
00003977  ir_enableInterrupt            
00003959  ir_getDistance                
00003931  ir_getValue                   
000038c9  ir_init                       
200022f8  isRisingEdge                  
200022e4  isr_int_value                 
00004877  lcd_clear                     
000022e9  lcd_gotoLine                  
00002151  lcd_init                      
0000234f  lcd_printf                    
00002211  lcd_putc                      
00002249  lcd_puts                      
00002115  lcd_reverseNibble             
00002267  lcd_sendCommand               
000022a5  lcd_sendNibble                
00002311  lcd_setCursorPos              
000039e1  ldexp                         
000039e1  ldexpl                        
200022e8  left_calibration_value        
00001f2d  main                          
000048c1  malloc                        
00003af1  memalign                      
00004781  memccpy                       
00003e83  memcpy                        
000040c9  memset                        
200022fc  motor_cal_factor_L            
20002300  motor_cal_factor_R            
00002e7b  mvmt_drive                    
00002d83  mvmt_turn                     
0000026d  oi_alloc                      
00000aa5  oi_checkFirmware              
000002c3  oi_close                      
00000279  oi_free                       
00000de9  oi_getMotorCalibrationLeft    
00000dfd  oi_getMotorCalibrationRight   
000002ad  oi_init                       
00000289  oi_init_noupdate              
00000911  oi_loadSong                   
000047e7  oi_parseInt                   
00000327  oi_parsePacket                
00000967  oi_play_song                  
00000847  oi_setLeds                    
00000dad  oi_setMotorCalibration        
0000088b  oi_setWheels                  
00000b4d  oi_shutoff_init               
00000989  oi_uartInit                   
00000a2d  oi_uartReceive                
00000a73  oi_uartSendBuff               
00000a11  oi_uartSendChar               
00000a55  oi_uartSendStr                
000002d5  oi_update                     
00002c97  ping_getDistance              
00002b55  ping_init                     
00002bdb  ping_trigger                  
200022ec  pulseLength                   
200022f0  right_calibration_value       
200022f4  risingEdge                    
000039e1  scalbn                        
000039e1  scalbnl                       
00001963  scan_around                   
00001c4d  scan_smallest                 
000019ed  scan_until                    
000032b1  servo_init                    
00003341  servo_move                    
000033a1  servo_setPWM                  
00003335  servo_stop                    
00004529  sprintf                       
00004817  strchr                        
000047ff  strcmp                        
0000482d  strcpy                        
00004841  strlen                        
00002a2b  timer_getMicros               
000029d3  timer_getMillis               
0000290d  timer_init                    
000029af  timer_pause                   
000029c1  timer_resume                  
00002985  timer_stop                    
00002a85  timer_waitMicros              
00002ab7  timer_waitMillis              
0000367d  uart_init                     
00003721  uart_recieve                  
00003701  uart_send                     
00003741  uart_sendString               
00004569  vsnprintf                     
00004855  wcslen                        


GLOBAL SYMBOLS: SORTED BY Symbol Address 

address   name                          
-------   ----                          
00000000  __TI_static_base__            
00000000  g_pfnVectors                  
0000026d  oi_alloc                      
00000279  oi_free                       
00000289  oi_init_noupdate              
000002ad  oi_init                       
000002c3  oi_close                      
000002d5  oi_update                     
00000327  oi_parsePacket                
00000847  oi_setLeds                    
0000088b  oi_setWheels                  
00000911  oi_loadSong                   
00000967  oi_play_song                  
0000097b  go_charge                     
00000989  oi_uartInit                   
00000a11  oi_uartSendChar               
00000a2d  oi_uartReceive                
00000a55  oi_uartSendStr                
00000a73  oi_uartSendBuff               
00000aa5  oi_checkFirmware              
00000b4d  oi_shutoff_init               
00000bbf  GPIOF_Handler                 
00000dad  oi_setMotorCalibration        
00000de9  oi_getMotorCalibrationLeft    
00000dfd  oi_getMotorCalibrationRight   
00000e89  __TI_printfi                  
00001000  __STACK_SIZE                  
00001000  __SYSMEM_SIZE                 
000018d7  _nop                          
000018d9  avoid_collision               
00001963  scan_around                   
000019cf  IR_dist_cm                    
000019ed  scan_until                    
00001add  convert_raw_ir_val            
00001c4d  scan_smallest                 
00001f2d  main                          
00002115  lcd_reverseNibble             
00002151  lcd_init                      
00002211  lcd_putc                      
00002249  lcd_puts                      
00002267  lcd_sendCommand               
000022a5  lcd_sendNibble                
000022e9  lcd_gotoLine                  
00002311  lcd_setCursorPos              
0000234f  lcd_printf                    
000026ad  cyBOT_scan_version            
000026bb  cyBOT_init_Scan               
00002713  cyBOT_Scan                    
00002785  cyBOT_SERVO_cal               
0000290d  timer_init                    
00002985  timer_stop                    
000029af  timer_pause                   
000029c1  timer_resume                  
000029d3  timer_getMillis               
00002a2b  timer_getMicros               
00002a85  timer_waitMicros              
00002ab7  timer_waitMillis              
00002b55  ping_init                     
00002bdb  ping_trigger                  
00002c45  TIMER3B_Handler               
00002c97  ping_getDistance              
00002d41  __signof                      
00002d83  mvmt_turn                     
00002e7b  mvmt_drive                    
000030f9  __aeabi_dsub                  
00003103  __aeabi_dadd                  
000032af  __aeabi_idiv0                 
000032af  __aeabi_ldiv0                 
000032b1  servo_init                    
00003335  servo_stop                    
00003341  servo_move                    
000033a1  servo_setPWM                  
00003545  __aeabi_ddiv                  
0000367d  uart_init                     
00003701  uart_send                     
00003721  uart_recieve                  
00003741  uart_sendString               
000038c9  ir_init                       
00003931  ir_getValue                   
00003959  ir_getDistance                
00003961  ADC0SS0_Handler               
00003977  ir_enableInterrupt            
000039e1  ldexp                         
000039e1  ldexpl                        
000039e1  scalbn                        
000039e1  scalbnl                       
00003af1  aligned_alloc                 
00003af1  memalign                      
00003bf1  __aeabi_dmul                  
00003ced  free                          
00003e83  __aeabi_memcpy                
00003e83  __aeabi_memcpy4               
00003e83  __aeabi_memcpy8               
00003e83  memcpy                        
00003f1f  __aeabi_uldivmod              
00003fb5  __aeabi_cdcmpeq               
00003fb5  __aeabi_cdcmple               
0000403b  __aeabi_cdrcmple              
000040c1  __aeabi_memclr                
000040c1  __aeabi_memclr4               
000040c1  __aeabi_memclr8               
000040c3  __aeabi_memset                
000040c3  __aeabi_memset4               
000040c3  __aeabi_memset8               
000040c9  memset                        
0000421b  __aeabi_d2f                   
00004289  __TI_decompress_lzss          
000042f1  frexp                         
000042f1  frexpl                        
000043ab  __TI_ltoa                     
00004451  atoi                          
0000449d  __aeabi_d2iz                  
000044e5  __TI_auto_init_nobinit_nopinit
00004529  sprintf                       
00004569  vsnprintf                     
000045e9  calloc                        
00004621  __aeabi_f2d                   
00004659  IntRegister                   
0000468d  _c_int00_noargs               
000046f1  __aeabi_i2d                   
00004749  __TI_zero_init_nomemset       
00004781  memccpy                       
0000479d  copysign                      
0000479d  copysignl                     
000047e7  oi_parseInt                   
000047ff  strcmp                        
00004817  strchr                        
0000482d  strcpy                        
00004841  strlen                        
00004855  wcslen                        
00004867  IntMasterEnable               
00004877  lcd_clear                     
00004887  __TI_decompress_none          
00004895  CPUcpsie                      
000048a1  ResetISR                      
000048b9  __aeabi_errno_addr            
000048c1  malloc                        
000048c9  _system_pre_init              
000048cd  C$$EXIT                       
000048cd  abort                         
000048d0  _ctypes_                      
00004a14  __TI_Handler_Table_Base       
00004a20  __TI_Handler_Table_Limit      
00004a30  __TI_CINIT_Base               
00004a48  __TI_CINIT_Limit              
20000000  __start___llvm_prf_cnts       
20000000  __stop___llvm_prf_cnts        
20000000  g_pfnRAMVectors               
20000270  __stack                       
20000470  __STACK_TOP                   
20001270  __STACK_END                   
20001270  _sys_memory                   
200022dc  _timeout_ticks                
200022e0  fallingEdge                   
200022e4  isr_int_value                 
200022e8  left_calibration_value        
200022ec  pulseLength                   
200022f0  right_calibration_value       
200022f4  risingEdge                    
200022f8  isRisingEdge                  
200022fc  motor_cal_factor_L            
20002300  motor_cal_factor_R            
2000231c  _lock                         
20002320  _unlock                       
2000232c  cyBOT_scan_features           
20002334  errno                         
2000233c  _running                      
ffffffff  __TI_pprof_out_hndl           
ffffffff  __TI_prof_data_size           
ffffffff  __TI_prof_data_start          
ffffffff  __binit__                     
ffffffff  __c_args__                    
ffffffff  binit                         
UNDEFED   __mpu_init                    
UNDEFED   _system_post_cinit            

[175 symbols]
