******************************************************************************
                  TI ARM Linker PC v20.2.6                     
******************************************************************************
>> Linked Thu Apr 13 14:45:00 2023

OUTPUT FILE NAME:   <Lab10.out>
ENTRY POINT SYMBOL: "_c_int00_noargs"  address: 000028a5


MEMORY CONFIGURATION

         name            origin    length      used     unused   attr    fill
----------------------  --------  ---------  --------  --------  ----  --------
  FLASH                 00000000   00040000  00002b95  0003d46b  R  X
  SRAM                  20000000   00008000  000022d9  00005d27  RW X


SEGMENT ALLOCATION MAP

run origin  load origin   length   init length attrs members
----------  ----------- ---------- ----------- ----- -------
00000000    00000000    00002b98   00002b98    r-x
  00000000    00000000    0000026c   0000026c    r-- .intvecs
  0000026c    0000026c    000027d8   000027d8    r-x .text
  00002a44    00002a44    00000109   00000109    r-- .const
  00002b50    00002b50    00000048   00000048    r-- .cinit
20000000    20000000    000022dd   00000000    rw-
  20000000    20000000    0000026c   00000000    rw- .vtable
  20000270    20000270    00001000   00000000    rw- .stack
  20001270    20001270    00001000   00000000    rw- .sysmem
  20002270    20002270    00000058   00000000    rw- .bss
  200022c8    200022c8    00000015   00000000    rw- .data


SECTION ALLOCATION MAP

 output                                  attributes/
section   page    origin      length       input sections
--------  ----  ----------  ----------   ----------------
.intvecs   0    00000000    0000026c     
                  00000000    0000026c     tm4c123gh6pm_startup_ccs.obj (.intvecs)

.text      0    0000026c    000027d8     
                  0000026c    00000a4e     rtsv7M4_T_le_v4SPD16_eabi.lib : _printfi.c.obj (.text:__TI_printfi)
                  00000cba    00000002                                   : div0.asm.obj (.text)
                  00000cbc    00000328     lcd.obj (.text)
                  00000fe4    00000270     rtsv7M4_T_le_v4SPD16_eabi.lib : _printfi.c.obj (.text:_pconv_a)
                  00001254    00000248     Timer.obj (.text)
                  0000149c    00000230     servo.obj (.text)
                  000016cc    000001d0     rtsv7M4_T_le_v4SPD16_eabi.lib : _printfi.c.obj (.text:_pconv_g)
                  0000189c    000001b6                                   : fd_add_t2.asm.obj (.text)
                  00001a52    00000002     --HOLE-- [fill = 0]
                  00001a54    0000013c                                   : _printfi.c.obj (.text:_pconv_e)
                  00001b90    00000136                                   : fd_div_t2.asm.obj (.text)
                  00001cc6    00000002     --HOLE-- [fill = 0]
                  00001cc8    00000124                                   : _printfi.c.obj (.text:fcvt)
                  00001dec    00000110                                   : s_scalbn.c.obj (.text:scalbn)
                  00001efc    000000fc                                   : fd_mul_t2.asm.obj (.text)
                  00001ff8    000000b1                                   : _printfi.c.obj (.text:_ltostr)
                  000020a9    00000001     --HOLE-- [fill = 0]
                  000020aa    0000009c                                   : memcpy_t2.asm.obj (.text)
                  00002146    00000096                                   : ull_div_t2.asm.obj (.text)
                  000021dc    00000086                                   : fd_cmp_t2.asm.obj (.text:__aeabi_cdcmple)
                  00002262    00000086                                   : fd_cmp_t2.asm.obj (.text:__aeabi_cdrcmple)
                  000022e8    00000080                                   : s_floorf.c.obj (.text:floorf)
                  00002368    0000007a                                   : memset_t2.asm.obj (.text)
                  000023e2    0000006e                                   : _printfi.c.obj (.text:_mcpy)
                  00002450    0000006e                                   : fd_tos_t2.asm.obj (.text)
                  000024be    00000068                                   : copy_decompress_lzss.c.obj (.text:decompress:lzss:__TI_decompress_lzss)
                  00002526    00000002     --HOLE-- [fill = 0]
                  00002528    00000064                                   : s_frexp.c.obj (.text:frexp)
                  0000258c    00000058     main.obj (.text)
                  000025e4    00000056     rtsv7M4_T_le_v4SPD16_eabi.lib : _printfi.c.obj (.text:_pconv_f)
                  0000263a    00000054                                   : _ltoa.c.obj (.text:__TI_ltoa)
                  0000268e    00000052                                   : _printfi.c.obj (.text:_ecpy)
                  000026e0    0000004c                                   : atoi.c.obj (.text:atoi)
                  0000272c    00000048                                   : fd_toi_t2.asm.obj (.text)
                  00002774    00000044                                   : autoinit.c.obj (.text:__TI_auto_init_nobinit_nopinit:__TI_auto_init_nobinit_nopinit)
                  000027b8    00000040                                   : vsnprintf.c.obj (.text:vsnprintf)
                  000027f8    0000003e                                   : _printfi.c.obj (.text:_fcpy)
                  00002836    00000038                                   : fs_tod_t2.asm.obj (.text)
                  0000286e    00000002     --HOLE-- [fill = 0]
                  00002870    00000034     driverlib.lib : interrupt.obj (.text:IntRegister)
                  000028a4    00000034     rtsv7M4_T_le_v4SPD16_eabi.lib : boot_cortex_m.c.obj (.text:_c_int00_noargs:_c_int00_noargs)
                  000028d8    00000030                                   : vsnprintf.c.obj (.text:_outs)
                  00002908    0000002e                                   : i_tofd_t2.asm.obj (.text)
                  00002936    0000001c                                   : copy_zero_init.c.obj (.text:decompress:ZI:__TI_zero_init_nomemset:__TI_zero_init_nomemset)
                  00002952    0000001c                                   : memccpy.c.obj (.text:memccpy)
                  0000296e    0000001a                                   : s_copysign.c.obj (.text:copysign)
                  00002988    00000018                                   : vsnprintf.c.obj (.text:_outc)
                  000029a0    00000018                                   : strcmp.c.obj (.text:strcmp)
                  000029b8    00000016                                   : strchr.c.obj (.text:strchr)
                  000029ce    00000014                                   : strcpy.c.obj (.text:strcpy)
                  000029e2    00000014                                   : strlen.c.obj (.text:strlen)
                  000029f6    00000012                                   : wcslen.c.obj (.text:wcslen)
                  00002a08    00000010     lcd.obj (.text:lcd_clear)
                  00002a18    0000000e     rtsv7M4_T_le_v4SPD16_eabi.lib : copy_decompress_none.c.obj (.text:decompress:none:__TI_decompress_none)
                  00002a26    0000000c     tm4c123gh6pm_startup_ccs.obj (.text)
                  00002a32    00000002     --HOLE-- [fill = 0]
                  00002a34    00000008     rtsv7M4_T_le_v4SPD16_eabi.lib : errno.c.obj (.text:__aeabi_errno_addr)
                  00002a3c    00000004                                   : pre_init.c.obj (.text:_system_pre_init)
                  00002a40    00000004                                   : exit.c.obj (.text:abort:abort)

.const     0    00002a44    00000109     
                  00002a44    00000101     rtsv7M4_T_le_v4SPD16_eabi.lib : ctype.c.obj (.const:.string:_ctypes_)
                  00002b45    00000004     lcd.obj (.const:.string:lineAddress$1)
                  00002b49    00000004     lcd.obj (.const:.string:lineAddresses$2)

.cinit     0    00002b50    00000048     
                  00002b50    00000010     (.cinit..data.load) [load image, compression = lzss]
                  00002b60    0000000c     (__TI_handler_table)
                  00002b6c    00000004     --HOLE-- [fill = 0]
                  00002b70    00000008     (.cinit..bss.load) [load image, compression = zero_init]
                  00002b78    00000008     (.cinit..vtable.load) [load image, compression = zero_init]
                  00002b80    00000018     (__TI_cinit_table)

.init_array 
*          0    00000000    00000000     UNINITIALIZED

.vtable    0    20000000    0000026c     UNINITIALIZED
                  20000000    0000026c     driverlib.lib : interrupt.obj (.vtable)

.stack     0    20000270    00001000     UNINITIALIZED
                  20000270    00000004     rtsv7M4_T_le_v4SPD16_eabi.lib : boot_cortex_m.c.obj (.stack)
                  20000274    00000ffc     --HOLE--

.sysmem    0    20001270    00001000     UNINITIALIZED
                  20001270    00000010     rtsv7M4_T_le_v4SPD16_eabi.lib : memory.c.obj (.sysmem)
                  20001280    00000ff0     --HOLE--

.bss       0    20002270    00000058     UNINITIALIZED
                  20002270    00000054     lcd.obj (.bss:lastbuffer$3)
                  200022c4    00000004     (.common:_timeout_ticks)

.data      0    200022c8    00000015     UNINITIALIZED
                  200022c8    00000010     servo.obj (.data)
                  200022d8    00000004     rtsv7M4_T_le_v4SPD16_eabi.lib : errno.c.obj (.data)
                  200022dc    00000001     Timer.obj (.data)

__llvm_prf_cnts 
*          0    20000000    00000000     UNINITIALIZED

MODULE SUMMARY

       Module                         code    ro data   rw data
       ------                         ----    -------   -------
    .\
       lcd.obj                        824     8         84     
       tm4c123gh6pm_startup_ccs.obj   12      620       0      
       Timer.obj                      584     0         5      
       servo.obj                      560     0         16     
       main.obj                       88      0         0      
    +--+------------------------------+-------+---------+---------+
       Total:                         2068    628       105    
                                                               
    C:/ti/TivaWare_C_Series-2.2.0.295/driverlib/ccs/Debug/driverlib.lib
       interrupt.obj                  52      0         620    
    +--+------------------------------+-------+---------+---------+
       Total:                         52      0         620    
                                                               
    C:\ti\ccs1200\ccs\tools\compiler\ti-cgt-arm_20.2.6.LTS\lib\rtsv7M4_T_le_v4SPD16_eabi.lib
       _printfi.c.obj                 4851    0         0      
       fd_add_t2.asm.obj              438     0         0      
       fd_div_t2.asm.obj              310     0         0      
       s_scalbn.c.obj                 272     0         0      
       fd_cmp_t2.asm.obj              268     0         0      
       ctype.c.obj                    0       257       0      
       fd_mul_t2.asm.obj              252     0         0      
       memcpy_t2.asm.obj              156     0         0      
       ull_div_t2.asm.obj             150     0         0      
       vsnprintf.c.obj                136     0         0      
       s_floorf.c.obj                 128     0         0      
       memset_t2.asm.obj              122     0         0      
       fd_tos_t2.asm.obj              110     0         0      
       copy_decompress_lzss.c.obj     104     0         0      
       s_frexp.c.obj                  100     0         0      
       _ltoa.c.obj                    84      0         0      
       atoi.c.obj                     76      0         0      
       fd_toi_t2.asm.obj              72      0         0      
       autoinit.c.obj                 68      0         0      
       fs_tod_t2.asm.obj              56      0         0      
       boot_cortex_m.c.obj            52      0         0      
       i_tofd_t2.asm.obj              46      0         0      
       copy_zero_init.c.obj           28      0         0      
       memccpy.c.obj                  28      0         0      
       s_copysign.c.obj               26      0         0      
       strcmp.c.obj                   24      0         0      
       strchr.c.obj                   22      0         0      
       strcpy.c.obj                   20      0         0      
       strlen.c.obj                   20      0         0      
       wcslen.c.obj                   18      0         0      
       copy_decompress_none.c.obj     14      0         0      
       errno.c.obj                    8       0         4      
       exit.c.obj                     4       0         0      
       pre_init.c.obj                 4       0         0      
       div0.asm.obj                   2       0         0      
    +--+------------------------------+-------+---------+---------+
       Total:                         8069    257       4      
                                                               
       Heap:                          0       0         4096   
       Stack:                         0       0         4096   
       Linker Generated:              0       68        0      
    +--+------------------------------+-------+---------+---------+
       Grand Total:                   10189   953       8921   


LINKER GENERATED COPY TABLES

__TI_cinit_table @ 00002b80 records: 3, size/record: 8, table size: 24
	.data: load addr=00002b50, load size=00000010 bytes, run addr=200022c8, run size=00000015 bytes, compression=lzss
	.bss: load addr=00002b70, load size=00000008 bytes, run addr=20002270, run size=00000058 bytes, compression=zero_init
	.vtable: load addr=00002b78, load size=00000008 bytes, run addr=20000000, run size=0000026c bytes, compression=zero_init


LINKER GENERATED HANDLER TABLE

__TI_handler_table @ 00002b60 records: 3, size/record: 4, table size: 12
	index: 0, handler: __TI_zero_init
	index: 1, handler: __TI_decompress_lzss
	index: 2, handler: __TI_decompress_none


GLOBAL SYMBOLS: SORTED ALPHABETICALLY BY Name 

address   name                          
-------   ----                          
00002a41  C$$EXIT                       
00002871  IntRegister                   
00002a27  ResetISR                      
20001270  __STACK_END                   
00001000  __STACK_SIZE                  
20000470  __STACK_TOP                   
00001000  __SYSMEM_SIZE                 
00002b80  __TI_CINIT_Base               
00002b98  __TI_CINIT_Limit              
00002b60  __TI_Handler_Table_Base       
00002b6c  __TI_Handler_Table_Limit      
00002775  __TI_auto_init_nobinit_nopinit
000024bf  __TI_decompress_lzss          
00002a19  __TI_decompress_none          
0000263b  __TI_ltoa                     
ffffffff  __TI_pprof_out_hndl           
0000026d  __TI_printfi                  
ffffffff  __TI_prof_data_size           
ffffffff  __TI_prof_data_start          
00000000  __TI_static_base__            
00002937  __TI_zero_init_nomemset       
000021dd  __aeabi_cdcmpeq               
000021dd  __aeabi_cdcmple               
00002263  __aeabi_cdrcmple              
00002451  __aeabi_d2f                   
0000272d  __aeabi_d2iz                  
000018a7  __aeabi_dadd                  
00001b91  __aeabi_ddiv                  
00001efd  __aeabi_dmul                  
0000189d  __aeabi_dsub                  
00002a35  __aeabi_errno_addr            
00002837  __aeabi_f2d                   
00002909  __aeabi_i2d                   
00000cbb  __aeabi_idiv0                 
00000cbb  __aeabi_ldiv0                 
00002369  __aeabi_memclr                
00002369  __aeabi_memclr4               
00002369  __aeabi_memclr8               
000020ab  __aeabi_memcpy                
000020ab  __aeabi_memcpy4               
000020ab  __aeabi_memcpy8               
0000236b  __aeabi_memset                
0000236b  __aeabi_memset4               
0000236b  __aeabi_memset8               
00002147  __aeabi_uldivmod              
ffffffff  __binit__                     
ffffffff  __c_args__                    
UNDEFED   __mpu_init                    
20000270  __stack                       
20000000  __start___llvm_prf_cnts       
20000000  __stop___llvm_prf_cnts        
000028a5  _c_int00_noargs               
00002a44  _ctypes_                      
200022dc  _running                      
20001270  _sys_memory                   
UNDEFED   _system_post_cinit            
00002a3d  _system_pre_init              
200022c4  _timeout_ticks                
00002a41  abort                         
00001523  angle_to_pwm                  
000026e1  atoi                          
ffffffff  binit                         
0000296f  copysign                      
0000296f  copysignl                     
200022d8  errno                         
000022e9  floorf                        
00002529  frexp                         
00002529  frexpl                        
20000000  g_pfnRAMVectors               
00000000  g_pfnVectors                  
00002a09  lcd_clear                     
00000e91  lcd_gotoLine                  
00000cf9  lcd_init                      
00000ef7  lcd_printf                    
00000db9  lcd_putc                      
00000df1  lcd_puts                      
00000cbd  lcd_reverseNibble             
00000e0f  lcd_sendCommand               
00000e4d  lcd_sendNibble                
00000eb9  lcd_setCursorPos              
00001ded  ldexp                         
00001ded  ldexpl                        
0000258d  main                          
00002953  memccpy                       
000020ab  memcpy                        
00002371  memset                        
00001ded  scalbn                        
00001ded  scalbnl                       
000015bf  servo_init                    
00001643  servo_move                    
0000149d  set_pwm                       
000029b9  strchr                        
000029a1  strcmp                        
000029cf  strcpy                        
000029e3  strlen                        
00001373  timer_getMicros               
0000131b  timer_getMillis               
00001255  timer_init                    
000012f7  timer_pause                   
00001309  timer_resume                  
000012cd  timer_stop                    
000013cd  timer_waitMicros              
000013ff  timer_waitMillis              
000027b9  vsnprintf                     
000029f7  wcslen                        


GLOBAL SYMBOLS: SORTED BY Symbol Address 

address   name                          
-------   ----                          
00000000  __TI_static_base__            
00000000  g_pfnVectors                  
0000026d  __TI_printfi                  
00000cbb  __aeabi_idiv0                 
00000cbb  __aeabi_ldiv0                 
00000cbd  lcd_reverseNibble             
00000cf9  lcd_init                      
00000db9  lcd_putc                      
00000df1  lcd_puts                      
00000e0f  lcd_sendCommand               
00000e4d  lcd_sendNibble                
00000e91  lcd_gotoLine                  
00000eb9  lcd_setCursorPos              
00000ef7  lcd_printf                    
00001000  __STACK_SIZE                  
00001000  __SYSMEM_SIZE                 
00001255  timer_init                    
000012cd  timer_stop                    
000012f7  timer_pause                   
00001309  timer_resume                  
0000131b  timer_getMillis               
00001373  timer_getMicros               
000013cd  timer_waitMicros              
000013ff  timer_waitMillis              
0000149d  set_pwm                       
00001523  angle_to_pwm                  
000015bf  servo_init                    
00001643  servo_move                    
0000189d  __aeabi_dsub                  
000018a7  __aeabi_dadd                  
00001b91  __aeabi_ddiv                  
00001ded  ldexp                         
00001ded  ldexpl                        
00001ded  scalbn                        
00001ded  scalbnl                       
00001efd  __aeabi_dmul                  
000020ab  __aeabi_memcpy                
000020ab  __aeabi_memcpy4               
000020ab  __aeabi_memcpy8               
000020ab  memcpy                        
00002147  __aeabi_uldivmod              
000021dd  __aeabi_cdcmpeq               
000021dd  __aeabi_cdcmple               
00002263  __aeabi_cdrcmple              
000022e9  floorf                        
00002369  __aeabi_memclr                
00002369  __aeabi_memclr4               
00002369  __aeabi_memclr8               
0000236b  __aeabi_memset                
0000236b  __aeabi_memset4               
0000236b  __aeabi_memset8               
00002371  memset                        
00002451  __aeabi_d2f                   
000024bf  __TI_decompress_lzss          
00002529  frexp                         
00002529  frexpl                        
0000258d  main                          
0000263b  __TI_ltoa                     
000026e1  atoi                          
0000272d  __aeabi_d2iz                  
00002775  __TI_auto_init_nobinit_nopinit
000027b9  vsnprintf                     
00002837  __aeabi_f2d                   
00002871  IntRegister                   
000028a5  _c_int00_noargs               
00002909  __aeabi_i2d                   
00002937  __TI_zero_init_nomemset       
00002953  memccpy                       
0000296f  copysign                      
0000296f  copysignl                     
000029a1  strcmp                        
000029b9  strchr                        
000029cf  strcpy                        
000029e3  strlen                        
000029f7  wcslen                        
00002a09  lcd_clear                     
00002a19  __TI_decompress_none          
00002a27  ResetISR                      
00002a35  __aeabi_errno_addr            
00002a3d  _system_pre_init              
00002a41  C$$EXIT                       
00002a41  abort                         
00002a44  _ctypes_                      
00002b60  __TI_Handler_Table_Base       
00002b6c  __TI_Handler_Table_Limit      
00002b80  __TI_CINIT_Base               
00002b98  __TI_CINIT_Limit              
20000000  __start___llvm_prf_cnts       
20000000  __stop___llvm_prf_cnts        
20000000  g_pfnRAMVectors               
20000270  __stack                       
20000470  __STACK_TOP                   
20001270  __STACK_END                   
20001270  _sys_memory                   
200022c4  _timeout_ticks                
200022d8  errno                         
200022dc  _running                      
ffffffff  __TI_pprof_out_hndl           
ffffffff  __TI_prof_data_size           
ffffffff  __TI_prof_data_start          
ffffffff  __binit__                     
ffffffff  __c_args__                    
ffffffff  binit                         
UNDEFED   __mpu_init                    
UNDEFED   _system_post_cinit            

[105 symbols]
