******************************************************************************
                  TI ARM Linker PC v20.2.6                     
******************************************************************************
>> Linked Mon Mar 27 16:00:35 2023

OUTPUT FILE NAME:   <Lab8.out>
ENTRY POINT SYMBOL: "_c_int00_noargs"  address: 00004ce9


MEMORY CONFIGURATION

         name            origin    length      used     unused   attr    fill
----------------------  --------  ---------  --------  --------  ----  --------
  FLASH                 00000000   00040000  000050fc  0003af04  R  X
  SRAM                  20000000   00008000  00002332  00005cce  RW X


SEGMENT ALLOCATION MAP

run origin  load origin   length   init length attrs members
----------  ----------- ---------- ----------- ----- -------
00000000    00000000    00005100   00005100    r-x
  00000000    00000000    0000026c   0000026c    r-- .intvecs
  0000026c    0000026c    00004d00   00004d00    r-x .text
  00004f6c    00004f6c    00000140   00000140    r-- .const
  000050b0    000050b0    00000050   00000050    r-- .cinit
20000000    20000000    00002339   00000000    rw-
  20000000    20000000    0000026c   00000000    rw- .vtable
  20000270    20000270    00001000   00000000    rw- .stack
  20001270    20001270    00001000   00000000    rw- .sysmem
  20002270    20002270    00000089   00000000    rw- .bss
  200022fc    200022fc    0000003d   00000000    rw- .data


SECTION ALLOCATION MAP

 output                                  attributes/
section   page    origin      length       input sections
--------  ----  ----------  ----------   ----------------
.intvecs   0    00000000    0000026c     
                  00000000    0000026c     tm4c123gh6pm_startup_ccs.obj (.intvecs)

.text      0    0000026c    00004d00     
                  0000026c    00000c1c     open_interface.obj (.text)
                  00000e88    00000a4e     rtsv7M4_T_le_v4SPD16_eabi.lib : _printfi.c.obj (.text:__TI_printfi)
                  000018d6    00000002                                   : _lock.c.obj (.text:_nop)
                  000018d8    000006f4     main.obj (.text)
                  00001fcc    0000058c     rtsv7M4_T_le_v4SPD16_eabi.lib : e_powf.c.obj (.text:powf)
                  00002558    00000328     lcd.obj (.text)
                  00002880    00000270     rtsv7M4_T_le_v4SPD16_eabi.lib : _printfi.c.obj (.text:_pconv_a)
                  00002af0    00000260     libcybotScan.lib : cyBot_Scan.obj (.text)
                  00002d50    00000248     Timer.obj (.text)
                  00002f98    000001ec     libcybotScan.lib : ping.obj (.text)
                  00003184    000001e8     movement.obj (.text)
                  0000336c    000001d0     rtsv7M4_T_le_v4SPD16_eabi.lib : _printfi.c.obj (.text:_pconv_g)
                  0000353c    000001b6                                   : fd_add_t2.asm.obj (.text)
                  000036f2    00000002                                   : div0.asm.obj (.text)
                  000036f4    00000158     libcybotScan.lib : servo.obj (.text)
                  0000384c    00000148     adc.obj (.text)
                  00003994    0000013c     rtsv7M4_T_le_v4SPD16_eabi.lib : _printfi.c.obj (.text:_pconv_e)
                  00003ad0    00000136                                   : fd_div_t2.asm.obj (.text)
                  00003c06    00000002     --HOLE-- [fill = 0]
                  00003c08    00000128     uart_com.obj (.text)
                  00003d30    00000124     rtsv7M4_T_le_v4SPD16_eabi.lib : _printfi.c.obj (.text:fcvt)
                  00003e54    00000118     libcybotScan.lib : ir.obj (.text)
                  00003f6c    00000110     rtsv7M4_T_le_v4SPD16_eabi.lib : s_scalbn.c.obj (.text:scalbn)
                  0000407c    00000100                                   : memory.c.obj (.text:aligned_alloc)
                  0000417c    000000fc                                   : fd_mul_t2.asm.obj (.text)
                  00004278    000000e4                                   : memory.c.obj (.text:free)
                  0000435c    000000d0                                   : s_scalbnf.c.obj (.text:scalbnf)
                  0000442c    000000b1                                   : _printfi.c.obj (.text:_ltostr)
                  000044dd    00000001     --HOLE-- [fill = 0]
                  000044de    0000009c                                   : memcpy_t2.asm.obj (.text)
                  0000457a    00000096                                   : ull_div_t2.asm.obj (.text)
                  00004610    00000086                                   : fd_cmp_t2.asm.obj (.text:__aeabi_cdcmple)
                  00004696    00000086                                   : fd_cmp_t2.asm.obj (.text:__aeabi_cdrcmple)
                  0000471c    0000007a                                   : memset_t2.asm.obj (.text)
                  00004796    00000002     --HOLE-- [fill = 0]
                  00004798    00000070                                   : memory.c.obj (.text:split)
                  00004808    0000006e                                   : _printfi.c.obj (.text:_mcpy)
                  00004876    0000006e                                   : fd_tos_t2.asm.obj (.text)
                  000048e4    00000068                                   : copy_decompress_lzss.c.obj (.text:decompress:lzss:__TI_decompress_lzss)
                  0000494c    00000064                                   : s_frexp.c.obj (.text:frexp)
                  000049b0    00000056                                   : _printfi.c.obj (.text:_pconv_f)
                  00004a06    00000054                                   : _ltoa.c.obj (.text:__TI_ltoa)
                  00004a5a    00000052                                   : _printfi.c.obj (.text:_ecpy)
                  00004aac    0000004c                                   : atoi.c.obj (.text:atoi)
                  00004af8    00000048                                   : fd_toi_t2.asm.obj (.text)
                  00004b40    00000044                                   : autoinit.c.obj (.text:__TI_auto_init_nobinit_nopinit:__TI_auto_init_nobinit_nopinit)
                  00004b84    00000040                                   : sprintf.c.obj (.text:sprintf)
                  00004bc4    00000040                                   : vsnprintf.c.obj (.text:vsnprintf)
                  00004c04    0000003e                                   : _printfi.c.obj (.text:_fcpy)
                  00004c42    00000002     --HOLE-- [fill = 0]
                  00004c44    00000038                                   : memory.c.obj (.text:calloc)
                  00004c7c    00000038                                   : fs_tod_t2.asm.obj (.text)
                  00004cb4    00000034     driverlib.lib : interrupt.obj (.text:IntRegister)
                  00004ce8    00000034     rtsv7M4_T_le_v4SPD16_eabi.lib : boot_cortex_m.c.obj (.text:_c_int00_noargs:_c_int00_noargs)
                  00004d1c    00000030                                   : vsnprintf.c.obj (.text:_outs)
                  00004d4c    0000002e                                   : i_tofd_t2.asm.obj (.text)
                  00004d7a    00000002     --HOLE-- [fill = 0]
                  00004d7c    00000028                                   : memory.c.obj (.text:free_list_insert)
                  00004da4    00000028                                   : e_sqrtf.c.obj (.text:sqrtf)
                  00004dcc    0000001c                                   : copy_zero_init.c.obj (.text:decompress:ZI:__TI_zero_init_nomemset:__TI_zero_init_nomemset)
                  00004de8    0000001c                                   : memory.c.obj (.text:free_list_remove)
                  00004e04    0000001c                                   : memccpy.c.obj (.text:memccpy)
                  00004e20    0000001a                                   : s_copysign.c.obj (.text:copysign)
                  00004e3a    00000018                                   : vsnprintf.c.obj (.text:_outc)
                  00004e52    00000018                                   : sprintf.c.obj (.text:_outs)
                  00004e6a    00000018                                   : s_copysignf.c.obj (.text:copysignf)
                  00004e82    00000018     open_interface.obj (.text:oi_parseInt)
                  00004e9a    00000018     rtsv7M4_T_le_v4SPD16_eabi.lib : strcmp.c.obj (.text:strcmp)
                  00004eb2    00000016                                   : strchr.c.obj (.text:strchr)
                  00004ec8    00000014                                   : strcpy.c.obj (.text:strcpy)
                  00004edc    00000014                                   : strlen.c.obj (.text:strlen)
                  00004ef0    00000012                                   : wcslen.c.obj (.text:wcslen)
                  00004f02    00000010     driverlib.lib : interrupt.obj (.text:IntMasterEnable)
                  00004f12    00000010     lcd.obj (.text:lcd_clear)
                  00004f22    0000000e     rtsv7M4_T_le_v4SPD16_eabi.lib : copy_decompress_none.c.obj (.text:decompress:none:__TI_decompress_none)
                  00004f30    0000000c     driverlib.lib : cpu.obj (.text:CPUcpsie)
                  00004f3c    0000000c     tm4c123gh6pm_startup_ccs.obj (.text)
                  00004f48    0000000a     rtsv7M4_T_le_v4SPD16_eabi.lib : sprintf.c.obj (.text:_outc)
                  00004f52    00000002     --HOLE-- [fill = 0]
                  00004f54    00000008                                   : errno.c.obj (.text:__aeabi_errno_addr)
                  00004f5c    00000008                                   : memory.c.obj (.text:malloc)
                  00004f64    00000004                                   : pre_init.c.obj (.text:_system_pre_init)
                  00004f68    00000004                                   : exit.c.obj (.text:abort:abort)

.const     0    00004f6c    00000140     
                  00004f6c    00000101     rtsv7M4_T_le_v4SPD16_eabi.lib : ctype.c.obj (.const:.string:_ctypes_)
                  0000506d    00000003     --HOLE-- [fill = 0]
                  00005070    00000018                                   : e_powf.c.obj (.const:$O1$$)
                  00005088    0000000f     open_interface.obj (.const:.string:$P$T0$3)
                  00005097    00000001     --HOLE-- [fill = 0]
                  00005098    0000000c     main.obj (.const:$P$T2$1)
                  000050a4    00000004     lcd.obj (.const:.string:lineAddress$1)
                  000050a8    00000004     lcd.obj (.const:.string:lineAddresses$2)

.cinit     0    000050b0    00000050     
                  000050b0    00000019     (.cinit..data.load) [load image, compression = lzss]
                  000050c9    00000003     --HOLE-- [fill = 0]
                  000050cc    0000000c     (__TI_handler_table)
                  000050d8    00000008     (.cinit..bss.load) [load image, compression = zero_init]
                  000050e0    00000008     (.cinit..vtable.load) [load image, compression = zero_init]
                  000050e8    00000018     (__TI_cinit_table)

.init_array 
*          0    00000000    00000000     UNINITIALIZED

.vtable    0    20000000    0000026c     UNINITIALIZED
                  20000000    0000026c     driverlib.lib : interrupt.obj (.vtable)

.stack     0    20000270    00001000     UNINITIALIZED
                  20000270    00000004     rtsv7M4_T_le_v4SPD16_eabi.lib : boot_cortex_m.c.obj (.stack)
                  20000274    00000ffc     --HOLE--

.sysmem    0    20001270    00001000     UNINITIALIZED
                  20001270    00000010     rtsv7M4_T_le_v4SPD16_eabi.lib : memory.c.obj (.sysmem)
                  20001280    00000ff0     --HOLE--

.bss       0    20002270    00000089     UNINITIALIZED
                  20002270    00000054     lcd.obj (.bss:lastbuffer$3)
                  200022c4    00000018     open_interface.obj (.bss:firmware$2)
                  200022dc    00000004     (.common:_timeout_ticks)
                  200022e0    00000004     (.common:fallingEdge)
                  200022e4    00000004     (.common:isr_int_value)
                  200022e8    00000004     (.common:left_calibration_value)
                  200022ec    00000004     (.common:pulseLength)
                  200022f0    00000004     (.common:right_calibration_value)
                  200022f4    00000004     (.common:risingEdge)
                  200022f8    00000001     (.common:isRisingEdge)

.data      0    200022fc    0000003d     UNINITIALIZED
                  200022fc    00000020     open_interface.obj (.data)
                  2000231c    00000008     rtsv7M4_T_le_v4SPD16_eabi.lib : _lock.c.obj (.data:$O1$$)
                  20002324    00000008                                   : memory.c.obj (.data:$O1$$)
                  2000232c    00000004     libcybotScan.lib : cyBot_Scan.obj (.data)
                  20002330    00000004     rtsv7M4_T_le_v4SPD16_eabi.lib : errno.c.obj (.data)
                  20002334    00000004     uart_com.obj (.data)
                  20002338    00000001     Timer.obj (.data)

__llvm_prf_cnts 
*          0    20000000    00000000     UNINITIALIZED

MODULE SUMMARY

       Module                         code    ro data   rw data
       ------                         ----    -------   -------
    .\
       open_interface.obj             3124    15        56     
       main.obj                       1780    12        8      
       lcd.obj                        824     8         84     
       tm4c123gh6pm_startup_ccs.obj   12      620       0      
       Timer.obj                      584     0         5      
       movement.obj                   488     0         0      
       adc.obj                        328     0         0      
       uart_com.obj                   296     0         4      
    +--+------------------------------+-------+---------+---------+
       Total:                         7436    655       157    
                                                               
    ../libcybotScan.lib
       cyBot_Scan.obj                 608     0         4      
       ping.obj                       492     0         13     
       servo.obj                      344     0         0      
       ir.obj                         280     0         4      
    +--+------------------------------+-------+---------+---------+
       Total:                         1724    0         21     
                                                               
    C:/ti/TivaWare_C_Series-2.2.0.295/driverlib/ccs/Debug/driverlib.lib
       interrupt.obj                  68      0         620    
       cpu.obj                        12      0         0      
    +--+------------------------------+-------+---------+---------+
       Total:                         80      0         620    
                                                               
    C:\ti\ccs1200\ccs\tools\compiler\ti-cgt-arm_20.2.6.LTS\lib\rtsv7M4_T_le_v4SPD16_eabi.lib
       _printfi.c.obj                 4851    0         0      
       e_powf.c.obj                   1420    24        0      
       memory.c.obj                   728     0         8      
       fd_add_t2.asm.obj              438     0         0      
       fd_div_t2.asm.obj              310     0         0      
       s_scalbn.c.obj                 272     0         0      
       fd_cmp_t2.asm.obj              268     0         0      
       ctype.c.obj                    0       257       0      
       fd_mul_t2.asm.obj              252     0         0      
       s_scalbnf.c.obj                208     0         0      
       memcpy_t2.asm.obj              156     0         0      
       ull_div_t2.asm.obj             150     0         0      
       vsnprintf.c.obj                136     0         0      
       memset_t2.asm.obj              122     0         0      
       fd_tos_t2.asm.obj              110     0         0      
       copy_decompress_lzss.c.obj     104     0         0      
       s_frexp.c.obj                  100     0         0      
       sprintf.c.obj                  98      0         0      
       _ltoa.c.obj                    84      0         0      
       atoi.c.obj                     76      0         0      
       fd_toi_t2.asm.obj              72      0         0      
       autoinit.c.obj                 68      0         0      
       fs_tod_t2.asm.obj              56      0         0      
       boot_cortex_m.c.obj            52      0         0      
       i_tofd_t2.asm.obj              46      0         0      
       e_sqrtf.c.obj                  40      0         0      
       copy_zero_init.c.obj           28      0         0      
       memccpy.c.obj                  28      0         0      
       s_copysign.c.obj               26      0         0      
       s_copysignf.c.obj              24      0         0      
       strcmp.c.obj                   24      0         0      
       strchr.c.obj                   22      0         0      
       strcpy.c.obj                   20      0         0      
       strlen.c.obj                   20      0         0      
       wcslen.c.obj                   18      0         0      
       copy_decompress_none.c.obj     14      0         0      
       errno.c.obj                    8       0         4      
       _lock.c.obj                    2       0         8      
       exit.c.obj                     4       0         0      
       pre_init.c.obj                 4       0         0      
       div0.asm.obj                   2       0         0      
    +--+------------------------------+-------+---------+---------+
       Total:                         10461   281       20     
                                                               
       Heap:                          0       0         4096   
       Stack:                         0       0         4096   
       Linker Generated:              0       77        0      
    +--+------------------------------+-------+---------+---------+
       Grand Total:                   19701   1013      9010   


LINKER GENERATED COPY TABLES

__TI_cinit_table @ 000050e8 records: 3, size/record: 8, table size: 24
	.data: load addr=000050b0, load size=00000019 bytes, run addr=200022fc, run size=0000003d bytes, compression=lzss
	.bss: load addr=000050d8, load size=00000008 bytes, run addr=20002270, run size=00000089 bytes, compression=zero_init
	.vtable: load addr=000050e0, load size=00000008 bytes, run addr=20000000, run size=0000026c bytes, compression=zero_init


LINKER GENERATED HANDLER TABLE

__TI_handler_table @ 000050cc records: 3, size/record: 4, table size: 12
	index: 0, handler: __TI_zero_init
	index: 1, handler: __TI_decompress_lzss
	index: 2, handler: __TI_decompress_none


GLOBAL SYMBOLS: SORTED ALPHABETICALLY BY Name 

address   name                          
-------   ----                          
00003eed  ADC0SS0_Handler               
00004f69  C$$EXIT                       
00004f31  CPUcpsie                      
00000bbf  GPIOF_Handler                 
000019cf  IR_dist_cm                    
00004f03  IntMasterEnable               
00004cb5  IntRegister                   
00004f3d  ResetISR                      
00003089  TIMER3B_Handler               
20001270  __STACK_END                   
00001000  __STACK_SIZE                  
20000470  __STACK_TOP                   
00001000  __SYSMEM_SIZE                 
000050e8  __TI_CINIT_Base               
00005100  __TI_CINIT_Limit              
000050cc  __TI_Handler_Table_Base       
000050d8  __TI_Handler_Table_Limit      
00004b41  __TI_auto_init_nobinit_nopinit
000048e5  __TI_decompress_lzss          
00004f23  __TI_decompress_none          
00004a07  __TI_ltoa                     
ffffffff  __TI_pprof_out_hndl           
00000e89  __TI_printfi                  
ffffffff  __TI_prof_data_size           
ffffffff  __TI_prof_data_start          
00000000  __TI_static_base__            
00004dcd  __TI_zero_init_nomemset       
00004611  __aeabi_cdcmpeq               
00004611  __aeabi_cdcmple               
00004697  __aeabi_cdrcmple              
00004877  __aeabi_d2f                   
00004af9  __aeabi_d2iz                  
00003547  __aeabi_dadd                  
00003ad1  __aeabi_ddiv                  
0000417d  __aeabi_dmul                  
0000353d  __aeabi_dsub                  
00004f55  __aeabi_errno_addr            
00004c7d  __aeabi_f2d                   
00004d4d  __aeabi_i2d                   
000036f3  __aeabi_idiv0                 
000036f3  __aeabi_ldiv0                 
0000471d  __aeabi_memclr                
0000471d  __aeabi_memclr4               
0000471d  __aeabi_memclr8               
000044df  __aeabi_memcpy                
000044df  __aeabi_memcpy4               
000044df  __aeabi_memcpy8               
0000471f  __aeabi_memset                
0000471f  __aeabi_memset4               
0000471f  __aeabi_memset8               
0000457b  __aeabi_uldivmod              
ffffffff  __binit__                     
ffffffff  __c_args__                    
UNDEFED   __mpu_init                    
00003185  __signof                      
20000270  __stack                       
20000000  __start___llvm_prf_cnts       
20000000  __stop___llvm_prf_cnts        
00004ce9  _c_int00_noargs               
00004f6c  _ctypes_                      
2000231c  _lock                         
000018d7  _nop                          
20002338  _running                      
20001270  _sys_memory                   
UNDEFED   _system_post_cinit            
00004f65  _system_pre_init              
200022dc  _timeout_ticks                
20002320  _unlock                       
00004f69  abort                         
00003913  adc_getDistance               
000038c3  adc_getRawValue               
000038f7  adc_getVoltage                
0000384d  adc_init                      
0000407d  aligned_alloc                 
00004aad  atoi                          
000018d9  avoid_collision               
ffffffff  binit                         
00004c45  calloc                        
00001add  convert_raw_ir_val            
00004e21  copysign                      
00004e6b  copysignf                     
00004e21  copysignl                     
00002bc9  cyBOT_SERVO_cal               
00002b57  cyBOT_Scan                    
00002aff  cyBOT_init_Scan               
2000232c  cyBOT_scan_features           
00002af1  cyBOT_scan_version            
20002330  errno                         
200022e0  fallingEdge                   
00004279  free                          
0000494d  frexp                         
0000494d  frexpl                        
20000000  g_pfnRAMVectors               
00000000  g_pfnVectors                  
0000097b  go_charge                     
00003f03  ir_enableInterrupt            
00003ee5  ir_getDistance                
00003ebd  ir_getValue                   
00003e55  ir_init                       
200022f8  isRisingEdge                  
200022e4  isr_int_value                 
00004f13  lcd_clear                     
0000272d  lcd_gotoLine                  
00002595  lcd_init                      
00002793  lcd_printf                    
00002655  lcd_putc                      
0000268d  lcd_puts                      
00002559  lcd_reverseNibble             
000026ab  lcd_sendCommand               
000026e9  lcd_sendNibble                
00002755  lcd_setCursorPos              
00003f6d  ldexp                         
0000435d  ldexpf                        
00003f6d  ldexpl                        
200022e8  left_calibration_value        
00001f15  main                          
00004f5d  malloc                        
0000407d  memalign                      
00004e05  memccpy                       
000044df  memcpy                        
00004725  memset                        
200022fc  motor_cal_factor_L            
20002300  motor_cal_factor_R            
000032bf  mvmt_drive                    
000031c7  mvmt_turn                     
0000026d  oi_alloc                      
00000aa5  oi_checkFirmware              
000002c3  oi_close                      
00000279  oi_free                       
00000de9  oi_getMotorCalibrationLeft    
00000dfd  oi_getMotorCalibrationRight   
000002ad  oi_init                       
00000289  oi_init_noupdate              
00000911  oi_loadSong                   
00004e83  oi_parseInt                   
00000327  oi_parsePacket                
00000967  oi_play_song                  
00000847  oi_setLeds                    
00000dad  oi_setMotorCalibration        
0000088b  oi_setWheels                  
00000b4d  oi_shutoff_init               
00000989  oi_uartInit                   
00000a2d  oi_uartReceive                
00000a73  oi_uartSendBuff               
00000a11  oi_uartSendChar               
00000a55  oi_uartSendStr                
000002d5  oi_update                     
000030db  ping_getDistance              
00002f99  ping_init                     
0000301f  ping_trigger                  
00001fcd  powf                          
200022ec  pulseLength                   
200022f0  right_calibration_value       
200022f4  risingEdge                    
00003f6d  scalbn                        
0000435d  scalbnf                       
00003f6d  scalbnl                       
00001963  scan_around                   
00001c4d  scan_smallest                 
000019ed  scan_until                    
000036f5  servo_init                    
00003785  servo_move                    
000037e5  servo_setPWM                  
00003779  servo_stop                    
00004b85  sprintf                       
00004da5  sqrtf                         
00004eb3  strchr                        
00004e9b  strcmp                        
00004ec9  strcpy                        
00004edd  strlen                        
00002e6f  timer_getMicros               
00002e17  timer_getMillis               
00002d51  timer_init                    
00002df3  timer_pause                   
00002e05  timer_resume                  
00002dc9  timer_stop                    
00002ec9  timer_waitMicros              
00002efb  timer_waitMillis              
00003c09  uart_init                     
00003cad  uart_recieve                  
00003c8d  uart_send                     
00003ccd  uart_sendString               
00004bc5  vsnprintf                     
00004ef1  wcslen                        


GLOBAL SYMBOLS: SORTED BY Symbol Address 

address   name                          
-------   ----                          
00000000  __TI_static_base__            
00000000  g_pfnVectors                  
0000026d  oi_alloc                      
00000279  oi_free                       
00000289  oi_init_noupdate              
000002ad  oi_init                       
000002c3  oi_close                      
000002d5  oi_update                     
00000327  oi_parsePacket                
00000847  oi_setLeds                    
0000088b  oi_setWheels                  
00000911  oi_loadSong                   
00000967  oi_play_song                  
0000097b  go_charge                     
00000989  oi_uartInit                   
00000a11  oi_uartSendChar               
00000a2d  oi_uartReceive                
00000a55  oi_uartSendStr                
00000a73  oi_uartSendBuff               
00000aa5  oi_checkFirmware              
00000b4d  oi_shutoff_init               
00000bbf  GPIOF_Handler                 
00000dad  oi_setMotorCalibration        
00000de9  oi_getMotorCalibrationLeft    
00000dfd  oi_getMotorCalibrationRight   
00000e89  __TI_printfi                  
00001000  __STACK_SIZE                  
00001000  __SYSMEM_SIZE                 
000018d7  _nop                          
000018d9  avoid_collision               
00001963  scan_around                   
000019cf  IR_dist_cm                    
000019ed  scan_until                    
00001add  convert_raw_ir_val            
00001c4d  scan_smallest                 
00001f15  main                          
00001fcd  powf                          
00002559  lcd_reverseNibble             
00002595  lcd_init                      
00002655  lcd_putc                      
0000268d  lcd_puts                      
000026ab  lcd_sendCommand               
000026e9  lcd_sendNibble                
0000272d  lcd_gotoLine                  
00002755  lcd_setCursorPos              
00002793  lcd_printf                    
00002af1  cyBOT_scan_version            
00002aff  cyBOT_init_Scan               
00002b57  cyBOT_Scan                    
00002bc9  cyBOT_SERVO_cal               
00002d51  timer_init                    
00002dc9  timer_stop                    
00002df3  timer_pause                   
00002e05  timer_resume                  
00002e17  timer_getMillis               
00002e6f  timer_getMicros               
00002ec9  timer_waitMicros              
00002efb  timer_waitMillis              
00002f99  ping_init                     
0000301f  ping_trigger                  
00003089  TIMER3B_Handler               
000030db  ping_getDistance              
00003185  __signof                      
000031c7  mvmt_turn                     
000032bf  mvmt_drive                    
0000353d  __aeabi_dsub                  
00003547  __aeabi_dadd                  
000036f3  __aeabi_idiv0                 
000036f3  __aeabi_ldiv0                 
000036f5  servo_init                    
00003779  servo_stop                    
00003785  servo_move                    
000037e5  servo_setPWM                  
0000384d  adc_init                      
000038c3  adc_getRawValue               
000038f7  adc_getVoltage                
00003913  adc_getDistance               
00003ad1  __aeabi_ddiv                  
00003c09  uart_init                     
00003c8d  uart_send                     
00003cad  uart_recieve                  
00003ccd  uart_sendString               
00003e55  ir_init                       
00003ebd  ir_getValue                   
00003ee5  ir_getDistance                
00003eed  ADC0SS0_Handler               
00003f03  ir_enableInterrupt            
00003f6d  ldexp                         
00003f6d  ldexpl                        
00003f6d  scalbn                        
00003f6d  scalbnl                       
0000407d  aligned_alloc                 
0000407d  memalign                      
0000417d  __aeabi_dmul                  
00004279  free                          
0000435d  ldexpf                        
0000435d  scalbnf                       
000044df  __aeabi_memcpy                
000044df  __aeabi_memcpy4               
000044df  __aeabi_memcpy8               
000044df  memcpy                        
0000457b  __aeabi_uldivmod              
00004611  __aeabi_cdcmpeq               
00004611  __aeabi_cdcmple               
00004697  __aeabi_cdrcmple              
0000471d  __aeabi_memclr                
0000471d  __aeabi_memclr4               
0000471d  __aeabi_memclr8               
0000471f  __aeabi_memset                
0000471f  __aeabi_memset4               
0000471f  __aeabi_memset8               
00004725  memset                        
00004877  __aeabi_d2f                   
000048e5  __TI_decompress_lzss          
0000494d  frexp                         
0000494d  frexpl                        
00004a07  __TI_ltoa                     
00004aad  atoi                          
00004af9  __aeabi_d2iz                  
00004b41  __TI_auto_init_nobinit_nopinit
00004b85  sprintf                       
00004bc5  vsnprintf                     
00004c45  calloc                        
00004c7d  __aeabi_f2d                   
00004cb5  IntRegister                   
00004ce9  _c_int00_noargs               
00004d4d  __aeabi_i2d                   
00004da5  sqrtf                         
00004dcd  __TI_zero_init_nomemset       
00004e05  memccpy                       
00004e21  copysign                      
00004e21  copysignl                     
00004e6b  copysignf                     
00004e83  oi_parseInt                   
00004e9b  strcmp                        
00004eb3  strchr                        
00004ec9  strcpy                        
00004edd  strlen                        
00004ef1  wcslen                        
00004f03  IntMasterEnable               
00004f13  lcd_clear                     
00004f23  __TI_decompress_none          
00004f31  CPUcpsie                      
00004f3d  ResetISR                      
00004f55  __aeabi_errno_addr            
00004f5d  malloc                        
00004f65  _system_pre_init              
00004f69  C$$EXIT                       
00004f69  abort                         
00004f6c  _ctypes_                      
000050cc  __TI_Handler_Table_Base       
000050d8  __TI_Handler_Table_Limit      
000050e8  __TI_CINIT_Base               
00005100  __TI_CINIT_Limit              
20000000  __start___llvm_prf_cnts       
20000000  __stop___llvm_prf_cnts        
20000000  g_pfnRAMVectors               
20000270  __stack                       
20000470  __STACK_TOP                   
20001270  __STACK_END                   
20001270  _sys_memory                   
200022dc  _timeout_ticks                
200022e0  fallingEdge                   
200022e4  isr_int_value                 
200022e8  left_calibration_value        
200022ec  pulseLength                   
200022f0  right_calibration_value       
200022f4  risingEdge                    
200022f8  isRisingEdge                  
200022fc  motor_cal_factor_L            
20002300  motor_cal_factor_R            
2000231c  _lock                         
20002320  _unlock                       
2000232c  cyBOT_scan_features           
20002330  errno                         
20002338  _running                      
ffffffff  __TI_pprof_out_hndl           
ffffffff  __TI_prof_data_size           
ffffffff  __TI_prof_data_start          
ffffffff  __binit__                     
ffffffff  __c_args__                    
ffffffff  binit                         
UNDEFED   __mpu_init                    
UNDEFED   _system_post_cinit            

[184 symbols]
