******************************************************************************
                  TI ARM Linker PC v20.2.6                     
******************************************************************************
>> Linked Wed Feb 15 11:57:27 2023

OUTPUT FILE NAME:   <Lab3.out>
ENTRY POINT SYMBOL: "_c_int00_noargs"  address: 000045e1


MEMORY CONFIGURATION

         name            origin    length      used     unused   attr    fill
----------------------  --------  ---------  --------  --------  ----  --------
  FLASH                 00000000   00040000  000049b0  0003b650  R  X
  SRAM                  20000000   00008000  0000236e  00005c92  RW X


SEGMENT ALLOCATION MAP

run origin  load origin   length   init length attrs members
----------  ----------- ---------- ----------- ----- -------
00000000    00000000    000049b0   000049b0    r-x
  00000000    00000000    0000026c   0000026c    r-- .intvecs
  0000026c    0000026c    000045dc   000045dc    r-x .text
  00004848    00004848    00000118   00000118    r-- .const
  00004960    00004960    00000050   00000050    r-- .cinit
20000000    20000000    00002375   00000000    rw-
  20000000    20000000    0000026c   00000000    rw- .vtable
  20000270    20000270    00001000   00000000    rw- .stack
  20001270    20001270    00001000   00000000    rw- .sysmem
  20002270    20002270    000000bd   00000000    rw- .bss
  20002330    20002330    00000045   00000000    rw- .data


SECTION ALLOCATION MAP

 output                                  attributes/
section   page    origin      length       input sections
--------  ----  ----------  ----------   ----------------
.intvecs   0    00000000    0000026c     
                  00000000    0000026c     tm4c123gh6pm_startup_ccs.obj (.intvecs)

.text      0    0000026c    000045dc     
                  0000026c    00000c1c     open_interface.obj (.text)
                  00000e88    00000a4e     rtsv7M4_T_le_v4SPD16_eabi.lib : _printfi.c.obj (.text:__TI_printfi)
                  000018d6    00000002                                   : _lock.c.obj (.text:_nop)
                  000018d8    00000444     main.obj (.text)
                  00001d1c    00000328     lcd.obj (.text)
                  00002044    00000270     rtsv7M4_T_le_v4SPD16_eabi.lib : _printfi.c.obj (.text:_pconv_a)
                  000022b4    00000260     libcybotScan.lib : cyBot_Scan.obj (.text)
                  00002514    00000248     Timer.obj (.text)
                  0000275c    000001ec     libcybotScan.lib : ping.obj (.text)
                  00002948    000001e8     movement.obj (.text)
                  00002b30    000001d0     rtsv7M4_T_le_v4SPD16_eabi.lib : _printfi.c.obj (.text:_pconv_g)
                  00002d00    000001b6                                   : fd_add_t2.asm.obj (.text)
                  00002eb6    00000002                                   : div0.asm.obj (.text)
                  00002eb8    0000015c     libcybotUART.lib : uart.obj (.text)
                  00003014    00000158     libcybotScan.lib : servo.obj (.text)
                  0000316c    0000014c     rtsv7M4_T_le_v4SPD16_eabi.lib : vla_alloc.c.obj (.text:__vla_alloc)
                  000032b8    0000013c                                   : _printfi.c.obj (.text:_pconv_e)
                  000033f4    00000136                                   : fd_div_t2.asm.obj (.text)
                  0000352a    00000002     --HOLE-- [fill = 0]
                  0000352c    00000124                                   : _printfi.c.obj (.text:fcvt)
                  00003650    00000118     libcybotScan.lib : ir.obj (.text)
                  00003768    00000110     rtsv7M4_T_le_v4SPD16_eabi.lib : s_scalbn.c.obj (.text:scalbn)
                  00003878    00000100                                   : memory.c.obj (.text:aligned_alloc)
                  00003978    000000fc                                   : fd_mul_t2.asm.obj (.text)
                  00003a74    000000e4                                   : memory.c.obj (.text:free)
                  00003b58    000000e4                                   : memory.c.obj (.text:realloc)
                  00003c3c    000000b1                                   : _printfi.c.obj (.text:_ltostr)
                  00003ced    00000001     --HOLE-- [fill = 0]
                  00003cee    0000009c                                   : memcpy_t2.asm.obj (.text)
                  00003d8a    00000096                                   : ull_div_t2.asm.obj (.text)
                  00003e20    00000086                                   : fd_cmp_t2.asm.obj (.text:__aeabi_cdcmple)
                  00003ea6    00000086                                   : fd_cmp_t2.asm.obj (.text:__aeabi_cdrcmple)
                  00003f2c    0000007a                                   : memset_t2.asm.obj (.text)
                  00003fa6    00000002     --HOLE-- [fill = 0]
                  00003fa8    00000078                                   : vla_alloc.c.obj (.text:_ZN33_INTERNAL_11_vla_alloc_c_be8bd49b21free_dead_allocationsEPv)
                  00004020    00000070                                   : vla_alloc.c.obj (.text:__vla_dealloc)
                  00004090    00000070                                   : memory.c.obj (.text:split)
                  00004100    0000006e                                   : _printfi.c.obj (.text:_mcpy)
                  0000416e    0000006e                                   : fd_tos_t2.asm.obj (.text)
                  000041dc    00000068                                   : copy_decompress_lzss.c.obj (.text:decompress:lzss:__TI_decompress_lzss)
                  00004244    00000064                                   : s_frexp.c.obj (.text:frexp)
                  000042a8    00000056                                   : _printfi.c.obj (.text:_pconv_f)
                  000042fe    00000054                                   : _ltoa.c.obj (.text:__TI_ltoa)
                  00004352    00000052                                   : _printfi.c.obj (.text:_ecpy)
                  000043a4    0000004c                                   : atoi.c.obj (.text:atoi)
                  000043f0    00000048                                   : fd_toi_t2.asm.obj (.text)
                  00004438    00000044                                   : autoinit.c.obj (.text:__TI_auto_init_nobinit_nopinit:__TI_auto_init_nobinit_nopinit)
                  0000447c    00000040                                   : sprintf.c.obj (.text:sprintf)
                  000044bc    00000040                                   : vsnprintf.c.obj (.text:vsnprintf)
                  000044fc    0000003e                                   : _printfi.c.obj (.text:_fcpy)
                  0000453a    00000002     --HOLE-- [fill = 0]
                  0000453c    00000038                                   : memory.c.obj (.text:calloc)
                  00004574    00000038                                   : fs_tod_t2.asm.obj (.text)
                  000045ac    00000034     driverlib.lib : interrupt.obj (.text:IntRegister)
                  000045e0    00000034     rtsv7M4_T_le_v4SPD16_eabi.lib : boot_cortex_m.c.obj (.text:_c_int00_noargs:_c_int00_noargs)
                  00004614    00000030                                   : vsnprintf.c.obj (.text:_outs)
                  00004644    0000002e                                   : i_tofd_t2.asm.obj (.text)
                  00004672    00000002     --HOLE-- [fill = 0]
                  00004674    00000028                                   : memory.c.obj (.text:free_list_insert)
                  0000469c    00000020                                   : u_tofd_t2.asm.obj (.text)
                  000046bc    0000001c                                   : copy_zero_init.c.obj (.text:decompress:ZI:__TI_zero_init_nomemset:__TI_zero_init_nomemset)
                  000046d8    0000001c                                   : memory.c.obj (.text:free_list_remove)
                  000046f4    0000001c                                   : memccpy.c.obj (.text:memccpy)
                  00004710    0000001a                                   : s_copysign.c.obj (.text:copysign)
                  0000472a    00000018                                   : vsnprintf.c.obj (.text:_outc)
                  00004742    00000018                                   : sprintf.c.obj (.text:_outs)
                  0000475a    00000018     open_interface.obj (.text:oi_parseInt)
                  00004772    00000018     rtsv7M4_T_le_v4SPD16_eabi.lib : strcmp.c.obj (.text:strcmp)
                  0000478a    00000016                                   : strchr.c.obj (.text:strchr)
                  000047a0    00000014                                   : strcpy.c.obj (.text:strcpy)
                  000047b4    00000014                                   : strlen.c.obj (.text:strlen)
                  000047c8    00000012                                   : wcslen.c.obj (.text:wcslen)
                  000047da    00000010     driverlib.lib : interrupt.obj (.text:IntMasterEnable)
                  000047ea    00000010     lcd.obj (.text:lcd_clear)
                  000047fa    0000000e     rtsv7M4_T_le_v4SPD16_eabi.lib : copy_decompress_none.c.obj (.text:decompress:none:__TI_decompress_none)
                  00004808    0000000c     driverlib.lib : cpu.obj (.text:CPUcpsie)
                  00004814    0000000c     tm4c123gh6pm_startup_ccs.obj (.text)
                  00004820    0000000a     rtsv7M4_T_le_v4SPD16_eabi.lib : sprintf.c.obj (.text:_outc)
                  0000482a    00000002     --HOLE-- [fill = 0]
                  0000482c    00000008                                   : errno.c.obj (.text:__aeabi_errno_addr)
                  00004834    00000008                                   : memory.c.obj (.text:malloc)
                  0000483c    00000004                                   : error.c.obj (.text:__abort_execution)
                  00004840    00000004                                   : pre_init.c.obj (.text:_system_pre_init)
                  00004844    00000004                                   : exit.c.obj (.text:abort:abort)

.const     0    00004848    00000118     
                  00004848    00000101     rtsv7M4_T_le_v4SPD16_eabi.lib : ctype.c.obj (.const:.string:_ctypes_)
                  00004949    0000000f     open_interface.obj (.const:.string:$P$T0$3)
                  00004958    00000004     lcd.obj (.const:.string:lineAddress$1)
                  0000495c    00000004     lcd.obj (.const:.string:lineAddresses$2)

.cinit     0    00004960    00000050     
                  00004960    00000019     (.cinit..data.load) [load image, compression = lzss]
                  00004979    00000003     --HOLE-- [fill = 0]
                  0000497c    0000000c     (__TI_handler_table)
                  00004988    00000008     (.cinit..bss.load) [load image, compression = zero_init]
                  00004990    00000008     (.cinit..vtable.load) [load image, compression = zero_init]
                  00004998    00000018     (__TI_cinit_table)

.init_array 
*          0    00000000    00000000     UNINITIALIZED

.vtable    0    20000000    0000026c     UNINITIALIZED
                  20000000    0000026c     driverlib.lib : interrupt.obj (.vtable)

.stack     0    20000270    00001000     UNINITIALIZED
                  20000270    00000004     rtsv7M4_T_le_v4SPD16_eabi.lib : boot_cortex_m.c.obj (.stack)
                  20000274    00000ffc     --HOLE--

.sysmem    0    20001270    00001000     UNINITIALIZED
                  20001270    00000010     rtsv7M4_T_le_v4SPD16_eabi.lib : memory.c.obj (.sysmem)
                  20001280    00000ff0     --HOLE--

.bss       0    20002270    000000bd     UNINITIALIZED
                  20002270    00000054     lcd.obj (.bss:lastbuffer$3)
                  200022c4    00000034     (.common:isr_char_buffer)
                  200022f8    00000018     open_interface.obj (.bss:firmware$2)
                  20002310    00000004     (.common:_timeout_ticks)
                  20002314    00000004     (.common:fallingEdge)
                  20002318    00000004     (.common:isr_int_value)
                  2000231c    00000004     (.common:left_calibration_value)
                  20002320    00000004     (.common:pulseLength)
                  20002324    00000004     (.common:right_calibration_value)
                  20002328    00000004     (.common:risingEdge)
                  2000232c    00000001     (.common:isRisingEdge)

.data      0    20002330    00000045     UNINITIALIZED
                  20002330    00000020     open_interface.obj (.data)
                  20002350    00000008     rtsv7M4_T_le_v4SPD16_eabi.lib : _lock.c.obj (.data:$O1$$)
                  20002358    00000008                                   : memory.c.obj (.data:$O1$$)
                  20002360    00000004     libcybotScan.lib : cyBot_Scan.obj (.data)
                  20002364    00000004     libcybotUART.lib : uart.obj (.data)
                  20002368    00000004     main.obj (.data)
                  2000236c    00000004     rtsv7M4_T_le_v4SPD16_eabi.lib : errno.c.obj (.data)
                  20002370    00000004                                   : vla_alloc.c.obj (.data)
                  20002374    00000001     Timer.obj (.data)

__llvm_prf_cnts 
*          0    20000000    00000000     UNINITIALIZED

MODULE SUMMARY

       Module                         code    ro data   rw data
       ------                         ----    -------   -------
    .\
       open_interface.obj             3124    15        56     
       main.obj                       1092    0         12     
       lcd.obj                        824     8         84     
       tm4c123gh6pm_startup_ccs.obj   12      620       0      
       Timer.obj                      584     0         5      
       movement.obj                   488     0         0      
    +--+------------------------------+-------+---------+---------+
       Total:                         6124    643       157    
                                                               
    ../libcybotScan.lib
       cyBot_Scan.obj                 608     0         4      
       ping.obj                       492     0         13     
       servo.obj                      344     0         0      
       ir.obj                         280     0         4      
    +--+------------------------------+-------+---------+---------+
       Total:                         1724    0         21     
                                                               
    ../libcybotUART.lib
       uart.obj                       348     0         56     
    +--+------------------------------+-------+---------+---------+
       Total:                         348     0         56     
                                                               
    C:/ti/TivaWare_C_Series-2.2.0.295/driverlib/ccs/Debug/driverlib.lib
       interrupt.obj                  68      0         620    
       cpu.obj                        12      0         0      
    +--+------------------------------+-------+---------+---------+
       Total:                         80      0         620    
                                                               
    C:\ti\ccs1200\ccs\tools\compiler\ti-cgt-arm_20.2.6.LTS\lib\rtsv7M4_T_le_v4SPD16_eabi.lib
       _printfi.c.obj                 4851    0         0      
       memory.c.obj                   956     0         8      
       vla_alloc.c.obj                564     0         4      
       fd_add_t2.asm.obj              438     0         0      
       fd_div_t2.asm.obj              310     0         0      
       s_scalbn.c.obj                 272     0         0      
       fd_cmp_t2.asm.obj              268     0         0      
       ctype.c.obj                    0       257       0      
       fd_mul_t2.asm.obj              252     0         0      
       memcpy_t2.asm.obj              156     0         0      
       ull_div_t2.asm.obj             150     0         0      
       vsnprintf.c.obj                136     0         0      
       memset_t2.asm.obj              122     0         0      
       fd_tos_t2.asm.obj              110     0         0      
       copy_decompress_lzss.c.obj     104     0         0      
       s_frexp.c.obj                  100     0         0      
       sprintf.c.obj                  98      0         0      
       _ltoa.c.obj                    84      0         0      
       atoi.c.obj                     76      0         0      
       fd_toi_t2.asm.obj              72      0         0      
       autoinit.c.obj                 68      0         0      
       fs_tod_t2.asm.obj              56      0         0      
       boot_cortex_m.c.obj            52      0         0      
       i_tofd_t2.asm.obj              46      0         0      
       u_tofd_t2.asm.obj              32      0         0      
       copy_zero_init.c.obj           28      0         0      
       memccpy.c.obj                  28      0         0      
       s_copysign.c.obj               26      0         0      
       strcmp.c.obj                   24      0         0      
       strchr.c.obj                   22      0         0      
       strcpy.c.obj                   20      0         0      
       strlen.c.obj                   20      0         0      
       wcslen.c.obj                   18      0         0      
       copy_decompress_none.c.obj     14      0         0      
       errno.c.obj                    8       0         4      
       _lock.c.obj                    2       0         8      
       error.c.obj                    4       0         0      
       exit.c.obj                     4       0         0      
       pre_init.c.obj                 4       0         0      
       div0.asm.obj                   2       0         0      
    +--+------------------------------+-------+---------+---------+
       Total:                         9597    257       24     
                                                               
       Heap:                          0       0         4096   
       Stack:                         0       0         4096   
       Linker Generated:              0       77        0      
    +--+------------------------------+-------+---------+---------+
       Grand Total:                   17873   977       9070   


LINKER GENERATED COPY TABLES

__TI_cinit_table @ 00004998 records: 3, size/record: 8, table size: 24
	.data: load addr=00004960, load size=00000019 bytes, run addr=20002330, run size=00000045 bytes, compression=lzss
	.bss: load addr=00004988, load size=00000008 bytes, run addr=20002270, run size=000000bd bytes, compression=zero_init
	.vtable: load addr=00004990, load size=00000008 bytes, run addr=20000000, run size=0000026c bytes, compression=zero_init


LINKER GENERATED HANDLER TABLE

__TI_handler_table @ 0000497c records: 3, size/record: 4, table size: 12
	index: 0, handler: __TI_zero_init
	index: 1, handler: __TI_decompress_lzss
	index: 2, handler: __TI_decompress_none


GLOBAL SYMBOLS: SORTED ALPHABETICALLY BY Name 

address   name                          
-------   ----                          
000036e9  ADC0SS0_Handler               
00004845  C$$EXIT                       
00004809  CPUcpsie                      
00000bbf  GPIOF_Handler                 
000019cf  IR_dist_cm                    
000047db  IntMasterEnable               
000045ad  IntRegister                   
00004815  ResetISR                      
0000284d  TIMER3B_Handler               
20001270  __STACK_END                   
00001000  __STACK_SIZE                  
20000470  __STACK_TOP                   
00001000  __SYSMEM_SIZE                 
00004998  __TI_CINIT_Base               
000049b0  __TI_CINIT_Limit              
0000497c  __TI_Handler_Table_Base       
00004988  __TI_Handler_Table_Limit      
00004439  __TI_auto_init_nobinit_nopinit
000041dd  __TI_decompress_lzss          
000047fb  __TI_decompress_none          
000042ff  __TI_ltoa                     
ffffffff  __TI_pprof_out_hndl           
00000e89  __TI_printfi                  
ffffffff  __TI_prof_data_size           
ffffffff  __TI_prof_data_start          
00000000  __TI_static_base__            
000046bd  __TI_zero_init_nomemset       
0000483d  __abort_execution             
00003e21  __aeabi_cdcmpeq               
00003e21  __aeabi_cdcmple               
00003ea7  __aeabi_cdrcmple              
0000416f  __aeabi_d2f                   
000043f1  __aeabi_d2iz                  
00002d0b  __aeabi_dadd                  
000033f5  __aeabi_ddiv                  
00003979  __aeabi_dmul                  
00002d01  __aeabi_dsub                  
0000482d  __aeabi_errno_addr            
00004575  __aeabi_f2d                   
00004645  __aeabi_i2d                   
00002eb7  __aeabi_idiv0                 
00002eb7  __aeabi_ldiv0                 
00003f2d  __aeabi_memclr                
00003f2d  __aeabi_memclr4               
00003f2d  __aeabi_memclr8               
00003cef  __aeabi_memcpy                
00003cef  __aeabi_memcpy4               
00003cef  __aeabi_memcpy8               
00003f2f  __aeabi_memset                
00003f2f  __aeabi_memset4               
00003f2f  __aeabi_memset8               
0000469d  __aeabi_ui2d                  
00003d8b  __aeabi_uldivmod              
ffffffff  __binit__                     
ffffffff  __c_args__                    
UNDEFED   __mpu_init                    
00002949  __signof                      
20000270  __stack                       
20000000  __start___llvm_prf_cnts       
20000000  __stop___llvm_prf_cnts        
0000316d  __vla_alloc                   
00004021  __vla_dealloc                 
000045e1  _c_int00_noargs               
00004848  _ctypes_                      
20002350  _lock                         
000018d7  _nop                          
20002374  _running                      
20001270  _sys_memory                   
UNDEFED   _system_post_cinit            
00004841  _system_pre_init              
20002310  _timeout_ticks                
20002354  _unlock                       
00004845  abort                         
00003879  aligned_alloc                 
000043a5  atoi                          
000018d9  avoid_collision               
ffffffff  binit                         
0000453d  calloc                        
00004711  copysign                      
00004711  copysignl                     
0000238d  cyBOT_SERVO_cal               
0000231b  cyBOT_Scan                    
000022c3  cyBOT_init_Scan               
20002360  cyBOT_scan_features           
000022b5  cyBOT_scan_version            
00002fc1  cyBot_UART1_Handler           
00002fa7  cyBot_getByte                 
00002eb9  cyBot_sendByte                
00002f89  cyBot_uart_flush              
00002ef7  cyBot_uart_init               
00002edf  cyBot_uart_sendBuffer         
00002ec5  cyBot_uart_sendStr            
2000236c  errno                         
20002314  fallingEdge                   
00003a75  free                          
00004245  frexp                         
00004245  frexpl                        
20000000  g_pfnRAMVectors               
00000000  g_pfnVectors                  
0000097b  go_charge                     
000036ff  ir_enableInterrupt            
000036e1  ir_getDistance                
000036b9  ir_getValue                   
00003651  ir_init                       
2000232c  isRisingEdge                  
200022c4  isr_char_buffer               
20002364  isr_counter                   
20002318  isr_int_value                 
000047eb  lcd_clear                     
00001ef1  lcd_gotoLine                  
00001d59  lcd_init                      
00001f57  lcd_printf                    
00001e19  lcd_putc                      
00001e51  lcd_puts                      
00001d1d  lcd_reverseNibble             
00001e6f  lcd_sendCommand               
00001ead  lcd_sendNibble                
00001f19  lcd_setCursorPos              
00003769  ldexp                         
00003769  ldexpl                        
2000231c  left_calibration_value        
00001b41  main                          
00004835  malloc                        
00003879  memalign                      
000046f5  memccpy                       
00003cef  memcpy                        
00003f35  memset                        
20002330  motor_cal_factor_L            
20002334  motor_cal_factor_R            
00002a83  mvmt_drive                    
0000298b  mvmt_turn                     
0000026d  oi_alloc                      
00000aa5  oi_checkFirmware              
000002c3  oi_close                      
00000279  oi_free                       
00000de9  oi_getMotorCalibrationLeft    
00000dfd  oi_getMotorCalibrationRight   
000002ad  oi_init                       
00000289  oi_init_noupdate              
00000911  oi_loadSong                   
0000475b  oi_parseInt                   
00000327  oi_parsePacket                
00000967  oi_play_song                  
00000847  oi_setLeds                    
00000dad  oi_setMotorCalibration        
0000088b  oi_setWheels                  
00000b4d  oi_shutoff_init               
00000989  oi_uartInit                   
00000a2d  oi_uartReceive                
00000a73  oi_uartSendBuff               
00000a11  oi_uartSendChar               
00000a55  oi_uartSendStr                
000002d5  oi_update                     
0000289f  ping_getDistance              
0000275d  ping_init                     
000027e3  ping_trigger                  
20002320  pulseLength                   
00003b59  realloc                       
20002324  right_calibration_value       
20002328  risingEdge                    
00003769  scalbn                        
00003769  scalbnl                       
00001963  scan_around                   
000019ed  scan_until                    
00003015  servo_init                    
000030a5  servo_move                    
00003105  servo_setPWM                  
00003099  servo_stop                    
0000447d  sprintf                       
0000478b  strchr                        
00004773  strcmp                        
000047a1  strcpy                        
000047b5  strlen                        
00002633  timer_getMicros               
000025db  timer_getMillis               
00002515  timer_init                    
000025b7  timer_pause                   
000025c9  timer_resume                  
0000258d  timer_stop                    
0000268d  timer_waitMicros              
000026bf  timer_waitMillis              
00001add  uart_sendString               
000044bd  vsnprintf                     
000047c9  wcslen                        


GLOBAL SYMBOLS: SORTED BY Symbol Address 

address   name                          
-------   ----                          
00000000  __TI_static_base__            
00000000  g_pfnVectors                  
0000026d  oi_alloc                      
00000279  oi_free                       
00000289  oi_init_noupdate              
000002ad  oi_init                       
000002c3  oi_close                      
000002d5  oi_update                     
00000327  oi_parsePacket                
00000847  oi_setLeds                    
0000088b  oi_setWheels                  
00000911  oi_loadSong                   
00000967  oi_play_song                  
0000097b  go_charge                     
00000989  oi_uartInit                   
00000a11  oi_uartSendChar               
00000a2d  oi_uartReceive                
00000a55  oi_uartSendStr                
00000a73  oi_uartSendBuff               
00000aa5  oi_checkFirmware              
00000b4d  oi_shutoff_init               
00000bbf  GPIOF_Handler                 
00000dad  oi_setMotorCalibration        
00000de9  oi_getMotorCalibrationLeft    
00000dfd  oi_getMotorCalibrationRight   
00000e89  __TI_printfi                  
00001000  __STACK_SIZE                  
00001000  __SYSMEM_SIZE                 
000018d7  _nop                          
000018d9  avoid_collision               
00001963  scan_around                   
000019cf  IR_dist_cm                    
000019ed  scan_until                    
00001add  uart_sendString               
00001b41  main                          
00001d1d  lcd_reverseNibble             
00001d59  lcd_init                      
00001e19  lcd_putc                      
00001e51  lcd_puts                      
00001e6f  lcd_sendCommand               
00001ead  lcd_sendNibble                
00001ef1  lcd_gotoLine                  
00001f19  lcd_setCursorPos              
00001f57  lcd_printf                    
000022b5  cyBOT_scan_version            
000022c3  cyBOT_init_Scan               
0000231b  cyBOT_Scan                    
0000238d  cyBOT_SERVO_cal               
00002515  timer_init                    
0000258d  timer_stop                    
000025b7  timer_pause                   
000025c9  timer_resume                  
000025db  timer_getMillis               
00002633  timer_getMicros               
0000268d  timer_waitMicros              
000026bf  timer_waitMillis              
0000275d  ping_init                     
000027e3  ping_trigger                  
0000284d  TIMER3B_Handler               
0000289f  ping_getDistance              
00002949  __signof                      
0000298b  mvmt_turn                     
00002a83  mvmt_drive                    
00002d01  __aeabi_dsub                  
00002d0b  __aeabi_dadd                  
00002eb7  __aeabi_idiv0                 
00002eb7  __aeabi_ldiv0                 
00002eb9  cyBot_sendByte                
00002ec5  cyBot_uart_sendStr            
00002edf  cyBot_uart_sendBuffer         
00002ef7  cyBot_uart_init               
00002f89  cyBot_uart_flush              
00002fa7  cyBot_getByte                 
00002fc1  cyBot_UART1_Handler           
00003015  servo_init                    
00003099  servo_stop                    
000030a5  servo_move                    
00003105  servo_setPWM                  
0000316d  __vla_alloc                   
000033f5  __aeabi_ddiv                  
00003651  ir_init                       
000036b9  ir_getValue                   
000036e1  ir_getDistance                
000036e9  ADC0SS0_Handler               
000036ff  ir_enableInterrupt            
00003769  ldexp                         
00003769  ldexpl                        
00003769  scalbn                        
00003769  scalbnl                       
00003879  aligned_alloc                 
00003879  memalign                      
00003979  __aeabi_dmul                  
00003a75  free                          
00003b59  realloc                       
00003cef  __aeabi_memcpy                
00003cef  __aeabi_memcpy4               
00003cef  __aeabi_memcpy8               
00003cef  memcpy                        
00003d8b  __aeabi_uldivmod              
00003e21  __aeabi_cdcmpeq               
00003e21  __aeabi_cdcmple               
00003ea7  __aeabi_cdrcmple              
00003f2d  __aeabi_memclr                
00003f2d  __aeabi_memclr4               
00003f2d  __aeabi_memclr8               
00003f2f  __aeabi_memset                
00003f2f  __aeabi_memset4               
00003f2f  __aeabi_memset8               
00003f35  memset                        
00004021  __vla_dealloc                 
0000416f  __aeabi_d2f                   
000041dd  __TI_decompress_lzss          
00004245  frexp                         
00004245  frexpl                        
000042ff  __TI_ltoa                     
000043a5  atoi                          
000043f1  __aeabi_d2iz                  
00004439  __TI_auto_init_nobinit_nopinit
0000447d  sprintf                       
000044bd  vsnprintf                     
0000453d  calloc                        
00004575  __aeabi_f2d                   
000045ad  IntRegister                   
000045e1  _c_int00_noargs               
00004645  __aeabi_i2d                   
0000469d  __aeabi_ui2d                  
000046bd  __TI_zero_init_nomemset       
000046f5  memccpy                       
00004711  copysign                      
00004711  copysignl                     
0000475b  oi_parseInt                   
00004773  strcmp                        
0000478b  strchr                        
000047a1  strcpy                        
000047b5  strlen                        
000047c9  wcslen                        
000047db  IntMasterEnable               
000047eb  lcd_clear                     
000047fb  __TI_decompress_none          
00004809  CPUcpsie                      
00004815  ResetISR                      
0000482d  __aeabi_errno_addr            
00004835  malloc                        
0000483d  __abort_execution             
00004841  _system_pre_init              
00004845  C$$EXIT                       
00004845  abort                         
00004848  _ctypes_                      
0000497c  __TI_Handler_Table_Base       
00004988  __TI_Handler_Table_Limit      
00004998  __TI_CINIT_Base               
000049b0  __TI_CINIT_Limit              
20000000  __start___llvm_prf_cnts       
20000000  __stop___llvm_prf_cnts        
20000000  g_pfnRAMVectors               
20000270  __stack                       
20000470  __STACK_TOP                   
20001270  __STACK_END                   
20001270  _sys_memory                   
200022c4  isr_char_buffer               
20002310  _timeout_ticks                
20002314  fallingEdge                   
20002318  isr_int_value                 
2000231c  left_calibration_value        
20002320  pulseLength                   
20002324  right_calibration_value       
20002328  risingEdge                    
2000232c  isRisingEdge                  
20002330  motor_cal_factor_L            
20002334  motor_cal_factor_R            
20002350  _lock                         
20002354  _unlock                       
20002360  cyBOT_scan_features           
20002364  isr_counter                   
2000236c  errno                         
20002374  _running                      
ffffffff  __TI_pprof_out_hndl           
ffffffff  __TI_prof_data_size           
ffffffff  __TI_prof_data_start          
ffffffff  __binit__                     
ffffffff  __c_args__                    
ffffffff  binit                         
UNDEFED   __mpu_init                    
UNDEFED   _system_post_cinit            

[184 symbols]
