******************************************************************************
                  TI ARM Linker PC v20.2.6                     
******************************************************************************
>> Linked Wed Mar 22 16:10:53 2023

OUTPUT FILE NAME:   <Lab8.out>
ENTRY POINT SYMBOL: "_c_int00_noargs"  address: 00004349


MEMORY CONFIGURATION

         name            origin    length      used     unused   attr    fill
----------------------  --------  ---------  --------  --------  ----  --------
  FLASH                 00000000   00040000  0000474f  0003b8b1  R  X
  SRAM                  20000000   00008000  00002319  00005ce7  RW X


SEGMENT ALLOCATION MAP

run origin  load origin   length   init length attrs members
----------  ----------- ---------- ----------- ----- -------
00000000    00000000    00004758   00004758    r-x
  00000000    00000000    0000026c   0000026c    r-- .intvecs
  0000026c    0000026c    00004340   00004340    r-x .text
  000045b0    000045b0    0000014b   0000014b    r-- .const
  00004700    00004700    00000058   00000058    r-- .cinit
20000000    20000000    0000231d   00000000    rw-
  20000000    20000000    0000026c   00000000    rw- .vtable
  20000270    20000270    00001000   00000000    rw- .stack
  20001270    20001270    00001000   00000000    rw- .sysmem
  20002270    20002270    00000070   00000000    rw- .bss
  200022e0    200022e0    0000003d   00000000    rw- .data


SECTION ALLOCATION MAP

 output                                  attributes/
section   page    origin      length       input sections
--------  ----  ----------  ----------   ----------------
.intvecs   0    00000000    0000026c     
                  00000000    0000026c     tm4c123gh6pm_startup_ccs.obj (.intvecs)

.text      0    0000026c    00004340     
                  0000026c    00000c20     open_interface.obj (.text)
                  00000e8c    00000a4e     rtsv7M4_T_le_v4SPD16_eabi.lib : _printfi.c.obj (.text:__TI_printfi)
                  000018da    00000002                                   : _lock.c.obj (.text:_nop)
                  000018dc    000009d0                                   : e_pow.c.obj (.text:pow)
                  000022ac    00000328     lcd.obj (.text)
                  000025d4    00000270     rtsv7M4_T_le_v4SPD16_eabi.lib : _printfi.c.obj (.text:_pconv_a)
                  00002844    00000248     Timer.obj (.text)
                  00002a8c    000001d0     rtsv7M4_T_le_v4SPD16_eabi.lib : _printfi.c.obj (.text:_pconv_g)
                  00002c5c    000001d0     uart-interrupt.obj (.text)
                  00002e2c    000001b6     rtsv7M4_T_le_v4SPD16_eabi.lib : fd_add_t2.asm.obj (.text)
                  00002fe2    00000002                                   : div0.asm.obj (.text)
                  00002fe4    00000158                                   : e_sqrt.c.obj (.text:sqrt)
                  0000313c    0000013c                                   : _printfi.c.obj (.text:_pconv_e)
                  00003278    00000136                                   : fd_div_t2.asm.obj (.text)
                  000033ae    00000002     --HOLE-- [fill = 0]
                  000033b0    00000124                                   : _printfi.c.obj (.text:fcvt)
                  000034d4    00000110                                   : s_scalbn.c.obj (.text:scalbn)
                  000035e4    00000108     adc.obj (.text)
                  000036ec    00000100     rtsv7M4_T_le_v4SPD16_eabi.lib : memory.c.obj (.text:aligned_alloc)
                  000037ec    000000fc                                   : fd_mul_t2.asm.obj (.text)
                  000038e8    000000e4                                   : memory.c.obj (.text:free)
                  000039cc    000000c0     main.obj (.text)
                  00003a8c    000000b1     rtsv7M4_T_le_v4SPD16_eabi.lib : _printfi.c.obj (.text:_ltostr)
                  00003b3d    00000001     --HOLE-- [fill = 0]
                  00003b3e    0000009c                                   : memcpy_t2.asm.obj (.text)
                  00003bda    00000096                                   : ull_div_t2.asm.obj (.text)
                  00003c70    00000086                                   : fd_cmp_t2.asm.obj (.text:__aeabi_cdcmple)
                  00003cf6    00000086                                   : fd_cmp_t2.asm.obj (.text:__aeabi_cdrcmple)
                  00003d7c    0000007a                                   : memset_t2.asm.obj (.text)
                  00003df6    00000002     --HOLE-- [fill = 0]
                  00003df8    00000070                                   : memory.c.obj (.text:split)
                  00003e68    0000006e                                   : _printfi.c.obj (.text:_mcpy)
                  00003ed6    0000006e                                   : fd_tos_t2.asm.obj (.text)
                  00003f44    00000068                                   : copy_decompress_lzss.c.obj (.text:decompress:lzss:__TI_decompress_lzss)
                  00003fac    00000064                                   : s_frexp.c.obj (.text:frexp)
                  00004010    00000056                                   : _printfi.c.obj (.text:_pconv_f)
                  00004066    00000054                                   : _ltoa.c.obj (.text:__TI_ltoa)
                  000040ba    00000052                                   : _printfi.c.obj (.text:_ecpy)
                  0000410c    0000004c                                   : atoi.c.obj (.text:atoi)
                  00004158    00000048                                   : fd_toi_t2.asm.obj (.text)
                  000041a0    00000044                                   : autoinit.c.obj (.text:__TI_auto_init_nobinit_nopinit:__TI_auto_init_nobinit_nopinit)
                  000041e4    00000040                                   : sprintf.c.obj (.text:sprintf)
                  00004224    00000040                                   : vsnprintf.c.obj (.text:vsnprintf)
                  00004264    0000003e                                   : _printfi.c.obj (.text:_fcpy)
                  000042a2    00000002     --HOLE-- [fill = 0]
                  000042a4    00000038                                   : memory.c.obj (.text:calloc)
                  000042dc    00000038                                   : fs_tod_t2.asm.obj (.text)
                  00004314    00000034     driverlib.lib : interrupt.obj (.text:IntRegister)
                  00004348    00000034     rtsv7M4_T_le_v4SPD16_eabi.lib : boot_cortex_m.c.obj (.text:_c_int00_noargs:_c_int00_noargs)
                  0000437c    00000030                                   : vsnprintf.c.obj (.text:_outs)
                  000043ac    0000002e                                   : i_tofd_t2.asm.obj (.text)
                  000043da    00000002     --HOLE-- [fill = 0]
                  000043dc    00000028                                   : memory.c.obj (.text:free_list_insert)
                  00004404    00000020                                   : u_tofd_t2.asm.obj (.text)
                  00004424    0000001c                                   : copy_zero_init.c.obj (.text:decompress:ZI:__TI_zero_init_nomemset:__TI_zero_init_nomemset)
                  00004440    0000001c                                   : memory.c.obj (.text:free_list_remove)
                  0000445c    0000001c                                   : memccpy.c.obj (.text:memccpy)
                  00004478    0000001a                                   : s_copysign.c.obj (.text:copysign)
                  00004492    00000018                                   : vsnprintf.c.obj (.text:_outc)
                  000044aa    00000018                                   : sprintf.c.obj (.text:_outs)
                  000044c2    00000018     open_interface.obj (.text:oi_parseInt)
                  000044da    00000018     rtsv7M4_T_le_v4SPD16_eabi.lib : strcmp.c.obj (.text:strcmp)
                  000044f2    00000016                                   : strchr.c.obj (.text:strchr)
                  00004508    00000014                                   : strcpy.c.obj (.text:strcpy)
                  0000451c    00000014                                   : strlen.c.obj (.text:strlen)
                  00004530    00000012                                   : wcslen.c.obj (.text:wcslen)
                  00004542    00000010     driverlib.lib : interrupt.obj (.text:IntMasterEnable)
                  00004552    00000010     lcd.obj (.text:lcd_clear)
                  00004562    0000000e     rtsv7M4_T_le_v4SPD16_eabi.lib : copy_decompress_none.c.obj (.text:decompress:none:__TI_decompress_none)
                  00004570    0000000c     driverlib.lib : cpu.obj (.text:CPUcpsie)
                  0000457c    0000000c     tm4c123gh6pm_startup_ccs.obj (.text)
                  00004588    0000000a     rtsv7M4_T_le_v4SPD16_eabi.lib : sprintf.c.obj (.text:_outc)
                  00004592    00000002     --HOLE-- [fill = 0]
                  00004594    00000008                                   : errno.c.obj (.text:__aeabi_errno_addr)
                  0000459c    00000008                                   : memory.c.obj (.text:malloc)
                  000045a4    00000004                                   : pre_init.c.obj (.text:_system_pre_init)
                  000045a8    00000004                                   : exit.c.obj (.text:abort:abort)

.const     0    000045b0    0000014b     
                  000045b0    00000101     rtsv7M4_T_le_v4SPD16_eabi.lib : ctype.c.obj (.const:.string:_ctypes_)
                  000046b1    00000004     lcd.obj (.const:.string:lineAddress$1)
                  000046b5    00000003     --HOLE-- [fill = 0]
                  000046b8    00000030     rtsv7M4_T_le_v4SPD16_eabi.lib : e_pow.c.obj (.const:$O1$$)
                  000046e8    0000000f     open_interface.obj (.const:.string:$P$T0$3)
                  000046f7    00000004     lcd.obj (.const:.string:lineAddresses$2)

.cinit     0    00004700    00000058     
                  00004700    0000001f     (.cinit..data.load) [load image, compression = lzss]
                  0000471f    00000001     --HOLE-- [fill = 0]
                  00004720    0000000c     (__TI_handler_table)
                  0000472c    00000004     --HOLE-- [fill = 0]
                  00004730    00000008     (.cinit..bss.load) [load image, compression = zero_init]
                  00004738    00000008     (.cinit..vtable.load) [load image, compression = zero_init]
                  00004740    00000018     (__TI_cinit_table)

.init_array 
*          0    00000000    00000000     UNINITIALIZED

.vtable    0    20000000    0000026c     UNINITIALIZED
                  20000000    0000026c     driverlib.lib : interrupt.obj (.vtable)

.stack     0    20000270    00001000     UNINITIALIZED
                  20000270    00000004     rtsv7M4_T_le_v4SPD16_eabi.lib : boot_cortex_m.c.obj (.stack)
                  20000274    00000ffc     --HOLE--

.sysmem    0    20001270    00001000     UNINITIALIZED
                  20001270    00000010     rtsv7M4_T_le_v4SPD16_eabi.lib : memory.c.obj (.sysmem)
                  20001280    00000ff0     --HOLE--

.bss       0    20002270    00000070     UNINITIALIZED
                  20002270    00000054     lcd.obj (.bss:lastbuffer$3)
                  200022c4    00000018     open_interface.obj (.bss:firmware$2)
                  200022dc    00000004     (.common:_timeout_ticks)

.data      0    200022e0    0000003d     UNINITIALIZED
                  200022e0    00000020     open_interface.obj (.data)
                  20002300    00000008     rtsv7M4_T_le_v4SPD16_eabi.lib : _lock.c.obj (.data:$O1$$)
                  20002308    00000008                                   : memory.c.obj (.data:$O1$$)
                  20002310    00000008     uart-interrupt.obj (.data)
                  20002318    00000004     rtsv7M4_T_le_v4SPD16_eabi.lib : errno.c.obj (.data)
                  2000231c    00000001     Timer.obj (.data)

__llvm_prf_cnts 
*          0    20000000    00000000     UNINITIALIZED

MODULE SUMMARY

       Module                         code    ro data   rw data
       ------                         ----    -------   -------
    .\
       open_interface.obj             3128    15        56     
       lcd.obj                        824     8         84     
       tm4c123gh6pm_startup_ccs.obj   12      620       0      
       Timer.obj                      584     0         5      
       uart-interrupt.obj             464     0         8      
       adc.obj                        264     0         0      
       main.obj                       192     0         0      
    +--+------------------------------+-------+---------+---------+
       Total:                         5468    643       153    
                                                               
    C:/ti/TivaWare_C_Series-2.2.0.295/driverlib/ccs/Debug/driverlib.lib
       interrupt.obj                  68      0         620    
       cpu.obj                        12      0         0      
    +--+------------------------------+-------+---------+---------+
       Total:                         80      0         620    
                                                               
    C:\ti\ccs1200\ccs\tools\compiler\ti-cgt-arm_20.2.6.LTS\lib\rtsv7M4_T_le_v4SPD16_eabi.lib
       _printfi.c.obj                 4851    0         0      
       e_pow.c.obj                    2512    48        0      
       memory.c.obj                   728     0         8      
       fd_add_t2.asm.obj              438     0         0      
       e_sqrt.c.obj                   344     0         0      
       fd_div_t2.asm.obj              310     0         0      
       s_scalbn.c.obj                 272     0         0      
       fd_cmp_t2.asm.obj              268     0         0      
       ctype.c.obj                    0       257       0      
       fd_mul_t2.asm.obj              252     0         0      
       memcpy_t2.asm.obj              156     0         0      
       ull_div_t2.asm.obj             150     0         0      
       vsnprintf.c.obj                136     0         0      
       memset_t2.asm.obj              122     0         0      
       fd_tos_t2.asm.obj              110     0         0      
       copy_decompress_lzss.c.obj     104     0         0      
       s_frexp.c.obj                  100     0         0      
       sprintf.c.obj                  98      0         0      
       _ltoa.c.obj                    84      0         0      
       atoi.c.obj                     76      0         0      
       fd_toi_t2.asm.obj              72      0         0      
       autoinit.c.obj                 68      0         0      
       fs_tod_t2.asm.obj              56      0         0      
       boot_cortex_m.c.obj            52      0         0      
       i_tofd_t2.asm.obj              46      0         0      
       u_tofd_t2.asm.obj              32      0         0      
       copy_zero_init.c.obj           28      0         0      
       memccpy.c.obj                  28      0         0      
       s_copysign.c.obj               26      0         0      
       strcmp.c.obj                   24      0         0      
       strchr.c.obj                   22      0         0      
       strcpy.c.obj                   20      0         0      
       strlen.c.obj                   20      0         0      
       wcslen.c.obj                   18      0         0      
       copy_decompress_none.c.obj     14      0         0      
       errno.c.obj                    8       0         4      
       _lock.c.obj                    2       0         8      
       exit.c.obj                     4       0         0      
       pre_init.c.obj                 4       0         0      
       div0.asm.obj                   2       0         0      
    +--+------------------------------+-------+---------+---------+
       Total:                         11657   305       20     
                                                               
       Heap:                          0       0         4096   
       Stack:                         0       0         4096   
       Linker Generated:              0       83        0      
    +--+------------------------------+-------+---------+---------+
       Grand Total:                   17205   1031      8985   


LINKER GENERATED COPY TABLES

__TI_cinit_table @ 00004740 records: 3, size/record: 8, table size: 24
	.data: load addr=00004700, load size=0000001f bytes, run addr=200022e0, run size=0000003d bytes, compression=lzss
	.bss: load addr=00004730, load size=00000008 bytes, run addr=20002270, run size=00000070 bytes, compression=zero_init
	.vtable: load addr=00004738, load size=00000008 bytes, run addr=20000000, run size=0000026c bytes, compression=zero_init


LINKER GENERATED HANDLER TABLE

__TI_handler_table @ 00004720 records: 3, size/record: 4, table size: 12
	index: 0, handler: __TI_zero_init
	index: 1, handler: __TI_decompress_lzss
	index: 2, handler: __TI_decompress_none


GLOBAL SYMBOLS: SORTED ALPHABETICALLY BY Name 

address   name                          
-------   ----                          
000045a9  C$$EXIT                       
00004571  CPUcpsie                      
00000bc3  GPIOF_Handler                 
00004543  IntMasterEnable               
00004315  IntRegister                   
0000457d  ResetISR                      
00002d85  UART1_Handler                 
20001270  __STACK_END                   
00001000  __STACK_SIZE                  
20000470  __STACK_TOP                   
00001000  __SYSMEM_SIZE                 
00004740  __TI_CINIT_Base               
00004758  __TI_CINIT_Limit              
00004720  __TI_Handler_Table_Base       
0000472c  __TI_Handler_Table_Limit      
000041a1  __TI_auto_init_nobinit_nopinit
00003f45  __TI_decompress_lzss          
00004563  __TI_decompress_none          
00004067  __TI_ltoa                     
ffffffff  __TI_pprof_out_hndl           
00000e8d  __TI_printfi                  
ffffffff  __TI_prof_data_size           
ffffffff  __TI_prof_data_start          
00000000  __TI_static_base__            
00004425  __TI_zero_init_nomemset       
00003c71  __aeabi_cdcmpeq               
00003c71  __aeabi_cdcmple               
00003cf7  __aeabi_cdrcmple              
00003ed7  __aeabi_d2f                   
00004159  __aeabi_d2iz                  
00002e37  __aeabi_dadd                  
00003279  __aeabi_ddiv                  
000037ed  __aeabi_dmul                  
00002e2d  __aeabi_dsub                  
00004595  __aeabi_errno_addr            
000042dd  __aeabi_f2d                   
000043ad  __aeabi_i2d                   
00002fe3  __aeabi_idiv0                 
00002fe3  __aeabi_ldiv0                 
00003d7d  __aeabi_memclr                
00003d7d  __aeabi_memclr4               
00003d7d  __aeabi_memclr8               
00003b3f  __aeabi_memcpy                
00003b3f  __aeabi_memcpy4               
00003b3f  __aeabi_memcpy8               
00003d7f  __aeabi_memset                
00003d7f  __aeabi_memset4               
00003d7f  __aeabi_memset8               
00004405  __aeabi_ui2d                  
00003bdb  __aeabi_uldivmod              
ffffffff  __binit__                     
ffffffff  __c_args__                    
UNDEFED   __mpu_init                    
20000270  __stack                       
20000000  __start___llvm_prf_cnts       
20000000  __stop___llvm_prf_cnts        
00004349  _c_int00_noargs               
000045b0  _ctypes_                      
20002300  _lock                         
000018db  _nop                          
2000231c  _running                      
20001270  _sys_memory                   
UNDEFED   _system_post_cinit            
000045a5  _system_pre_init              
200022dc  _timeout_ticks                
20002304  _unlock                       
000045a9  abort                         
000035e5  adc_init                      
00003675  adc_read                      
000036ed  aligned_alloc                 
0000410d  atoi                          
ffffffff  binit                         
000042a5  calloc                        
20002310  command_byte                  
20002314  command_flag                  
00004479  copysign                      
00004479  copysignl                     
20002318  errno                         
000038e9  free                          
00003fad  frexp                         
00003fad  frexpl                        
20000000  g_pfnRAMVectors               
00000000  g_pfnVectors                  
0000097f  go_charge                     
00004553  lcd_clear                     
00002481  lcd_gotoLine                  
000022e9  lcd_init                      
000024e7  lcd_printf                    
000023a9  lcd_putc                      
000023e1  lcd_puts                      
000022ad  lcd_reverseNibble             
000023ff  lcd_sendCommand               
0000243d  lcd_sendNibble                
000024a9  lcd_setCursorPos              
000034d5  ldexp                         
000034d5  ldexpl                        
000039cd  main                          
0000459d  malloc                        
000036ed  memalign                      
0000445d  memccpy                       
00003b3f  memcpy                        
00003d85  memset                        
200022e0  motor_cal_factor_L            
200022e4  motor_cal_factor_R            
0000026d  oi_alloc                      
00000aa9  oi_checkFirmware              
000002c7  oi_close                      
00000279  oi_free                       
00000ded  oi_getMotorCalibrationLeft    
00000e01  oi_getMotorCalibrationRight   
000002b1  oi_init                       
00000289  oi_init_noupdate              
00000915  oi_loadSong                   
000044c3  oi_parseInt                   
0000032b  oi_parsePacket                
0000096b  oi_play_song                  
0000084b  oi_setLeds                    
00000db1  oi_setMotorCalibration        
0000088f  oi_setWheels                  
00000b51  oi_shutoff_init               
0000098d  oi_uartInit                   
00000a31  oi_uartReceive                
00000a77  oi_uartSendBuff               
00000a15  oi_uartSendChar               
00000a59  oi_uartSendStr                
000002d9  oi_update                     
000018dd  pow                           
000018dd  powl                          
000034d5  scalbn                        
000034d5  scalbnl                       
000041e5  sprintf                       
00002fe5  sqrt                          
00002fe5  sqrtl                         
000044f3  strchr                        
000044db  strcmp                        
00004509  strcpy                        
0000451d  strlen                        
00002963  timer_getMicros               
0000290b  timer_getMillis               
00002845  timer_init                    
000028e7  timer_pause                   
000028f9  timer_resume                  
000028bd  timer_stop                    
000029bd  timer_waitMicros              
000029ef  timer_waitMillis              
00002c5d  uart_interrupt_init           
00002d41  uart_receive                  
00002d25  uart_sendChar                 
00002d67  uart_sendStr                  
00004225  vsnprintf                     
00004531  wcslen                        


GLOBAL SYMBOLS: SORTED BY Symbol Address 

address   name                          
-------   ----                          
00000000  __TI_static_base__            
00000000  g_pfnVectors                  
0000026d  oi_alloc                      
00000279  oi_free                       
00000289  oi_init_noupdate              
000002b1  oi_init                       
000002c7  oi_close                      
000002d9  oi_update                     
0000032b  oi_parsePacket                
0000084b  oi_setLeds                    
0000088f  oi_setWheels                  
00000915  oi_loadSong                   
0000096b  oi_play_song                  
0000097f  go_charge                     
0000098d  oi_uartInit                   
00000a15  oi_uartSendChar               
00000a31  oi_uartReceive                
00000a59  oi_uartSendStr                
00000a77  oi_uartSendBuff               
00000aa9  oi_checkFirmware              
00000b51  oi_shutoff_init               
00000bc3  GPIOF_Handler                 
00000db1  oi_setMotorCalibration        
00000ded  oi_getMotorCalibrationLeft    
00000e01  oi_getMotorCalibrationRight   
00000e8d  __TI_printfi                  
00001000  __STACK_SIZE                  
00001000  __SYSMEM_SIZE                 
000018db  _nop                          
000018dd  pow                           
000018dd  powl                          
000022ad  lcd_reverseNibble             
000022e9  lcd_init                      
000023a9  lcd_putc                      
000023e1  lcd_puts                      
000023ff  lcd_sendCommand               
0000243d  lcd_sendNibble                
00002481  lcd_gotoLine                  
000024a9  lcd_setCursorPos              
000024e7  lcd_printf                    
00002845  timer_init                    
000028bd  timer_stop                    
000028e7  timer_pause                   
000028f9  timer_resume                  
0000290b  timer_getMillis               
00002963  timer_getMicros               
000029bd  timer_waitMicros              
000029ef  timer_waitMillis              
00002c5d  uart_interrupt_init           
00002d25  uart_sendChar                 
00002d41  uart_receive                  
00002d67  uart_sendStr                  
00002d85  UART1_Handler                 
00002e2d  __aeabi_dsub                  
00002e37  __aeabi_dadd                  
00002fe3  __aeabi_idiv0                 
00002fe3  __aeabi_ldiv0                 
00002fe5  sqrt                          
00002fe5  sqrtl                         
00003279  __aeabi_ddiv                  
000034d5  ldexp                         
000034d5  ldexpl                        
000034d5  scalbn                        
000034d5  scalbnl                       
000035e5  adc_init                      
00003675  adc_read                      
000036ed  aligned_alloc                 
000036ed  memalign                      
000037ed  __aeabi_dmul                  
000038e9  free                          
000039cd  main                          
00003b3f  __aeabi_memcpy                
00003b3f  __aeabi_memcpy4               
00003b3f  __aeabi_memcpy8               
00003b3f  memcpy                        
00003bdb  __aeabi_uldivmod              
00003c71  __aeabi_cdcmpeq               
00003c71  __aeabi_cdcmple               
00003cf7  __aeabi_cdrcmple              
00003d7d  __aeabi_memclr                
00003d7d  __aeabi_memclr4               
00003d7d  __aeabi_memclr8               
00003d7f  __aeabi_memset                
00003d7f  __aeabi_memset4               
00003d7f  __aeabi_memset8               
00003d85  memset                        
00003ed7  __aeabi_d2f                   
00003f45  __TI_decompress_lzss          
00003fad  frexp                         
00003fad  frexpl                        
00004067  __TI_ltoa                     
0000410d  atoi                          
00004159  __aeabi_d2iz                  
000041a1  __TI_auto_init_nobinit_nopinit
000041e5  sprintf                       
00004225  vsnprintf                     
000042a5  calloc                        
000042dd  __aeabi_f2d                   
00004315  IntRegister                   
00004349  _c_int00_noargs               
000043ad  __aeabi_i2d                   
00004405  __aeabi_ui2d                  
00004425  __TI_zero_init_nomemset       
0000445d  memccpy                       
00004479  copysign                      
00004479  copysignl                     
000044c3  oi_parseInt                   
000044db  strcmp                        
000044f3  strchr                        
00004509  strcpy                        
0000451d  strlen                        
00004531  wcslen                        
00004543  IntMasterEnable               
00004553  lcd_clear                     
00004563  __TI_decompress_none          
00004571  CPUcpsie                      
0000457d  ResetISR                      
00004595  __aeabi_errno_addr            
0000459d  malloc                        
000045a5  _system_pre_init              
000045a9  C$$EXIT                       
000045a9  abort                         
000045b0  _ctypes_                      
00004720  __TI_Handler_Table_Base       
0000472c  __TI_Handler_Table_Limit      
00004740  __TI_CINIT_Base               
00004758  __TI_CINIT_Limit              
20000000  __start___llvm_prf_cnts       
20000000  __stop___llvm_prf_cnts        
20000000  g_pfnRAMVectors               
20000270  __stack                       
20000470  __STACK_TOP                   
20001270  __STACK_END                   
20001270  _sys_memory                   
200022dc  _timeout_ticks                
200022e0  motor_cal_factor_L            
200022e4  motor_cal_factor_R            
20002300  _lock                         
20002304  _unlock                       
20002310  command_byte                  
20002314  command_flag                  
20002318  errno                         
2000231c  _running                      
ffffffff  __TI_pprof_out_hndl           
ffffffff  __TI_prof_data_size           
ffffffff  __TI_prof_data_start          
ffffffff  __binit__                     
ffffffff  __c_args__                    
ffffffff  binit                         
UNDEFED   __mpu_init                    
UNDEFED   _system_post_cinit            

[151 symbols]
