******************************************************************************
                  TI ARM Linker PC v20.2.6                     
******************************************************************************
>> Linked Tue Apr 11 13:54:32 2023

OUTPUT FILE NAME:   <Lab9.out>
ENTRY POINT SYMBOL: "_c_int00_noargs"  address: 0000281d


MEMORY CONFIGURATION

         name            origin    length      used     unused   attr    fill
----------------------  --------  ---------  --------  --------  ----  --------
  FLASH                 00000000   00040000  00002b41  0003d4bf  R  X
  SRAM                  20000000   00008000  000012d4  00006d2c  RW X


SEGMENT ALLOCATION MAP

run origin  load origin   length   init length attrs members
----------  ----------- ---------- ----------- ----- -------
00000000    00000000    00002b48   00002b48    r-x
  00000000    00000000    0000026c   0000026c    r-- .intvecs
  0000026c    0000026c    0000278c   0000278c    r-x .text
  000029f8    000029f8    00000109   00000109    r-- .const
  00002b08    00002b08    00000040   00000040    r-- .cinit
20000000    20000000    000012d8   00000000    rw-
  20000000    20000000    0000026c   00000000    rw- .vtable
  20000270    20000270    00001000   00000000    rw- .stack
  20001270    20001270    00000058   00000000    rw- .bss
  200012c8    200012c8    00000010   00000000    rw- .data


SECTION ALLOCATION MAP

 output                                  attributes/
section   page    origin      length       input sections
--------  ----  ----------  ----------   ----------------
.intvecs   0    00000000    0000026c     
                  00000000    0000026c     tm4c123gh6pm_startup_ccs.obj (.intvecs)

.text      0    0000026c    0000278c     
                  0000026c    00000a4e     rtsv7M4_T_le_v4SPD16_eabi.lib : _printfi.c.obj (.text:__TI_printfi)
                  00000cba    00000002                                   : div0.asm.obj (.text)
                  00000cbc    00000328     lcd.obj (.text)
                  00000fe4    00000270     rtsv7M4_T_le_v4SPD16_eabi.lib : _printfi.c.obj (.text:_pconv_a)
                  00001254    0000026c     ping_template.obj (.text)
                  000014c0    00000248     Timer.obj (.text)
                  00001708    000001d0     rtsv7M4_T_le_v4SPD16_eabi.lib : _printfi.c.obj (.text:_pconv_g)
                  000018d8    000001b6                                   : fd_add_t2.asm.obj (.text)
                  00001a8e    00000002     --HOLE-- [fill = 0]
                  00001a90    0000013c                                   : _printfi.c.obj (.text:_pconv_e)
                  00001bcc    00000136                                   : fd_div_t2.asm.obj (.text)
                  00001d02    00000002     --HOLE-- [fill = 0]
                  00001d04    00000124                                   : _printfi.c.obj (.text:fcvt)
                  00001e28    00000110                                   : s_scalbn.c.obj (.text:scalbn)
                  00001f38    000000fc                                   : fd_mul_t2.asm.obj (.text)
                  00002034    000000b1                                   : _printfi.c.obj (.text:_ltostr)
                  000020e5    00000001     --HOLE-- [fill = 0]
                  000020e6    0000009c                                   : memcpy_t2.asm.obj (.text)
                  00002182    00000096                                   : ull_div_t2.asm.obj (.text)
                  00002218    00000086                                   : fd_cmp_t2.asm.obj (.text:__aeabi_cdcmple)
                  0000229e    00000086                                   : fd_cmp_t2.asm.obj (.text:__aeabi_cdrcmple)
                  00002324    0000007a                                   : memset_t2.asm.obj (.text)
                  0000239e    0000006e                                   : _printfi.c.obj (.text:_mcpy)
                  0000240c    00000068                                   : copy_decompress_lzss.c.obj (.text:decompress:lzss:__TI_decompress_lzss)
                  00002474    00000064                                   : s_frexp.c.obj (.text:frexp)
                  000024d8    00000056                                   : _printfi.c.obj (.text:_pconv_f)
                  0000252e    00000054                                   : _ltoa.c.obj (.text:__TI_ltoa)
                  00002582    00000052                                   : _printfi.c.obj (.text:_ecpy)
                  000025d4    0000004c                                   : atoi.c.obj (.text:atoi)
                  00002620    00000048                                   : fd_toi_t2.asm.obj (.text)
                  00002668    00000044                                   : autoinit.c.obj (.text:__TI_auto_init_nobinit_nopinit:__TI_auto_init_nobinit_nopinit)
                  000026ac    00000044     lab9_template.obj (.text)
                  000026f0    00000040     rtsv7M4_T_le_v4SPD16_eabi.lib : sprintf.c.obj (.text:sprintf)
                  00002730    00000040                                   : vsnprintf.c.obj (.text:vsnprintf)
                  00002770    0000003e                                   : _printfi.c.obj (.text:_fcpy)
                  000027ae    00000038                                   : fs_tod_t2.asm.obj (.text)
                  000027e6    00000002     --HOLE-- [fill = 0]
                  000027e8    00000034     driverlib.lib : interrupt.obj (.text:IntRegister)
                  0000281c    00000034     rtsv7M4_T_le_v4SPD16_eabi.lib : boot_cortex_m.c.obj (.text:_c_int00_noargs:_c_int00_noargs)
                  00002850    00000030                                   : vsnprintf.c.obj (.text:_outs)
                  00002880    0000002e                                   : i_tofd_t2.asm.obj (.text)
                  000028ae    0000001c                                   : copy_zero_init.c.obj (.text:decompress:ZI:__TI_zero_init_nomemset:__TI_zero_init_nomemset)
                  000028ca    0000001c                                   : memccpy.c.obj (.text:memccpy)
                  000028e6    0000001a                                   : s_copysign.c.obj (.text:copysign)
                  00002900    00000018                                   : vsnprintf.c.obj (.text:_outc)
                  00002918    00000018                                   : sprintf.c.obj (.text:_outs)
                  00002930    00000018                                   : strcmp.c.obj (.text:strcmp)
                  00002948    00000016                                   : strchr.c.obj (.text:strchr)
                  0000295e    00000014                                   : strcpy.c.obj (.text:strcpy)
                  00002972    00000014                                   : strlen.c.obj (.text:strlen)
                  00002986    00000012                                   : wcslen.c.obj (.text:wcslen)
                  00002998    00000010     driverlib.lib : interrupt.obj (.text:IntMasterEnable)
                  000029a8    00000010     lcd.obj (.text:lcd_clear)
                  000029b8    0000000e     rtsv7M4_T_le_v4SPD16_eabi.lib : copy_decompress_none.c.obj (.text:decompress:none:__TI_decompress_none)
                  000029c6    0000000c     driverlib.lib : cpu.obj (.text:CPUcpsie)
                  000029d2    0000000c     tm4c123gh6pm_startup_ccs.obj (.text)
                  000029de    0000000a     rtsv7M4_T_le_v4SPD16_eabi.lib : sprintf.c.obj (.text:_outc)
                  000029e8    00000008                                   : errno.c.obj (.text:__aeabi_errno_addr)
                  000029f0    00000004                                   : pre_init.c.obj (.text:_system_pre_init)
                  000029f4    00000004                                   : exit.c.obj (.text:abort:abort)

.const     0    000029f8    00000109     
                  000029f8    00000101     rtsv7M4_T_le_v4SPD16_eabi.lib : ctype.c.obj (.const:.string:_ctypes_)
                  00002af9    00000004     lcd.obj (.const:.string:lineAddress$1)
                  00002afd    00000004     lcd.obj (.const:.string:lineAddresses$2)

.cinit     0    00002b08    00000040     
                  00002b08    0000000c     (__TI_handler_table)
                  00002b14    00000004     --HOLE-- [fill = 0]
                  00002b18    00000008     (.cinit..bss.load) [load image, compression = zero_init]
                  00002b20    00000008     (.cinit..vtable.load) [load image, compression = zero_init]
                  00002b28    00000007     (.cinit..data.load) [load image, compression = lzss]
                  00002b2f    00000001     --HOLE-- [fill = 0]
                  00002b30    00000018     (__TI_cinit_table)

.init_array 
*          0    00000000    00000000     UNINITIALIZED

.vtable    0    20000000    0000026c     UNINITIALIZED
                  20000000    0000026c     driverlib.lib : interrupt.obj (.vtable)

.bss       0    20001270    00000058     UNINITIALIZED
                  20001270    00000054     lcd.obj (.bss:lastbuffer$3)
                  200012c4    00000004     (.common:_timeout_ticks)

.data      0    200012c8    00000010     UNINITIALIZED
                  200012c8    00000009     ping_template.obj (.data)
                  200012d1    00000001     Timer.obj (.data)
                  200012d2    00000002     --HOLE--
                  200012d4    00000004     rtsv7M4_T_le_v4SPD16_eabi.lib : errno.c.obj (.data)

.stack     0    20000270    00001000     UNINITIALIZED
                  20000270    00000004     rtsv7M4_T_le_v4SPD16_eabi.lib : boot_cortex_m.c.obj (.stack)
                  20000274    00000ffc     --HOLE--

__llvm_prf_cnts 
*          0    20000000    00000000     UNINITIALIZED

MODULE SUMMARY

       Module                         code    ro data   rw data
       ------                         ----    -------   -------
    .\
       lcd.obj                        824     8         84     
       tm4c123gh6pm_startup_ccs.obj   12      620       0      
       ping_template.obj              620     0         9      
       Timer.obj                      584     0         5      
       lab9_template.obj              68      0         0      
    +--+------------------------------+-------+---------+---------+
       Total:                         2108    628       98     
                                                               
    C:/ti/TivaWare_C_Series-2.2.0.295/driverlib/ccs/Debug/driverlib.lib
       interrupt.obj                  68      0         620    
       cpu.obj                        12      0         0      
    +--+------------------------------+-------+---------+---------+
       Total:                         80      0         620    
                                                               
    C:\ti\ccs1200\ccs\tools\compiler\ti-cgt-arm_20.2.6.LTS\lib\rtsv7M4_T_le_v4SPD16_eabi.lib
       _printfi.c.obj                 4851    0         0      
       fd_add_t2.asm.obj              438     0         0      
       fd_div_t2.asm.obj              310     0         0      
       s_scalbn.c.obj                 272     0         0      
       fd_cmp_t2.asm.obj              268     0         0      
       ctype.c.obj                    0       257       0      
       fd_mul_t2.asm.obj              252     0         0      
       memcpy_t2.asm.obj              156     0         0      
       ull_div_t2.asm.obj             150     0         0      
       vsnprintf.c.obj                136     0         0      
       memset_t2.asm.obj              122     0         0      
       copy_decompress_lzss.c.obj     104     0         0      
       s_frexp.c.obj                  100     0         0      
       sprintf.c.obj                  98      0         0      
       _ltoa.c.obj                    84      0         0      
       atoi.c.obj                     76      0         0      
       fd_toi_t2.asm.obj              72      0         0      
       autoinit.c.obj                 68      0         0      
       fs_tod_t2.asm.obj              56      0         0      
       boot_cortex_m.c.obj            52      0         0      
       i_tofd_t2.asm.obj              46      0         0      
       copy_zero_init.c.obj           28      0         0      
       memccpy.c.obj                  28      0         0      
       s_copysign.c.obj               26      0         0      
       strcmp.c.obj                   24      0         0      
       strchr.c.obj                   22      0         0      
       strcpy.c.obj                   20      0         0      
       strlen.c.obj                   20      0         0      
       wcslen.c.obj                   18      0         0      
       copy_decompress_none.c.obj     14      0         0      
       errno.c.obj                    8       0         4      
       exit.c.obj                     4       0         0      
       pre_init.c.obj                 4       0         0      
       div0.asm.obj                   2       0         0      
    +--+------------------------------+-------+---------+---------+
       Total:                         7929    257       4      
                                                               
       Stack:                         0       0         4096   
       Linker Generated:              0       59        0      
    +--+------------------------------+-------+---------+---------+
       Grand Total:                   10117   944       4818   


LINKER GENERATED COPY TABLES

__TI_cinit_table @ 00002b30 records: 3, size/record: 8, table size: 24
	.bss: load addr=00002b18, load size=00000008 bytes, run addr=20001270, run size=00000058 bytes, compression=zero_init
	.vtable: load addr=00002b20, load size=00000008 bytes, run addr=20000000, run size=0000026c bytes, compression=zero_init
	.data: load addr=00002b28, load size=00000007 bytes, run addr=200012c8, run size=00000010 bytes, compression=lzss


LINKER GENERATED HANDLER TABLE

__TI_handler_table @ 00002b08 records: 3, size/record: 4, table size: 12
	index: 0, handler: __TI_zero_init
	index: 1, handler: __TI_decompress_lzss
	index: 2, handler: __TI_decompress_none


GLOBAL SYMBOLS: SORTED ALPHABETICALLY BY Name 

address   name                          
-------   ----                          
000029f5  C$$EXIT                       
000029c7  CPUcpsie                      
200012cc  END_TIME                      
00002999  IntMasterEnable               
000027e9  IntRegister                   
000029d3  ResetISR                      
200012c8  START_TIME                    
200012d0  STATE                         
000013b1  TIMER3B_Handler               
20001270  __STACK_END                   
00001000  __STACK_SIZE                  
20000470  __STACK_TOP                   
00002b30  __TI_CINIT_Base               
00002b48  __TI_CINIT_Limit              
00002b08  __TI_Handler_Table_Base       
00002b14  __TI_Handler_Table_Limit      
00002669  __TI_auto_init_nobinit_nopinit
0000240d  __TI_decompress_lzss          
000029b9  __TI_decompress_none          
0000252f  __TI_ltoa                     
ffffffff  __TI_pprof_out_hndl           
0000026d  __TI_printfi                  
ffffffff  __TI_prof_data_size           
ffffffff  __TI_prof_data_start          
00000000  __TI_static_base__            
000028af  __TI_zero_init_nomemset       
00002219  __aeabi_cdcmpeq               
00002219  __aeabi_cdcmple               
0000229f  __aeabi_cdrcmple              
00002621  __aeabi_d2iz                  
000018e3  __aeabi_dadd                  
00001bcd  __aeabi_ddiv                  
00001f39  __aeabi_dmul                  
000018d9  __aeabi_dsub                  
000029e9  __aeabi_errno_addr            
000027af  __aeabi_f2d                   
00002881  __aeabi_i2d                   
00000cbb  __aeabi_idiv0                 
00000cbb  __aeabi_ldiv0                 
00002325  __aeabi_memclr                
00002325  __aeabi_memclr4               
00002325  __aeabi_memclr8               
000020e7  __aeabi_memcpy                
000020e7  __aeabi_memcpy4               
000020e7  __aeabi_memcpy8               
00002327  __aeabi_memset                
00002327  __aeabi_memset4               
00002327  __aeabi_memset8               
00002183  __aeabi_uldivmod              
ffffffff  __binit__                     
ffffffff  __c_args__                    
UNDEFED   __mpu_init                    
20000270  __stack                       
20000000  __start___llvm_prf_cnts       
20000000  __stop___llvm_prf_cnts        
0000281d  _c_int00_noargs               
000029f8  _ctypes_                      
200012d1  _running                      
UNDEFED   _system_post_cinit            
000029f1  _system_pre_init              
200012c4  _timeout_ticks                
000029f5  abort                         
000025d5  atoi                          
ffffffff  binit                         
000028e7  copysign                      
000028e7  copysignl                     
200012d4  errno                         
00002475  frexp                         
00002475  frexpl                        
20000000  g_pfnRAMVectors               
00000000  g_pfnVectors                  
000029a9  lcd_clear                     
00000e91  lcd_gotoLine                  
00000cf9  lcd_init                      
00000ef7  lcd_printf                    
00000db9  lcd_putc                      
00000df1  lcd_puts                      
00000cbd  lcd_reverseNibble             
00000e0f  lcd_sendCommand               
00000e4d  lcd_sendNibble                
00000eb9  lcd_setCursorPos              
00001e29  ldexp                         
00001e29  ldexpl                        
000026ad  main                          
000028cb  memccpy                       
000020e7  memcpy                        
0000232d  memset                        
000013f1  ping_getDistance              
00001255  ping_init                     
00001323  ping_trigger                  
00001e29  scalbn                        
00001e29  scalbnl                       
000026f1  sprintf                       
00002949  strchr                        
00002931  strcmp                        
0000295f  strcpy                        
00002973  strlen                        
000015df  timer_getMicros               
00001587  timer_getMillis               
000014c1  timer_init                    
00001563  timer_pause                   
00001575  timer_resume                  
00001539  timer_stop                    
00001639  timer_waitMicros              
0000166b  timer_waitMillis              
00002731  vsnprintf                     
00002987  wcslen                        


GLOBAL SYMBOLS: SORTED BY Symbol Address 

address   name                          
-------   ----                          
00000000  __TI_static_base__            
00000000  g_pfnVectors                  
0000026d  __TI_printfi                  
00000cbb  __aeabi_idiv0                 
00000cbb  __aeabi_ldiv0                 
00000cbd  lcd_reverseNibble             
00000cf9  lcd_init                      
00000db9  lcd_putc                      
00000df1  lcd_puts                      
00000e0f  lcd_sendCommand               
00000e4d  lcd_sendNibble                
00000e91  lcd_gotoLine                  
00000eb9  lcd_setCursorPos              
00000ef7  lcd_printf                    
00001000  __STACK_SIZE                  
00001255  ping_init                     
00001323  ping_trigger                  
000013b1  TIMER3B_Handler               
000013f1  ping_getDistance              
000014c1  timer_init                    
00001539  timer_stop                    
00001563  timer_pause                   
00001575  timer_resume                  
00001587  timer_getMillis               
000015df  timer_getMicros               
00001639  timer_waitMicros              
0000166b  timer_waitMillis              
000018d9  __aeabi_dsub                  
000018e3  __aeabi_dadd                  
00001bcd  __aeabi_ddiv                  
00001e29  ldexp                         
00001e29  ldexpl                        
00001e29  scalbn                        
00001e29  scalbnl                       
00001f39  __aeabi_dmul                  
000020e7  __aeabi_memcpy                
000020e7  __aeabi_memcpy4               
000020e7  __aeabi_memcpy8               
000020e7  memcpy                        
00002183  __aeabi_uldivmod              
00002219  __aeabi_cdcmpeq               
00002219  __aeabi_cdcmple               
0000229f  __aeabi_cdrcmple              
00002325  __aeabi_memclr                
00002325  __aeabi_memclr4               
00002325  __aeabi_memclr8               
00002327  __aeabi_memset                
00002327  __aeabi_memset4               
00002327  __aeabi_memset8               
0000232d  memset                        
0000240d  __TI_decompress_lzss          
00002475  frexp                         
00002475  frexpl                        
0000252f  __TI_ltoa                     
000025d5  atoi                          
00002621  __aeabi_d2iz                  
00002669  __TI_auto_init_nobinit_nopinit
000026ad  main                          
000026f1  sprintf                       
00002731  vsnprintf                     
000027af  __aeabi_f2d                   
000027e9  IntRegister                   
0000281d  _c_int00_noargs               
00002881  __aeabi_i2d                   
000028af  __TI_zero_init_nomemset       
000028cb  memccpy                       
000028e7  copysign                      
000028e7  copysignl                     
00002931  strcmp                        
00002949  strchr                        
0000295f  strcpy                        
00002973  strlen                        
00002987  wcslen                        
00002999  IntMasterEnable               
000029a9  lcd_clear                     
000029b9  __TI_decompress_none          
000029c7  CPUcpsie                      
000029d3  ResetISR                      
000029e9  __aeabi_errno_addr            
000029f1  _system_pre_init              
000029f5  C$$EXIT                       
000029f5  abort                         
000029f8  _ctypes_                      
00002b08  __TI_Handler_Table_Base       
00002b14  __TI_Handler_Table_Limit      
00002b30  __TI_CINIT_Base               
00002b48  __TI_CINIT_Limit              
20000000  __start___llvm_prf_cnts       
20000000  __stop___llvm_prf_cnts        
20000000  g_pfnRAMVectors               
20000270  __stack                       
20000470  __STACK_TOP                   
20001270  __STACK_END                   
200012c4  _timeout_ticks                
200012c8  START_TIME                    
200012cc  END_TIME                      
200012d0  STATE                         
200012d1  _running                      
200012d4  errno                         
ffffffff  __TI_pprof_out_hndl           
ffffffff  __TI_prof_data_size           
ffffffff  __TI_prof_data_start          
ffffffff  __binit__                     
ffffffff  __c_args__                    
ffffffff  binit                         
UNDEFED   __mpu_init                    
UNDEFED   _system_post_cinit            

[107 symbols]
