******************************************************************************
                  TI ARM Linker PC v20.2.6                     
******************************************************************************
>> Linked Wed Mar 22 14:27:47 2023

OUTPUT FILE NAME:   <Lab7.out>
ENTRY POINT SYMBOL: "_c_int00_noargs"  address: 000045dd


MEMORY CONFIGURATION

         name            origin    length      used     unused   attr    fill
----------------------  --------  ---------  --------  --------  ----  --------
  FLASH                 00000000   00040000  00004990  0003b670  R  X
  SRAM                  20000000   00008000  00002336  00005cca  RW X


SEGMENT ALLOCATION MAP

run origin  load origin   length   init length attrs members
----------  ----------- ---------- ----------- ----- -------
00000000    00000000    00004990   00004990    r-x
  00000000    00000000    0000026c   0000026c    r-- .intvecs
  0000026c    0000026c    000045b4   000045b4    r-x .text
  00004820    00004820    00000118   00000118    r-- .const
  00004938    00004938    00000058   00000058    r-- .cinit
20000000    20000000    0000233d   00000000    rw-
  20000000    20000000    0000026c   00000000    rw- .vtable
  20000270    20000270    00001000   00000000    rw- .stack
  20001270    20001270    00001000   00000000    rw- .sysmem
  20002270    20002270    00000089   00000000    rw- .bss
  200022fc    200022fc    00000041   00000000    rw- .data


SECTION ALLOCATION MAP

 output                                  attributes/
section   page    origin      length       input sections
--------  ----  ----------  ----------   ----------------
.intvecs   0    00000000    0000026c     
                  00000000    0000026c     tm4c123gh6pm_startup_ccs.obj (.intvecs)

.text      0    0000026c    000045b4     
                  0000026c    00000c20     open_interface.obj (.text)
                  00000e8c    00000a4e     rtsv7M4_T_le_v4SPD16_eabi.lib : _printfi.c.obj (.text:__TI_printfi)
                  000018da    00000002                                   : _lock.c.obj (.text:_nop)
                  000018dc    000005c0     main.obj (.text)
                  00001e9c    00000328     lcd.obj (.text)
                  000021c4    00000300     movement.obj (.text)
                  000024c4    00000270     rtsv7M4_T_le_v4SPD16_eabi.lib : _printfi.c.obj (.text:_pconv_a)
                  00002734    00000260     libcybotScan.lib : cyBot_Scan.obj (.text)
                  00002994    00000248     Timer.obj (.text)
                  00002bdc    000001ec     libcybotScan.lib : ping.obj (.text)
                  00002dc8    000001d8     uart-interrupt.obj (.text)
                  00002fa0    000001d0     rtsv7M4_T_le_v4SPD16_eabi.lib : _printfi.c.obj (.text:_pconv_g)
                  00003170    000001b6                                   : fd_add_t2.asm.obj (.text)
                  00003326    00000002                                   : div0.asm.obj (.text)
                  00003328    00000158     libcybotScan.lib : servo.obj (.text)
                  00003480    0000013c     rtsv7M4_T_le_v4SPD16_eabi.lib : _printfi.c.obj (.text:_pconv_e)
                  000035bc    00000136                                   : fd_div_t2.asm.obj (.text)
                  000036f2    00000002     --HOLE-- [fill = 0]
                  000036f4    00000124                                   : _printfi.c.obj (.text:fcvt)
                  00003818    00000118     libcybotScan.lib : ir.obj (.text)
                  00003930    00000110     rtsv7M4_T_le_v4SPD16_eabi.lib : s_scalbn.c.obj (.text:scalbn)
                  00003a40    00000100                                   : memory.c.obj (.text:aligned_alloc)
                  00003b40    000000fc                                   : fd_mul_t2.asm.obj (.text)
                  00003c3c    000000e4                                   : memory.c.obj (.text:free)
                  00003d20    000000b1                                   : _printfi.c.obj (.text:_ltostr)
                  00003dd1    00000001     --HOLE-- [fill = 0]
                  00003dd2    0000009c                                   : memcpy_t2.asm.obj (.text)
                  00003e6e    00000096                                   : ull_div_t2.asm.obj (.text)
                  00003f04    00000086                                   : fd_cmp_t2.asm.obj (.text:__aeabi_cdcmple)
                  00003f8a    00000086                                   : fd_cmp_t2.asm.obj (.text:__aeabi_cdrcmple)
                  00004010    0000007a                                   : memset_t2.asm.obj (.text)
                  0000408a    00000002     --HOLE-- [fill = 0]
                  0000408c    00000070                                   : memory.c.obj (.text:split)
                  000040fc    0000006e                                   : _printfi.c.obj (.text:_mcpy)
                  0000416a    0000006e                                   : fd_tos_t2.asm.obj (.text)
                  000041d8    00000068                                   : copy_decompress_lzss.c.obj (.text:decompress:lzss:__TI_decompress_lzss)
                  00004240    00000064                                   : s_frexp.c.obj (.text:frexp)
                  000042a4    00000056                                   : _printfi.c.obj (.text:_pconv_f)
                  000042fa    00000054                                   : _ltoa.c.obj (.text:__TI_ltoa)
                  0000434e    00000052                                   : _printfi.c.obj (.text:_ecpy)
                  000043a0    0000004c                                   : atoi.c.obj (.text:atoi)
                  000043ec    00000048                                   : fd_toi_t2.asm.obj (.text)
                  00004434    00000044                                   : autoinit.c.obj (.text:__TI_auto_init_nobinit_nopinit:__TI_auto_init_nobinit_nopinit)
                  00004478    00000040                                   : sprintf.c.obj (.text:sprintf)
                  000044b8    00000040                                   : vsnprintf.c.obj (.text:vsnprintf)
                  000044f8    0000003e                                   : _printfi.c.obj (.text:_fcpy)
                  00004536    00000002     --HOLE-- [fill = 0]
                  00004538    00000038                                   : memory.c.obj (.text:calloc)
                  00004570    00000038                                   : fs_tod_t2.asm.obj (.text)
                  000045a8    00000034     driverlib.lib : interrupt.obj (.text:IntRegister)
                  000045dc    00000034     rtsv7M4_T_le_v4SPD16_eabi.lib : boot_cortex_m.c.obj (.text:_c_int00_noargs:_c_int00_noargs)
                  00004610    00000030                                   : vsnprintf.c.obj (.text:_outs)
                  00004640    0000002e                                   : i_tofd_t2.asm.obj (.text)
                  0000466e    00000002     --HOLE-- [fill = 0]
                  00004670    00000028                                   : memory.c.obj (.text:free_list_insert)
                  00004698    0000001c                                   : copy_zero_init.c.obj (.text:decompress:ZI:__TI_zero_init_nomemset:__TI_zero_init_nomemset)
                  000046b4    0000001c                                   : memory.c.obj (.text:free_list_remove)
                  000046d0    0000001c                                   : memccpy.c.obj (.text:memccpy)
                  000046ec    0000001a                                   : s_copysign.c.obj (.text:copysign)
                  00004706    00000018                                   : vsnprintf.c.obj (.text:_outc)
                  0000471e    00000018                                   : sprintf.c.obj (.text:_outs)
                  00004736    00000018     open_interface.obj (.text:oi_parseInt)
                  0000474e    00000018     rtsv7M4_T_le_v4SPD16_eabi.lib : strcmp.c.obj (.text:strcmp)
                  00004766    00000016                                   : strchr.c.obj (.text:strchr)
                  0000477c    00000014                                   : strcpy.c.obj (.text:strcpy)
                  00004790    00000014                                   : strlen.c.obj (.text:strlen)
                  000047a4    00000012                                   : wcslen.c.obj (.text:wcslen)
                  000047b6    00000010     driverlib.lib : interrupt.obj (.text:IntMasterEnable)
                  000047c6    00000010     lcd.obj (.text:lcd_clear)
                  000047d6    0000000e     rtsv7M4_T_le_v4SPD16_eabi.lib : copy_decompress_none.c.obj (.text:decompress:none:__TI_decompress_none)
                  000047e4    0000000c     driverlib.lib : cpu.obj (.text:CPUcpsie)
                  000047f0    0000000c     tm4c123gh6pm_startup_ccs.obj (.text)
                  000047fc    0000000a     rtsv7M4_T_le_v4SPD16_eabi.lib : sprintf.c.obj (.text:_outc)
                  00004806    00000002     --HOLE-- [fill = 0]
                  00004808    00000008                                   : errno.c.obj (.text:__aeabi_errno_addr)
                  00004810    00000008                                   : memory.c.obj (.text:malloc)
                  00004818    00000004                                   : pre_init.c.obj (.text:_system_pre_init)
                  0000481c    00000004                                   : exit.c.obj (.text:abort:abort)

.const     0    00004820    00000118     
                  00004820    00000101     rtsv7M4_T_le_v4SPD16_eabi.lib : ctype.c.obj (.const:.string:_ctypes_)
                  00004921    0000000f     open_interface.obj (.const:.string:$P$T0$3)
                  00004930    00000004     lcd.obj (.const:.string:lineAddress$1)
                  00004934    00000004     lcd.obj (.const:.string:lineAddresses$2)

.cinit     0    00004938    00000058     
                  00004938    0000001f     (.cinit..data.load) [load image, compression = lzss]
                  00004957    00000001     --HOLE-- [fill = 0]
                  00004958    0000000c     (__TI_handler_table)
                  00004964    00000004     --HOLE-- [fill = 0]
                  00004968    00000008     (.cinit..bss.load) [load image, compression = zero_init]
                  00004970    00000008     (.cinit..vtable.load) [load image, compression = zero_init]
                  00004978    00000018     (__TI_cinit_table)

.init_array 
*          0    00000000    00000000     UNINITIALIZED

.vtable    0    20000000    0000026c     UNINITIALIZED
                  20000000    0000026c     driverlib.lib : interrupt.obj (.vtable)

.stack     0    20000270    00001000     UNINITIALIZED
                  20000270    00000004     rtsv7M4_T_le_v4SPD16_eabi.lib : boot_cortex_m.c.obj (.stack)
                  20000274    00000ffc     --HOLE--

.sysmem    0    20001270    00001000     UNINITIALIZED
                  20001270    00000010     rtsv7M4_T_le_v4SPD16_eabi.lib : memory.c.obj (.sysmem)
                  20001280    00000ff0     --HOLE--

.bss       0    20002270    00000089     UNINITIALIZED
                  20002270    00000054     lcd.obj (.bss:lastbuffer$3)
                  200022c4    00000018     open_interface.obj (.bss:firmware$2)
                  200022dc    00000004     (.common:_timeout_ticks)
                  200022e0    00000004     (.common:fallingEdge)
                  200022e4    00000004     (.common:isr_int_value)
                  200022e8    00000004     (.common:left_calibration_value)
                  200022ec    00000004     (.common:pulseLength)
                  200022f0    00000004     (.common:right_calibration_value)
                  200022f4    00000004     (.common:risingEdge)
                  200022f8    00000001     (.common:isRisingEdge)

.data      0    200022fc    00000041     UNINITIALIZED
                  200022fc    00000020     open_interface.obj (.data)
                  2000231c    00000008     rtsv7M4_T_le_v4SPD16_eabi.lib : _lock.c.obj (.data:$O1$$)
                  20002324    00000008                                   : memory.c.obj (.data:$O1$$)
                  2000232c    00000008     uart-interrupt.obj (.data)
                  20002334    00000004     libcybotScan.lib : cyBot_Scan.obj (.data)
                  20002338    00000004     rtsv7M4_T_le_v4SPD16_eabi.lib : errno.c.obj (.data)
                  2000233c    00000001     Timer.obj (.data)

__llvm_prf_cnts 
*          0    20000000    00000000     UNINITIALIZED

MODULE SUMMARY

       Module                         code    ro data   rw data
       ------                         ----    -------   -------
    .\
       open_interface.obj             3128    15        56     
       main.obj                       1472    0         8      
       lcd.obj                        824     8         84     
       movement.obj                   768     0         0      
       tm4c123gh6pm_startup_ccs.obj   12      620       0      
       Timer.obj                      584     0         5      
       uart-interrupt.obj             472     0         8      
    +--+------------------------------+-------+---------+---------+
       Total:                         7260    643       161    
                                                               
    ../RemoteSystemsTempFiles/libcybotScan.lib
       cyBot_Scan.obj                 608     0         4      
       ping.obj                       492     0         13     
       servo.obj                      344     0         0      
       ir.obj                         280     0         4      
    +--+------------------------------+-------+---------+---------+
       Total:                         1724    0         21     
                                                               
    C:/ti/TivaWare_C_Series-2.2.0.295/driverlib/ccs/Debug/driverlib.lib
       interrupt.obj                  68      0         620    
       cpu.obj                        12      0         0      
    +--+------------------------------+-------+---------+---------+
       Total:                         80      0         620    
                                                               
    C:\ti\ccs1200\ccs\tools\compiler\ti-cgt-arm_20.2.6.LTS\lib\rtsv7M4_T_le_v4SPD16_eabi.lib
       _printfi.c.obj                 4851    0         0      
       memory.c.obj                   728     0         8      
       fd_add_t2.asm.obj              438     0         0      
       fd_div_t2.asm.obj              310     0         0      
       s_scalbn.c.obj                 272     0         0      
       fd_cmp_t2.asm.obj              268     0         0      
       ctype.c.obj                    0       257       0      
       fd_mul_t2.asm.obj              252     0         0      
       memcpy_t2.asm.obj              156     0         0      
       ull_div_t2.asm.obj             150     0         0      
       vsnprintf.c.obj                136     0         0      
       memset_t2.asm.obj              122     0         0      
       fd_tos_t2.asm.obj              110     0         0      
       copy_decompress_lzss.c.obj     104     0         0      
       s_frexp.c.obj                  100     0         0      
       sprintf.c.obj                  98      0         0      
       _ltoa.c.obj                    84      0         0      
       atoi.c.obj                     76      0         0      
       fd_toi_t2.asm.obj              72      0         0      
       autoinit.c.obj                 68      0         0      
       fs_tod_t2.asm.obj              56      0         0      
       boot_cortex_m.c.obj            52      0         0      
       i_tofd_t2.asm.obj              46      0         0      
       copy_zero_init.c.obj           28      0         0      
       memccpy.c.obj                  28      0         0      
       s_copysign.c.obj               26      0         0      
       strcmp.c.obj                   24      0         0      
       strchr.c.obj                   22      0         0      
       strcpy.c.obj                   20      0         0      
       strlen.c.obj                   20      0         0      
       wcslen.c.obj                   18      0         0      
       copy_decompress_none.c.obj     14      0         0      
       errno.c.obj                    8       0         4      
       _lock.c.obj                    2       0         8      
       exit.c.obj                     4       0         0      
       pre_init.c.obj                 4       0         0      
       div0.asm.obj                   2       0         0      
    +--+------------------------------+-------+---------+---------+
       Total:                         8769    257       20     
                                                               
       Heap:                          0       0         4096   
       Stack:                         0       0         4096   
       Linker Generated:              0       83        0      
    +--+------------------------------+-------+---------+---------+
       Grand Total:                   17833   983       9014   


LINKER GENERATED COPY TABLES

__TI_cinit_table @ 00004978 records: 3, size/record: 8, table size: 24
	.data: load addr=00004938, load size=0000001f bytes, run addr=200022fc, run size=00000041 bytes, compression=lzss
	.bss: load addr=00004968, load size=00000008 bytes, run addr=20002270, run size=00000089 bytes, compression=zero_init
	.vtable: load addr=00004970, load size=00000008 bytes, run addr=20000000, run size=0000026c bytes, compression=zero_init


LINKER GENERATED HANDLER TABLE

__TI_handler_table @ 00004958 records: 3, size/record: 4, table size: 12
	index: 0, handler: __TI_zero_init
	index: 1, handler: __TI_decompress_lzss
	index: 2, handler: __TI_decompress_none


GLOBAL SYMBOLS: SORTED ALPHABETICALLY BY Name 

address   name                          
-------   ----                          
000038b1  ADC0SS0_Handler               
0000481d  C$$EXIT                       
000047e5  CPUcpsie                      
00000bc3  GPIOF_Handler                 
000047b7  IntMasterEnable               
000045a9  IntRegister                   
000047f1  ResetISR                      
00002ccd  TIMER3B_Handler               
00002ef1  UART1_Handler                 
20001270  __STACK_END                   
00001000  __STACK_SIZE                  
20000470  __STACK_TOP                   
00001000  __SYSMEM_SIZE                 
00004978  __TI_CINIT_Base               
00004990  __TI_CINIT_Limit              
00004958  __TI_Handler_Table_Base       
00004964  __TI_Handler_Table_Limit      
00004435  __TI_auto_init_nobinit_nopinit
000041d9  __TI_decompress_lzss          
000047d7  __TI_decompress_none          
000042fb  __TI_ltoa                     
ffffffff  __TI_pprof_out_hndl           
00000e8d  __TI_printfi                  
ffffffff  __TI_prof_data_size           
ffffffff  __TI_prof_data_start          
00000000  __TI_static_base__            
00004699  __TI_zero_init_nomemset       
00003f05  __aeabi_cdcmpeq               
00003f05  __aeabi_cdcmple               
00003f8b  __aeabi_cdrcmple              
0000416b  __aeabi_d2f                   
000043ed  __aeabi_d2iz                  
0000317b  __aeabi_dadd                  
000035bd  __aeabi_ddiv                  
00003b41  __aeabi_dmul                  
00003171  __aeabi_dsub                  
00004809  __aeabi_errno_addr            
00004571  __aeabi_f2d                   
00004641  __aeabi_i2d                   
00003327  __aeabi_idiv0                 
00003327  __aeabi_ldiv0                 
00004011  __aeabi_memclr                
00004011  __aeabi_memclr4               
00004011  __aeabi_memclr8               
00003dd3  __aeabi_memcpy                
00003dd3  __aeabi_memcpy4               
00003dd3  __aeabi_memcpy8               
00004013  __aeabi_memset                
00004013  __aeabi_memset4               
00004013  __aeabi_memset8               
00003e6f  __aeabi_uldivmod              
ffffffff  __binit__                     
ffffffff  __c_args__                    
UNDEFED   __mpu_init                    
20000270  __stack                       
20000000  __start___llvm_prf_cnts       
20000000  __stop___llvm_prf_cnts        
000045dd  _c_int00_noargs               
00004820  _ctypes_                      
2000231c  _lock                         
000018db  _nop                          
2000233c  _running                      
20001270  _sys_memory                   
UNDEFED   _system_post_cinit            
00004819  _system_pre_init              
200022dc  _timeout_ticks                
20002320  _unlock                       
0000481d  abort                         
00003a41  aligned_alloc                 
000043a1  atoi                          
ffffffff  binit                         
00004539  calloc                        
2000232c  command_byte                  
20002330  command_flag                  
000046ed  copysign                      
000046ed  copysignl                     
0000280d  cyBOT_SERVO_cal               
0000279b  cyBOT_Scan                    
00002743  cyBOT_init_Scan               
20002334  cyBOT_scan_features           
00002735  cyBOT_scan_version            
20002338  errno                         
200022e0  fallingEdge                   
00003c3d  free                          
00004241  frexp                         
00004241  frexpl                        
20000000  g_pfnRAMVectors               
00000000  g_pfnVectors                  
0000097f  go_charge                     
000038c7  ir_enableInterrupt            
000038a9  ir_getDistance                
00003881  ir_getValue                   
00003819  ir_init                       
200022f8  isRisingEdge                  
200022e4  isr_int_value                 
000047c7  lcd_clear                     
00002071  lcd_gotoLine                  
00001ed9  lcd_init                      
000020d7  lcd_printf                    
00001f99  lcd_putc                      
00001fd1  lcd_puts                      
00001e9d  lcd_reverseNibble             
00001fef  lcd_sendCommand               
0000202d  lcd_sendNibble                
00002099  lcd_setCursorPos              
00003931  ldexp                         
00003931  ldexpl                        
200022e8  left_calibration_value        
000018dd  main                          
00004811  malloc                        
00003a41  memalign                      
000046d1  memccpy                       
00003dd3  memcpy                        
00004019  memset                        
200022fc  motor_cal_factor_L            
20002300  motor_cal_factor_R            
000022d1  move_backwards                
00002339  move_forward                  
0000026d  oi_alloc                      
00000aa9  oi_checkFirmware              
000002c7  oi_close                      
00000279  oi_free                       
00000ded  oi_getMotorCalibrationLeft    
00000e01  oi_getMotorCalibrationRight   
000002b1  oi_init                       
00000289  oi_init_noupdate              
00000915  oi_loadSong                   
00004737  oi_parseInt                   
0000032b  oi_parsePacket                
0000096b  oi_play_song                  
0000084b  oi_setLeds                    
00000db1  oi_setMotorCalibration        
0000088f  oi_setWheels                  
00000b51  oi_shutoff_init               
0000098d  oi_uartInit                   
00000a31  oi_uartReceive                
00000a77  oi_uartSendBuff               
00000a15  oi_uartSendChar               
00000a59  oi_uartSendStr                
000002d9  oi_update                     
00002d1f  ping_getDistance              
00002bdd  ping_init                     
00002c63  ping_trigger                  
200022ec  pulseLength                   
200022f0  right_calibration_value       
200022f4  risingEdge                    
00003931  scalbn                        
00003931  scalbnl                       
00003329  servo_init                    
000033b9  servo_move                    
00003419  servo_setPWM                  
000033ad  servo_stop                    
00004479  sprintf                       
00004767  strchr                        
0000474f  strcmp                        
0000477d  strcpy                        
00004791  strlen                        
00002ab3  timer_getMicros               
00002a5b  timer_getMillis               
00002995  timer_init                    
00002a37  timer_pause                   
00002a49  timer_resume                  
00002a0d  timer_stop                    
00002b0d  timer_waitMicros              
00002b3f  timer_waitMillis              
0000224b  turn_left                     
000021c5  turn_right                    
00002dc9  uart_interrupt_init           
00002ead  uart_receive                  
00002e91  uart_sendChar                 
00002ed3  uart_sendStr                  
000044b9  vsnprintf                     
000047a5  wcslen                        


GLOBAL SYMBOLS: SORTED BY Symbol Address 

address   name                          
-------   ----                          
00000000  __TI_static_base__            
00000000  g_pfnVectors                  
0000026d  oi_alloc                      
00000279  oi_free                       
00000289  oi_init_noupdate              
000002b1  oi_init                       
000002c7  oi_close                      
000002d9  oi_update                     
0000032b  oi_parsePacket                
0000084b  oi_setLeds                    
0000088f  oi_setWheels                  
00000915  oi_loadSong                   
0000096b  oi_play_song                  
0000097f  go_charge                     
0000098d  oi_uartInit                   
00000a15  oi_uartSendChar               
00000a31  oi_uartReceive                
00000a59  oi_uartSendStr                
00000a77  oi_uartSendBuff               
00000aa9  oi_checkFirmware              
00000b51  oi_shutoff_init               
00000bc3  GPIOF_Handler                 
00000db1  oi_setMotorCalibration        
00000ded  oi_getMotorCalibrationLeft    
00000e01  oi_getMotorCalibrationRight   
00000e8d  __TI_printfi                  
00001000  __STACK_SIZE                  
00001000  __SYSMEM_SIZE                 
000018db  _nop                          
000018dd  main                          
00001e9d  lcd_reverseNibble             
00001ed9  lcd_init                      
00001f99  lcd_putc                      
00001fd1  lcd_puts                      
00001fef  lcd_sendCommand               
0000202d  lcd_sendNibble                
00002071  lcd_gotoLine                  
00002099  lcd_setCursorPos              
000020d7  lcd_printf                    
000021c5  turn_right                    
0000224b  turn_left                     
000022d1  move_backwards                
00002339  move_forward                  
00002735  cyBOT_scan_version            
00002743  cyBOT_init_Scan               
0000279b  cyBOT_Scan                    
0000280d  cyBOT_SERVO_cal               
00002995  timer_init                    
00002a0d  timer_stop                    
00002a37  timer_pause                   
00002a49  timer_resume                  
00002a5b  timer_getMillis               
00002ab3  timer_getMicros               
00002b0d  timer_waitMicros              
00002b3f  timer_waitMillis              
00002bdd  ping_init                     
00002c63  ping_trigger                  
00002ccd  TIMER3B_Handler               
00002d1f  ping_getDistance              
00002dc9  uart_interrupt_init           
00002e91  uart_sendChar                 
00002ead  uart_receive                  
00002ed3  uart_sendStr                  
00002ef1  UART1_Handler                 
00003171  __aeabi_dsub                  
0000317b  __aeabi_dadd                  
00003327  __aeabi_idiv0                 
00003327  __aeabi_ldiv0                 
00003329  servo_init                    
000033ad  servo_stop                    
000033b9  servo_move                    
00003419  servo_setPWM                  
000035bd  __aeabi_ddiv                  
00003819  ir_init                       
00003881  ir_getValue                   
000038a9  ir_getDistance                
000038b1  ADC0SS0_Handler               
000038c7  ir_enableInterrupt            
00003931  ldexp                         
00003931  ldexpl                        
00003931  scalbn                        
00003931  scalbnl                       
00003a41  aligned_alloc                 
00003a41  memalign                      
00003b41  __aeabi_dmul                  
00003c3d  free                          
00003dd3  __aeabi_memcpy                
00003dd3  __aeabi_memcpy4               
00003dd3  __aeabi_memcpy8               
00003dd3  memcpy                        
00003e6f  __aeabi_uldivmod              
00003f05  __aeabi_cdcmpeq               
00003f05  __aeabi_cdcmple               
00003f8b  __aeabi_cdrcmple              
00004011  __aeabi_memclr                
00004011  __aeabi_memclr4               
00004011  __aeabi_memclr8               
00004013  __aeabi_memset                
00004013  __aeabi_memset4               
00004013  __aeabi_memset8               
00004019  memset                        
0000416b  __aeabi_d2f                   
000041d9  __TI_decompress_lzss          
00004241  frexp                         
00004241  frexpl                        
000042fb  __TI_ltoa                     
000043a1  atoi                          
000043ed  __aeabi_d2iz                  
00004435  __TI_auto_init_nobinit_nopinit
00004479  sprintf                       
000044b9  vsnprintf                     
00004539  calloc                        
00004571  __aeabi_f2d                   
000045a9  IntRegister                   
000045dd  _c_int00_noargs               
00004641  __aeabi_i2d                   
00004699  __TI_zero_init_nomemset       
000046d1  memccpy                       
000046ed  copysign                      
000046ed  copysignl                     
00004737  oi_parseInt                   
0000474f  strcmp                        
00004767  strchr                        
0000477d  strcpy                        
00004791  strlen                        
000047a5  wcslen                        
000047b7  IntMasterEnable               
000047c7  lcd_clear                     
000047d7  __TI_decompress_none          
000047e5  CPUcpsie                      
000047f1  ResetISR                      
00004809  __aeabi_errno_addr            
00004811  malloc                        
00004819  _system_pre_init              
0000481d  C$$EXIT                       
0000481d  abort                         
00004820  _ctypes_                      
00004958  __TI_Handler_Table_Base       
00004964  __TI_Handler_Table_Limit      
00004978  __TI_CINIT_Base               
00004990  __TI_CINIT_Limit              
20000000  __start___llvm_prf_cnts       
20000000  __stop___llvm_prf_cnts        
20000000  g_pfnRAMVectors               
20000270  __stack                       
20000470  __STACK_TOP                   
20001270  __STACK_END                   
20001270  _sys_memory                   
200022dc  _timeout_ticks                
200022e0  fallingEdge                   
200022e4  isr_int_value                 
200022e8  left_calibration_value        
200022ec  pulseLength                   
200022f0  right_calibration_value       
200022f4  risingEdge                    
200022f8  isRisingEdge                  
200022fc  motor_cal_factor_L            
20002300  motor_cal_factor_R            
2000231c  _lock                         
20002320  _unlock                       
2000232c  command_byte                  
20002330  command_flag                  
20002334  cyBOT_scan_features           
20002338  errno                         
2000233c  _running                      
ffffffff  __TI_pprof_out_hndl           
ffffffff  __TI_prof_data_size           
ffffffff  __TI_prof_data_start          
ffffffff  __binit__                     
ffffffff  __c_args__                    
ffffffff  binit                         
UNDEFED   __mpu_init                    
UNDEFED   _system_post_cinit            

[173 symbols]
